[2026-07-16T04:15:13Z] command=<package-root>/work/s3_native/envs/surveygen/bin/python <package-root>/code/experiments/exp5_native_comparison/surveygen_native_driver.py --source-dir <package-root>/work/s3_native/baselines/surveygen --output-dir <package-root>/results/s3_native/s3_native_confirmatory_20260716/systems/surveygen/fast_text_to_image_diffusion/raw --topic Text-to-Image Diffusion Models --publication-cutoff 2023-12-31 --max-references 60 --max-candidates 120 --target-words 4000 --model s3-common-backbone --api-base-url http://127.0.0.1:18080/v1 --bge-model <package-root>/work/s3_native/assets/surveygen/models/bge-large-en

📘 Processing article 1 of 1...
🔍 Searching: Text-to-Image Diffusion Models | Offset: 0 | Year ≤ 2023
⏳ Hit rate limit (429). Waiting before retrying...
🔍 Searching: Text-to-Image Diffusion Models | Offset: 0 | Year ≤ 2023
⏳ Hit rate limit (429). Waiting before retrying...
🔍 Searching: Text-to-Image Diffusion Models | Offset: 0 | Year ≤ 2023
⏳ Hit rate limit (429). Waiting before retrying...
🔍 Searching: Text-to-Image Diffusion Models | Offset: 0 | Year ≤ 2023
⏳ Hit rate limit (429). Waiting before retrying...
🔍 Searching: Text-to-Image Diffusion Models | Offset: 0 | Year ≤ 2023
⏳ Hit rate limit (429). Waiting before retrying...
🔍 Searching: Text-to-Image Diffusion Models | Offset: 0 | Year ≤ 2023
⏳ Hit rate limit (429). Waiting before retrying...
🔍 Searching: Text-to-Image Diffusion Models | Offset: 0 | Year ≤ 2023
⏳ Hit rate limit (429). Waiting before retrying...
🔍 Searching: Text-to-Image Diffusion Models | Offset: 0 | Year ≤ 2023
⏳ Hit rate limit (429). Waiting before retrying...
🔍 Searching: Text-to-Image Diffusion Models | Offset: 0 | Year ≤ 2023
⏳ Hit rate limit (429). Waiting before retrying...
🔍 Searching: Text-to-Image Diffusion Models | Offset: 0 | Year ≤ 2023
⏳ Hit rate limit (429). Waiting before retrying...
🔍 Searching: Text-to-Image Diffusion Models | Offset: 0 | Year ≤ 2023
⏳ Hit rate limit (429). Waiting before retrying...
🔍 Searching: Text-to-Image Diffusion Models | Offset: 0 | Year ≤ 2023
⏳ Hit rate limit (429). Waiting before retrying...
🔍 Searching: Text-to-Image Diffusion Models | Offset: 0 | Year ≤ 2023
⏳ Hit rate limit (429). Waiting before retrying...
🔍 Searching: Text-to-Image Diffusion Models | Offset: 0 | Year ≤ 2023
⏳ Hit rate limit (429). Waiting before retrying...
🔍 Searching: Text-to-Image Diffusion Models | Offset: 0 | Year ≤ 2023
⏳ Hit rate limit (429). Waiting before retrying...
🔍 Searching: Text-to-Image Diffusion Models | Offset: 0 | Year ≤ 2023
⏳ Hit rate limit (429). Waiting before retrying...
🔍 Searching: Text-to-Image Diffusion Models | Offset: 0 | Year ≤ 2023
⏳ Hit rate limit (429). Waiting before retrying...
🔍 Searching: Text-to-Image Diffusion Models | Offset: 0 | Year ≤ 2023
⏳ Hit rate limit (429). Waiting before retrying...
🔍 Searching: Text-to-Image Diffusion Models | Offset: 0 | Year ≤ 2023
⏳ Hit rate limit (429). Waiting before retrying...
🔍 Searching: Text-to-Image Diffusion Models | Offset: 0 | Year ≤ 2023
⏳ Hit rate limit (429). Waiting before retrying...
🔍 Searching: Text-to-Image Diffusion Models | Offset: 0 | Year ≤ 2023
⏳ Hit rate limit (429). Waiting before retrying...
🔍 Searching: Text-to-Image Diffusion Models | Offset: 0 | Year ≤ 2023
⏳ Hit rate limit (429). Waiting before retrying...
🔍 Searching: Text-to-Image Diffusion Models | Offset: 0 | Year ≤ 2023
⏳ Hit rate limit (429). Waiting before retrying...
🔍 Searching: Text-to-Image Diffusion Models | Offset: 0 | Year ≤ 2023
⏳ Hit rate limit (429). Waiting before retrying...
🔍 Searching: Text-to-Image Diffusion Models | Offset: 0 | Year ≤ 2023
⏳ Hit rate limit (429). Waiting before retrying...
🔍 Searching: Text-to-Image Diffusion Models | Offset: 0 | Year ≤ 2023
⏳ Hit rate limit (429). Waiting before retrying...
🔍 Searching: Text-to-Image Diffusion Models | Offset: 0 | Year ≤ 2023
⏳ Hit rate limit (429). Waiting before retrying...
🔍 Searching: Text-to-Image Diffusion Models | Offset: 0 | Year ≤ 2023
⏳ Hit rate limit (429). Waiting before retrying...
🔍 Searching: Text-to-Image Diffusion Models | Offset: 0 | Year ≤ 2023
⏳ Hit rate limit (429). Waiting before retrying...
🔍 Searching: Text-to-Image Diffusion Models | Offset: 0 | Year ≤ 2023
⏳ Hit rate limit (429). Waiting before retrying...
🔍 Searching: Text-to-Image Diffusion Models | Offset: 0 | Year ≤ 2023
⏳ Hit rate limit (429). Waiting before retrying...
🔍 Searching: Text-to-Image Diffusion Models | Offset: 0 | Year ≤ 2023
⏳ Hit rate limit (429). Waiting before retrying...
🔍 Searching: Text-to-Image Diffusion Models | Offset: 0 | Year ≤ 2023
⏳ Hit rate limit (429). Waiting before retrying...
🔍 Searching: Text-to-Image Diffusion Models | Offset: 0 | Year ≤ 2023
⏳ Hit rate limit (429). Waiting before retrying...
🔍 Searching: Text-to-Image Diffusion Models | Offset: 0 | Year ≤ 2023
⏳ Hit rate limit (429). Waiting before retrying...
🔍 Searching: Text-to-Image Diffusion Models | Offset: 0 | Year ≤ 2023
⏳ Hit rate limit (429). Waiting before retrying...
🔍 Searching: Text-to-Image Diffusion Models | Offset: 0 | Year ≤ 2023
⏳ Hit rate limit (429). Waiting before retrying...
🔍 Searching: Text-to-Image Diffusion Models | Offset: 0 | Year ≤ 2023
⏳ Hit rate limit (429). Waiting before retrying...
🔍 Searching: Text-to-Image Diffusion Models | Offset: 0 | Year ≤ 2023
⏳ Hit rate limit (429). Waiting before retrying...
🔍 Searching: Text-to-Image Diffusion Models | Offset: 0 | Year ≤ 2023
⏳ Hit rate limit (429). Waiting before retrying...
🔍 Searching: Text-to-Image Diffusion Models | Offset: 0 | Year ≤ 2023
⏳ Hit rate limit (429). Waiting before retrying...
🔍 Searching: Text-to-Image Diffusion Models | Offset: 0 | Year ≤ 2023
⏳ Hit rate limit (429). Waiting before retrying...
🔍 Searching: Text-to-Image Diffusion Models | Offset: 0 | Year ≤ 2023
⏳ Hit rate limit (429). Waiting before retrying...
🔍 Searching: Text-to-Image Diffusion Models | Offset: 0 | Year ≤ 2023
⏳ Hit rate limit (429). Waiting before retrying...
🔍 Searching: Text-to-Image Diffusion Models | Offset: 0 | Year ≤ 2023
⏳ Hit rate limit (429). Waiting before retrying...
🔍 Searching: Text-to-Image Diffusion Models | Offset: 0 | Year ≤ 2023
✅ Added 86 valid papers (total: 86)
🔍 Searching: Text-to-Image Diffusion Models | Offset: 100 | Year ≤ 2023
⏳ Hit rate limit (429). Waiting before retrying...
🔍 Searching: Text-to-Image Diffusion Models | Offset: 100 | Year ≤ 2023
⏳ Hit rate limit (429). Waiting before retrying...
🔍 Searching: Text-to-Image Diffusion Models | Offset: 100 | Year ≤ 2023
⏳ Hit rate limit (429). Waiting before retrying...
🔍 Searching: Text-to-Image Diffusion Models | Offset: 100 | Year ≤ 2023
⏳ Hit rate limit (429). Waiting before retrying...
🔍 Searching: Text-to-Image Diffusion Models | Offset: 100 | Year ≤ 2023
⏳ Hit rate limit (429). Waiting before retrying...
🔍 Searching: Text-to-Image Diffusion Models | Offset: 100 | Year ≤ 2023
⏳ Hit rate limit (429). Waiting before retrying...
🔍 Searching: Text-to-Image Diffusion Models | Offset: 100 | Year ≤ 2023
⏳ Hit rate limit (429). Waiting before retrying...
🔍 Searching: Text-to-Image Diffusion Models | Offset: 100 | Year ≤ 2023
⏳ Hit rate limit (429). Waiting before retrying...
🔍 Searching: Text-to-Image Diffusion Models | Offset: 100 | Year ≤ 2023
⏳ Hit rate limit (429). Waiting before retrying...
🔍 Searching: Text-to-Image Diffusion Models | Offset: 100 | Year ≤ 2023
⏳ Hit rate limit (429). Waiting before retrying...
🔍 Searching: Text-to-Image Diffusion Models | Offset: 100 | Year ≤ 2023
⏳ Hit rate limit (429). Waiting before retrying...
🔍 Searching: Text-to-Image Diffusion Models | Offset: 100 | Year ≤ 2023
⏳ Hit rate limit (429). Waiting before retrying...
🔍 Searching: Text-to-Image Diffusion Models | Offset: 100 | Year ≤ 2023
⏳ Hit rate limit (429). Waiting before retrying...
🔍 Searching: Text-to-Image Diffusion Models | Offset: 100 | Year ≤ 2023
⏳ Hit rate limit (429). Waiting before retrying...
🔍 Searching: Text-to-Image Diffusion Models | Offset: 100 | Year ≤ 2023
⏳ Hit rate limit (429). Waiting before retrying...
🔍 Searching: Text-to-Image Diffusion Models | Offset: 100 | Year ≤ 2023
⏳ Hit rate limit (429). Waiting before retrying...
🔍 Searching: Text-to-Image Diffusion Models | Offset: 100 | Year ≤ 2023
⏳ Hit rate limit (429). Waiting before retrying...
🔍 Searching: Text-to-Image Diffusion Models | Offset: 100 | Year ≤ 2023
⏳ Hit rate limit (429). Waiting before retrying...
🔍 Searching: Text-to-Image Diffusion Models | Offset: 100 | Year ≤ 2023
⏳ Hit rate limit (429). Waiting before retrying...
🔍 Searching: Text-to-Image Diffusion Models | Offset: 100 | Year ≤ 2023
⏳ Hit rate limit (429). Waiting before retrying...
🔍 Searching: Text-to-Image Diffusion Models | Offset: 100 | Year ≤ 2023
⏳ Hit rate limit (429). Waiting before retrying...
🔍 Searching: Text-to-Image Diffusion Models | Offset: 100 | Year ≤ 2023
⏳ Hit rate limit (429). Waiting before retrying...
🔍 Searching: Text-to-Image Diffusion Models | Offset: 100 | Year ≤ 2023
⏳ Hit rate limit (429). Waiting before retrying...
🔍 Searching: Text-to-Image Diffusion Models | Offset: 100 | Year ≤ 2023
⏳ Hit rate limit (429). Waiting before retrying...
🔍 Searching: Text-to-Image Diffusion Models | Offset: 100 | Year ≤ 2023
⏳ Hit rate limit (429). Waiting before retrying...
🔍 Searching: Text-to-Image Diffusion Models | Offset: 100 | Year ≤ 2023
⏳ Hit rate limit (429). Waiting before retrying...
🔍 Searching: Text-to-Image Diffusion Models | Offset: 100 | Year ≤ 2023
⏳ Hit rate limit (429). Waiting before retrying...
🔍 Searching: Text-to-Image Diffusion Models | Offset: 100 | Year ≤ 2023
⏳ Hit rate limit (429). Waiting before retrying...
🔍 Searching: Text-to-Image Diffusion Models | Offset: 100 | Year ≤ 2023
⏳ Hit rate limit (429). Waiting before retrying...
🔍 Searching: Text-to-Image Diffusion Models | Offset: 100 | Year ≤ 2023
✅ Added 34 valid papers (total: 120)
📁 Saved to: <package-root>/results/s3_native/s3_native_confirmatory_20260716/systems/surveygen/fast_text_to_image_diffusion/raw/Text-to-Image Diffusion Models.json

✅ All done. Results saved in '<package-root>/results/s3_native/s3_native_confirmatory_20260716/systems/surveygen/fast_text_to_image_diffusion/raw' folder.
Processed 10 papers
Processed 20 papers
Processed 30 papers
Processed 40 papers
Processed 50 papers
Processed 60 papers
Processed 70 papers
Processed 80 papers
Processed 90 papers
Processed 100 papers
Processed 110 papers
Processed 120 papers
https://api.openalex.org/authors?filter=ids.openalex:https://openalex.org/A5100335524|https://openalex.org/A5100401386|https://openalex.org/A5110024804|https://openalex.org/A5101647288|https://openalex.org/A5044361651|https://openalex.org/A5052523460|https://openalex.org/A5100412937|https://openalex.org/A5020153026|https://openalex.org/A5030605497|https://openalex.org/A5001325170
https://api.openalex.org/authors?filter=ids.openalex:https://openalex.org/A5009974234|https://openalex.org/A5100376972|https://openalex.org/A5008450480|https://openalex.org/A5100405681|https://openalex.org/A5034954588|https://openalex.org/A5043812968|https://openalex.org/A5018725267|https://openalex.org/A5024386413|https://openalex.org/A5103982600|https://openalex.org/A5036834266
https://api.openalex.org/authors?filter=ids.openalex:https://openalex.org/A5081028371|https://openalex.org/A5029106873|https://openalex.org/A5061492578|https://openalex.org/A5101666011|https://openalex.org/A5104259508|https://openalex.org/A5014054034|https://openalex.org/A5010084955|https://openalex.org/A5082617813|https://openalex.org/A5031489667|https://openalex.org/A5100460385
https://api.openalex.org/authors?filter=ids.openalex:https://openalex.org/A5010210809|https://openalex.org/A5101712476|https://openalex.org/A5022318529|https://openalex.org/A5075122736|https://openalex.org/A5112692497|https://openalex.org/A5029548157|https://openalex.org/A5111490184|https://openalex.org/A5076606321|https://openalex.org/A5010773732|https://openalex.org/A5076541595
https://api.openalex.org/authors?filter=ids.openalex:https://openalex.org/A5101797193|https://openalex.org/A5065150576|https://openalex.org/A5100859829|https://openalex.org/A5052284218|https://openalex.org/A5100702485|https://openalex.org/A5023189335|https://openalex.org/A5030240595|https://openalex.org/A5040312210|https://openalex.org/A5003972134|https://openalex.org/A5044205212
https://api.openalex.org/authors?filter=ids.openalex:https://openalex.org/A5017857966|https://openalex.org/A5102883508|https://openalex.org/A5100386394|https://openalex.org/A5047656074|https://openalex.org/A5037636074|https://openalex.org/A5103196797|https://openalex.org/A5012379473|https://openalex.org/A5100386792|https://openalex.org/A5101738040|https://openalex.org/A5014044649
https://api.openalex.org/authors?filter=ids.openalex:https://openalex.org/A5083849742|https://openalex.org/A5100341885|https://openalex.org/A5009404792|https://openalex.org/A5006735140|https://openalex.org/A5000827309|https://openalex.org/A5072608526|https://openalex.org/A5102004349|https://openalex.org/A5064602017|https://openalex.org/A5100652798|https://openalex.org/A5020877356
https://api.openalex.org/authors?filter=ids.openalex:https://openalex.org/A5016415049|https://openalex.org/A5112248869|https://openalex.org/A5034339267|https://openalex.org/A5114232525|https://openalex.org/A5059791084|https://openalex.org/A5008661738|https://openalex.org/A5084829008|https://openalex.org/A5068937750|https://openalex.org/A5110370692|https://openalex.org/A5100318047
https://api.openalex.org/authors?filter=ids.openalex:https://openalex.org/A5100750027|https://openalex.org/A5033571780|https://openalex.org/A5100373451|https://openalex.org/A5101925114|https://openalex.org/A5102853319|https://openalex.org/A5100732450|https://openalex.org/A5091610843|https://openalex.org/A5102027520|https://openalex.org/A5020794872|https://openalex.org/A5034624628
https://api.openalex.org/authors?filter=ids.openalex:https://openalex.org/A5049244308|https://openalex.org/A5044005697|https://openalex.org/A5069431630|https://openalex.org/A5070975297|https://openalex.org/A5100339293|https://openalex.org/A5100707595|https://openalex.org/A5068290472|https://openalex.org/A5018555559|https://openalex.org/A5057080001|https://openalex.org/A5002072267
https://api.openalex.org/authors?filter=ids.openalex:https://openalex.org/A5021623206|https://openalex.org/A5038549076|https://openalex.org/A5082046914|https://openalex.org/A5035743223|https://openalex.org/A5074894656|https://openalex.org/A5004918186|https://openalex.org/A5074834854|https://openalex.org/A5022110710|https://openalex.org/A5110991006|https://openalex.org/A5035995921
https://api.openalex.org/authors?filter=ids.openalex:https://openalex.org/A5112395293|https://openalex.org/A5051184573|https://openalex.org/A5037794108|https://openalex.org/A5100403754|https://openalex.org/A5045372981|https://openalex.org/A5002278578|https://openalex.org/A5104134050|https://openalex.org/A5045835385|https://openalex.org/A5065858250|https://openalex.org/A5012644755
https://api.openalex.org/authors?filter=ids.openalex:https://openalex.org/A5100366476|https://openalex.org/A5079385579|https://openalex.org/A5024864770|https://openalex.org/A5025148955|https://openalex.org/A5103922497|https://openalex.org/A5092005374|https://openalex.org/A5083056790|https://openalex.org/A5087901252|https://openalex.org/A5086584025|https://openalex.org/A5100326322
https://api.openalex.org/authors?filter=ids.openalex:https://openalex.org/A5102623510|https://openalex.org/A5100638703|https://openalex.org/A5103947107|https://openalex.org/A5008561615|https://openalex.org/A5029105520|https://openalex.org/A5040646497|https://openalex.org/A5016603628|https://openalex.org/A5060902476|https://openalex.org/A5114207477|https://openalex.org/A5059743923
https://api.openalex.org/authors?filter=ids.openalex:https://openalex.org/A5022455158|https://openalex.org/A5017373229|https://openalex.org/A5100396346|https://openalex.org/A5033106393|https://openalex.org/A5071949448|https://openalex.org/A5084897975|https://openalex.org/A5112985399|https://openalex.org/A5101972030|https://openalex.org/A5085089542|https://openalex.org/A5006294869
https://api.openalex.org/authors?filter=ids.openalex:https://openalex.org/A5108248360|https://openalex.org/A5045719865|https://openalex.org/A5065675832|https://openalex.org/A5009784370|https://openalex.org/A5010227490|https://openalex.org/A5062711588|https://openalex.org/A5006954388|https://openalex.org/A5011402606|https://openalex.org/A5036688260|https://openalex.org/A5111953201
https://api.openalex.org/authors?filter=ids.openalex:https://openalex.org/A5101957868|https://openalex.org/A5026664609|https://openalex.org/A5071819311|https://openalex.org/A5025572029|https://openalex.org/A5103041770|https://openalex.org/A5100680418
❌ Journal error: 429
Top 50 most co-occurring references: 50
❌ co-cited error: 429
❌ co-cited error: 429
❌ co-cited error: 429
❌ co-cited error: 429
❌ co-cited error: 429
Processing completed! Processed 120 papers + 0 co-cited papers, results saved to <package-root>/results/s3_native/s3_native_confirmatory_20260716/systems/surveygen/fast_text_to_image_diffusion/raw/final_ref_set.json
loading BGE-Large ...
Starting GPT relevance scoring (only for 120 papers with abstracts)...
[1/120] Response on attempt 1 -> '5', parsed=5
[1/120] Score=5 | Attempts=1 | This round:5.0s | Avg:5.0s/paper | Est. remaining:9.8min
[2/120] Response on attempt 1 -> '5', parsed=5
[2/120] Score=5 | Attempts=1 | This round:4.5s | Avg:4.7s/paper | Est. remaining:9.3min
[3/120] Response on attempt 1 -> '5', parsed=5
[3/120] Score=5 | Attempts=1 | This round:4.2s | Avg:4.6s/paper | Est. remaining:8.9min
[4/120] Response on attempt 1 -> '5', parsed=5
[4/120] Score=5 | Attempts=1 | This round:6.7s | Avg:5.1s/paper | Est. remaining:9.9min
[5/120] Response on attempt 1 -> '4', parsed=4
[5/120] Score=4 | Attempts=1 | This round:4.3s | Avg:4.9s/paper | Est. remaining:9.5min
[6/120] Response on attempt 1 -> '5', parsed=5
[6/120] Score=5 | Attempts=1 | This round:5.0s | Avg:5.0s/paper | Est. remaining:9.4min
[7/120] Response on attempt 1 -> '5', parsed=5
[7/120] Score=5 | Attempts=1 | This round:3.8s | Avg:4.8s/paper | Est. remaining:9.0min
[8/120] Response on attempt 1 -> '4', parsed=4
[8/120] Score=4 | Attempts=1 | This round:4.8s | Avg:4.8s/paper | Est. remaining:8.9min
[9/120] Response on attempt 1 -> '5', parsed=5
[9/120] Score=5 | Attempts=1 | This round:4.5s | Avg:4.8s/paper | Est. remaining:8.8min
[10/120] Response on attempt 1 -> '5', parsed=5
[10/120] Score=5 | Attempts=1 | This round:4.4s | Avg:4.7s/paper | Est. remaining:8.7min
[11/120] Response on attempt 1 -> '3', parsed=3
[11/120] Score=3 | Attempts=1 | This round:4.3s | Avg:4.7s/paper | Est. remaining:8.5min
[12/120] Response on attempt 1 -> '5', parsed=5
[12/120] Score=5 | Attempts=1 | This round:4.3s | Avg:4.7s/paper | Est. remaining:8.4min
[13/120] Response on attempt 1 -> '5', parsed=5
[13/120] Score=5 | Attempts=1 | This round:4.2s | Avg:4.6s/paper | Est. remaining:8.2min
[14/120] Response on attempt 1 -> '4', parsed=4
[14/120] Score=4 | Attempts=1 | This round:4.1s | Avg:4.6s/paper | Est. remaining:8.1min
[15/120] Response on attempt 1 -> '5', parsed=5
[15/120] Score=5 | Attempts=1 | This round:4.2s | Avg:4.6s/paper | Est. remaining:8.0min
[16/120] Response on attempt 1 -> '5', parsed=5
[16/120] Score=5 | Attempts=1 | This round:5.3s | Avg:4.6s/paper | Est. remaining:8.0min
[17/120] Response on attempt 1 -> '4', parsed=4
[17/120] Score=4 | Attempts=1 | This round:4.6s | Avg:4.6s/paper | Est. remaining:7.9min
[18/120] Response on attempt 1 -> '5', parsed=5
[18/120] Score=5 | Attempts=1 | This round:5.0s | Avg:4.6s/paper | Est. remaining:7.9min
[19/120] Response on attempt 1 -> '4', parsed=4
[19/120] Score=4 | Attempts=1 | This round:4.2s | Avg:4.6s/paper | Est. remaining:7.7min
[20/120] Response on attempt 1 -> '5', parsed=5
[20/120] Score=5 | Attempts=1 | This round:4.5s | Avg:4.6s/paper | Est. remaining:7.7min
[21/120] Response on attempt 1 -> '4', parsed=4
[21/120] Score=4 | Attempts=1 | This round:4.6s | Avg:4.6s/paper | Est. remaining:7.6min
[22/120] Response on attempt 1 -> '5', parsed=5
[22/120] Score=5 | Attempts=1 | This round:6.0s | Avg:4.7s/paper | Est. remaining:7.6min
[23/120] Response on attempt 1 -> '3', parsed=3
[23/120] Score=3 | Attempts=1 | This round:5.1s | Avg:4.7s/paper | Est. remaining:7.6min
[24/120] Response on attempt 1 -> '5', parsed=5
[24/120] Score=5 | Attempts=1 | This round:4.6s | Avg:4.7s/paper | Est. remaining:7.5min
[25/120] Response on attempt 1 -> '4', parsed=4
[25/120] Score=4 | Attempts=1 | This round:4.3s | Avg:4.7s/paper | Est. remaining:7.4min
[26/120] Response on attempt 1 -> '5', parsed=5
[26/120] Score=5 | Attempts=1 | This round:4.9s | Avg:4.7s/paper | Est. remaining:7.3min
[27/120] Response on attempt 1 -> '3', parsed=3
[27/120] Score=3 | Attempts=1 | This round:4.6s | Avg:4.7s/paper | Est. remaining:7.2min
[28/120] Response on attempt 1 -> '5', parsed=5
[28/120] Score=5 | Attempts=1 | This round:4.9s | Avg:4.7s/paper | Est. remaining:7.2min
[29/120] Response on attempt 1 -> '5', parsed=5
[29/120] Score=5 | Attempts=1 | This round:5.1s | Avg:4.7s/paper | Est. remaining:7.1min
[30/120] Response on attempt 1 -> '4', parsed=4
[30/120] Score=4 | Attempts=1 | This round:4.8s | Avg:4.7s/paper | Est. remaining:7.0min
[31/120] Response on attempt 1 -> '5', parsed=5
[31/120] Score=5 | Attempts=1 | This round:4.2s | Avg:4.7s/paper | Est. remaining:6.9min
[32/120] Response on attempt 1 -> '5', parsed=5
[32/120] Score=5 | Attempts=1 | This round:4.5s | Avg:4.7s/paper | Est. remaining:6.9min
[33/120] Response on attempt 1 -> '4', parsed=4
[33/120] Score=4 | Attempts=1 | This round:5.8s | Avg:4.7s/paper | Est. remaining:6.8min
[34/120] Response on attempt 1 -> '5', parsed=5
[34/120] Score=5 | Attempts=1 | This round:4.3s | Avg:4.7s/paper | Est. remaining:6.7min
[35/120] Response on attempt 1 -> '4', parsed=4
[35/120] Score=4 | Attempts=1 | This round:4.2s | Avg:4.7s/paper | Est. remaining:6.6min
[36/120] Response on attempt 1 -> '4', parsed=4
[36/120] Score=4 | Attempts=1 | This round:4.2s | Avg:4.7s/paper | Est. remaining:6.5min
[37/120] Response on attempt 1 -> '4', parsed=4
[37/120] Score=4 | Attempts=1 | This round:4.2s | Avg:4.7s/paper | Est. remaining:6.4min
[38/120] Response on attempt 1 -> '4', parsed=4
[38/120] Score=4 | Attempts=1 | This round:4.5s | Avg:4.7s/paper | Est. remaining:6.4min
[39/120] Response on attempt 1 -> '5', parsed=5
[39/120] Score=5 | Attempts=1 | This round:4.4s | Avg:4.6s/paper | Est. remaining:6.3min
[40/120] Response on attempt 1 -> '5', parsed=5
[40/120] Score=5 | Attempts=1 | This round:4.5s | Avg:4.6s/paper | Est. remaining:6.2min
[41/120] Response on attempt 1 -> '3', parsed=3
[41/120] Score=3 | Attempts=1 | This round:5.8s | Avg:4.7s/paper | Est. remaining:6.2min
[42/120] Response on attempt 1 -> '4', parsed=4
[42/120] Score=4 | Attempts=1 | This round:4.0s | Avg:4.7s/paper | Est. remaining:6.1min
[43/120] Response on attempt 1 -> '4', parsed=4
[43/120] Score=4 | Attempts=1 | This round:3.8s | Avg:4.6s/paper | Est. remaining:6.0min
[44/120] Response on attempt 1 -> '4', parsed=4
[44/120] Score=4 | Attempts=1 | This round:4.6s | Avg:4.6s/paper | Est. remaining:5.9min
[45/120] Response on attempt 1 -> '4', parsed=4
[45/120] Score=4 | Attempts=1 | This round:4.2s | Avg:4.6s/paper | Est. remaining:5.8min
[46/120] Response on attempt 1 -> '4', parsed=4
[46/120] Score=4 | Attempts=1 | This round:3.9s | Avg:4.6s/paper | Est. remaining:5.7min
[47/120] Response on attempt 1 -> '3', parsed=3
[47/120] Score=3 | Attempts=1 | This round:4.4s | Avg:4.6s/paper | Est. remaining:5.6min
[48/120] Response on attempt 1 -> '4', parsed=4
[48/120] Score=4 | Attempts=1 | This round:4.3s | Avg:4.6s/paper | Est. remaining:5.5min
[49/120] Response on attempt 1 -> '4', parsed=4
[49/120] Score=4 | Attempts=1 | This round:4.1s | Avg:4.6s/paper | Est. remaining:5.4min
[50/120] Response on attempt 1 -> '4', parsed=4
[50/120] Score=4 | Attempts=1 | This round:4.5s | Avg:4.6s/paper | Est. remaining:5.4min
[51/120] Response on attempt 1 -> '4', parsed=4
[51/120] Score=4 | Attempts=1 | This round:4.6s | Avg:4.6s/paper | Est. remaining:5.3min
[52/120] Response on attempt 1 -> '4', parsed=4
[52/120] Score=4 | Attempts=1 | This round:4.5s | Avg:4.6s/paper | Est. remaining:5.2min
[53/120] Response on attempt 1 -> '4', parsed=4
[53/120] Score=4 | Attempts=1 | This round:4.1s | Avg:4.6s/paper | Est. remaining:5.1min
[54/120] Response on attempt 1 -> '4', parsed=4
[54/120] Score=4 | Attempts=1 | This round:8.6s | Avg:4.7s/paper | Est. remaining:5.1min
[55/120] Response on attempt 1 -> '4', parsed=4
[55/120] Score=4 | Attempts=1 | This round:5.3s | Avg:4.7s/paper | Est. remaining:5.1min
[56/120] Response on attempt 1 -> '4', parsed=4
[56/120] Score=4 | Attempts=1 | This round:3.9s | Avg:4.6s/paper | Est. remaining:5.0min
[57/120] Response on attempt 1 -> '4', parsed=4
[57/120] Score=4 | Attempts=1 | This round:4.5s | Avg:4.6s/paper | Est. remaining:4.9min
[58/120] Response on attempt 1 -> '4', parsed=4
[58/120] Score=4 | Attempts=1 | This round:3.8s | Avg:4.6s/paper | Est. remaining:4.8min
[59/120] Response on attempt 1 -> '5', parsed=5
[59/120] Score=5 | Attempts=1 | This round:5.0s | Avg:4.6s/paper | Est. remaining:4.7min
[60/120] Response on attempt 1 -> '5', parsed=5
[60/120] Score=5 | Attempts=1 | This round:4.1s | Avg:4.6s/paper | Est. remaining:4.6min
[61/120] Response on attempt 1 -> '4', parsed=4
[61/120] Score=4 | Attempts=1 | This round:4.2s | Avg:4.6s/paper | Est. remaining:4.5min
[62/120] Response on attempt 1 -> '5', parsed=5
[62/120] Score=5 | Attempts=1 | This round:4.1s | Avg:4.6s/paper | Est. remaining:4.5min
[63/120] Response on attempt 1 -> '3', parsed=3
[63/120] Score=3 | Attempts=1 | This round:5.0s | Avg:4.6s/paper | Est. remaining:4.4min
[64/120] Response on attempt 1 -> '5', parsed=5
[64/120] Score=5 | Attempts=1 | This round:4.0s | Avg:4.6s/paper | Est. remaining:4.3min
[65/120] Response on attempt 1 -> '4', parsed=4
[65/120] Score=4 | Attempts=1 | This round:5.5s | Avg:4.6s/paper | Est. remaining:4.2min
[66/120] Response on attempt 1 -> '4', parsed=4
[66/120] Score=4 | Attempts=1 | This round:4.2s | Avg:4.6s/paper | Est. remaining:4.2min
[67/120] Response on attempt 1 -> '5', parsed=5
[67/120] Score=5 | Attempts=1 | This round:4.2s | Avg:4.6s/paper | Est. remaining:4.1min
[68/120] Response on attempt 1 -> '5', parsed=5
[68/120] Score=5 | Attempts=1 | This round:4.3s | Avg:4.6s/paper | Est. remaining:4.0min
[69/120] Response on attempt 1 -> '3', parsed=3
[69/120] Score=3 | Attempts=1 | This round:3.9s | Avg:4.6s/paper | Est. remaining:3.9min
[70/120] Response on attempt 1 -> '5', parsed=5
[70/120] Score=5 | Attempts=1 | This round:4.2s | Avg:4.6s/paper | Est. remaining:3.8min
[71/120] Response on attempt 1 -> '4', parsed=4
[71/120] Score=4 | Attempts=1 | This round:4.0s | Avg:4.6s/paper | Est. remaining:3.7min
[72/120] Response on attempt 1 -> '5', parsed=5
[72/120] Score=5 | Attempts=1 | This round:4.2s | Avg:4.6s/paper | Est. remaining:3.7min
[73/120] Response on attempt 1 -> '5', parsed=5
[73/120] Score=5 | Attempts=1 | This round:4.2s | Avg:4.6s/paper | Est. remaining:3.6min
[74/120] Response on attempt 1 -> '5', parsed=5
[74/120] Score=5 | Attempts=1 | This round:4.5s | Avg:4.6s/paper | Est. remaining:3.5min
[75/120] Response on attempt 1 -> '5', parsed=5
[75/120] Score=5 | Attempts=1 | This round:4.9s | Avg:4.6s/paper | Est. remaining:3.4min
[76/120] Response on attempt 1 -> '4', parsed=4
[76/120] Score=4 | Attempts=1 | This round:4.2s | Avg:4.6s/paper | Est. remaining:3.3min
[77/120] Response on attempt 1 -> '5', parsed=5
[77/120] Score=5 | Attempts=1 | This round:4.2s | Avg:4.6s/paper | Est. remaining:3.3min
[78/120] Response on attempt 1 -> '5', parsed=5
[78/120] Score=5 | Attempts=1 | This round:4.2s | Avg:4.6s/paper | Est. remaining:3.2min
[79/120] Response on attempt 1 -> '4', parsed=4
[79/120] Score=4 | Attempts=1 | This round:4.4s | Avg:4.6s/paper | Est. remaining:3.1min
[80/120] Response on attempt 1 -> '5', parsed=5
[80/120] Score=5 | Attempts=1 | This round:4.5s | Avg:4.6s/paper | Est. remaining:3.0min
[81/120] Response on attempt 1 -> '4', parsed=4
[81/120] Score=4 | Attempts=1 | This round:4.6s | Avg:4.6s/paper | Est. remaining:3.0min
[82/120] Response on attempt 1 -> '5', parsed=5
[82/120] Score=5 | Attempts=1 | This round:4.0s | Avg:4.5s/paper | Est. remaining:2.9min
[83/120] Response on attempt 1 -> '4', parsed=4
[83/120] Score=4 | Attempts=1 | This round:4.6s | Avg:4.5s/paper | Est. remaining:2.8min
[84/120] Response on attempt 1 -> '4', parsed=4
[84/120] Score=4 | Attempts=1 | This round:4.7s | Avg:4.6s/paper | Est. remaining:2.7min
[85/120] Response on attempt 1 -> '5', parsed=5
[85/120] Score=5 | Attempts=1 | This round:4.8s | Avg:4.6s/paper | Est. remaining:2.7min
[86/120] Response on attempt 1 -> '5', parsed=5
[86/120] Score=5 | Attempts=1 | This round:5.0s | Avg:4.6s/paper | Est. remaining:2.6min
[87/120] Response on attempt 1 -> '4', parsed=4
[87/120] Score=4 | Attempts=1 | This round:4.4s | Avg:4.6s/paper | Est. remaining:2.5min
[88/120] Response on attempt 1 -> '5', parsed=5
[88/120] Score=5 | Attempts=1 | This round:5.1s | Avg:4.6s/paper | Est. remaining:2.4min
[89/120] Response on attempt 1 -> '4', parsed=4
[89/120] Score=4 | Attempts=1 | This round:4.2s | Avg:4.6s/paper | Est. remaining:2.4min
[90/120] Response on attempt 1 -> '3', parsed=3
[90/120] Score=3 | Attempts=1 | This round:4.7s | Avg:4.6s/paper | Est. remaining:2.3min
[91/120] Response on attempt 1 -> '5', parsed=5
[91/120] Score=5 | Attempts=1 | This round:4.5s | Avg:4.6s/paper | Est. remaining:2.2min
[92/120] Response on attempt 1 -> '4', parsed=4
[92/120] Score=4 | Attempts=1 | This round:4.4s | Avg:4.6s/paper | Est. remaining:2.1min
[93/120] Response on attempt 1 -> '3', parsed=3
[93/120] Score=3 | Attempts=1 | This round:4.6s | Avg:4.6s/paper | Est. remaining:2.1min
[94/120] Response on attempt 1 -> '4', parsed=4
[94/120] Score=4 | Attempts=1 | This round:4.4s | Avg:4.6s/paper | Est. remaining:2.0min
[95/120] Response on attempt 1 -> '4', parsed=4
[95/120] Score=4 | Attempts=1 | This round:3.9s | Avg:4.6s/paper | Est. remaining:1.9min
[96/120] Response on attempt 1 -> '5', parsed=5
[96/120] Score=5 | Attempts=1 | This round:4.7s | Avg:4.6s/paper | Est. remaining:1.8min
[97/120] Response on attempt 1 -> '5', parsed=5
[97/120] Score=5 | Attempts=1 | This round:4.5s | Avg:4.6s/paper | Est. remaining:1.7min
[98/120] Response on attempt 1 -> '5', parsed=5
[98/120] Score=5 | Attempts=1 | This round:4.6s | Avg:4.6s/paper | Est. remaining:1.7min
[99/120] Response on attempt 1 -> '3', parsed=3
[99/120] Score=3 | Attempts=1 | This round:4.4s | Avg:4.6s/paper | Est. remaining:1.6min
[100/120] Response on attempt 1 -> '5', parsed=5
[100/120] Score=5 | Attempts=1 | This round:4.5s | Avg:4.5s/paper | Est. remaining:1.5min
[101/120] Response on attempt 1 -> '5', parsed=5
[101/120] Score=5 | Attempts=1 | This round:4.6s | Avg:4.5s/paper | Est. remaining:1.4min
[102/120] Response on attempt 1 -> '4', parsed=4
[102/120] Score=4 | Attempts=1 | This round:4.4s | Avg:4.5s/paper | Est. remaining:1.4min
[103/120] Response on attempt 1 -> '4', parsed=4
[103/120] Score=4 | Attempts=1 | This round:4.0s | Avg:4.5s/paper | Est. remaining:1.3min
[104/120] Response on attempt 1 -> '4', parsed=4
[104/120] Score=4 | Attempts=1 | This round:4.3s | Avg:4.5s/paper | Est. remaining:1.2min
[105/120] Response on attempt 1 -> '3', parsed=3
[105/120] Score=3 | Attempts=1 | This round:4.4s | Avg:4.5s/paper | Est. remaining:1.1min
[106/120] Response on attempt 1 -> '5', parsed=5
[106/120] Score=5 | Attempts=1 | This round:4.2s | Avg:4.5s/paper | Est. remaining:1.1min
[107/120] Response on attempt 1 -> '5', parsed=5
[107/120] Score=5 | Attempts=1 | This round:4.5s | Avg:4.5s/paper | Est. remaining:1.0min
[108/120] Response on attempt 1 -> '5', parsed=5
[108/120] Score=5 | Attempts=1 | This round:4.7s | Avg:4.5s/paper | Est. remaining:0.9min
[109/120] Response on attempt 1 -> '4', parsed=4
[109/120] Score=4 | Attempts=1 | This round:8.5s | Avg:4.6s/paper | Est. remaining:0.8min
[110/120] Response on attempt 1 -> '5', parsed=5
[110/120] Score=5 | Attempts=1 | This round:5.4s | Avg:4.6s/paper | Est. remaining:0.8min
[111/120] Response on attempt 1 -> '5', parsed=5
[111/120] Score=5 | Attempts=1 | This round:4.3s | Avg:4.6s/paper | Est. remaining:0.7min
[112/120] Response on attempt 1 -> '4', parsed=4
[112/120] Score=4 | Attempts=1 | This round:4.1s | Avg:4.6s/paper | Est. remaining:0.6min
[113/120] Response on attempt 1 -> '5', parsed=5
[113/120] Score=5 | Attempts=1 | This round:4.5s | Avg:4.6s/paper | Est. remaining:0.5min
[114/120] Response on attempt 1 -> '4', parsed=4
[114/120] Score=4 | Attempts=1 | This round:4.0s | Avg:4.6s/paper | Est. remaining:0.5min
[115/120] Response on attempt 1 -> '3', parsed=3
[115/120] Score=3 | Attempts=1 | This round:4.0s | Avg:4.6s/paper | Est. remaining:0.4min
[116/120] Response on attempt 1 -> '4', parsed=4
[116/120] Score=4 | Attempts=1 | This round:4.2s | Avg:4.6s/paper | Est. remaining:0.3min
[117/120] Response on attempt 1 -> '4', parsed=4
[117/120] Score=4 | Attempts=1 | This round:4.0s | Avg:4.6s/paper | Est. remaining:0.2min
[118/120] Response on attempt 1 -> '5', parsed=5
[118/120] Score=5 | Attempts=1 | This round:5.6s | Avg:4.6s/paper | Est. remaining:0.2min
[119/120] Response on attempt 1 -> '5', parsed=5
[119/120] Score=5 | Attempts=1 | This round:4.2s | Avg:4.6s/paper | Est. remaining:0.1min
[120/120] Response on attempt 1 -> '5', parsed=5
[120/120] Score=5 | Attempts=1 | This round:4.2s | Avg:4.6s/paper | Est. remaining:0.0min
✅ Exported: <package-root>/results/s3_native/s3_native_confirmatory_20260716/systems/surveygen/fast_text_to_image_diffusion/raw/paper_after_reranking.csv (only papers with abstracts were calculated and selected)
✅ Outline generated and saved to <package-root>/results/s3_native/s3_native_confirmatory_20260716/systems/surveygen/fast_text_to_image_diffusion/raw/survey_outline.json

===== Generating Section 1/7: "Foundations and Architectures of Text-to-Image Diffusion Models" - Subsection 1/6: "Denoising Diffusion Probabilistic Models (DDPMs)" =====
📖 Overall progress: 1/42 subsections
✅ Save: <package-root>/results/s3_native/s3_native_confirmatory_20260716/systems/surveygen/fast_text_to_image_diffusion/raw/sections/01_01_Denoising_Diffusion_Probabilistic_Models_DDPMs_.json
📊 Token : prompt=23113 | completion=323 | total=23436
📈 Token : prompt=23113 | completion=323 | total=23436

===== Generating Section 1/7: "Foundations and Architectures of Text-to-Image Diffusion Models" - Subsection 2/6: "Latent Diffusion Models and VQ-VAE Frameworks" =====
📖 Overall progress: 2/42 subsections
✅ Save: <package-root>/results/s3_native/s3_native_confirmatory_20260716/systems/surveygen/fast_text_to_image_diffusion/raw/sections/01_02_Latent_Diffusion_Models_and_VQ-VAE_Frameworks.json
📊 Token : prompt=23112 | completion=287 | total=23399
📈 Token : prompt=46225 | completion=610 | total=46835

===== Generating Section 1/7: "Foundations and Architectures of Text-to-Image Diffusion Models" - Subsection 3/6: "Text Conditioning Mechanisms and Language Encoders" =====
📖 Overall progress: 3/42 subsections
✅ Save: <package-root>/results/s3_native/s3_native_confirmatory_20260716/systems/surveygen/fast_text_to_image_diffusion/raw/sections/01_03_Text_Conditioning_Mechanisms_and_Language_Encoders.json
📊 Token : prompt=23102 | completion=432 | total=23534
📈 Token : prompt=69327 | completion=1042 | total=70369

===== Generating Section 1/7: "Foundations and Architectures of Text-to-Image Diffusion Models" - Subsection 4/6: "Transformer-Based Diffusion Architectures" =====
📖 Overall progress: 4/42 subsections
✅ Save: <package-root>/results/s3_native/s3_native_confirmatory_20260716/systems/surveygen/fast_text_to_image_diffusion/raw/sections/01_04_Transformer-Based_Diffusion_Architectures.json
📊 Token : prompt=23102 | completion=310 | total=23412
📈 Token : prompt=92429 | completion=1352 | total=93781

===== Generating Section 1/7: "Foundations and Architectures of Text-to-Image Diffusion Models" - Subsection 5/6: "Cross-Attention as the Bridge Between Text and Image" =====
📖 Overall progress: 5/42 subsections
✅ Save: <package-root>/results/s3_native/s3_native_confirmatory_20260716/systems/surveygen/fast_text_to_image_diffusion/raw/sections/01_05_Cross-Attention_as_the_Bridge_Between_Text_and_Image.json
📊 Token : prompt=23104 | completion=449 | total=23553
📈 Token : prompt=115533 | completion=1801 | total=117334

===== Generating Section 1/7: "Foundations and Architectures of Text-to-Image Diffusion Models" - Subsection 6/6: "Ensemble and Mixture-of-Experts Denoising Strategies" =====
📖 Overall progress: 6/42 subsections
✅ Save: <package-root>/results/s3_native/s3_native_confirmatory_20260716/systems/surveygen/fast_text_to_image_diffusion/raw/sections/01_06_Ensemble_and_Mixture-of-Experts_Denoising_Strategies.json
📊 Token : prompt=23114 | completion=320 | total=23434
📈 Token : prompt=138647 | completion=2121 | total=140768

===== Generating Section 2/7: "Controllable and Spatially-Guided Text-to-Image Generation" - Subsection 1/6: "Adapter-Based Spatial Control Frameworks" =====
📖 Overall progress: 7/42 subsections
✅ Save: <package-root>/results/s3_native/s3_native_confirmatory_20260716/systems/surveygen/fast_text_to_image_diffusion/raw/sections/02_01_Adapter-Based_Spatial_Control_Frameworks.json
📊 Token : prompt=23100 | completion=341 | total=23441
📈 Token : prompt=161747 | completion=2462 | total=164209

===== Generating Section 2/7: "Controllable and Spatially-Guided Text-to-Image Generation" - Subsection 2/6: "Training-Free Spatial Guidance Approaches" =====
📖 Overall progress: 8/42 subsections
✅ Save: <package-root>/results/s3_native/s3_native_confirmatory_20260716/systems/surveygen/fast_text_to_image_diffusion/raw/sections/02_02_Training-Free_Spatial_Guidance_Approaches.json
📊 Token : prompt=23100 | completion=339 | total=23439
📈 Token : prompt=184847 | completion=2801 | total=187648

===== Generating Section 2/7: "Controllable and Spatially-Guided Text-to-Image Generation" - Subsection 3/6: "Layout- and Bounding-Box-Conditioned Generation" =====
📖 Overall progress: 9/42 subsections
✅ Save: <package-root>/results/s3_native/s3_native_confirmatory_20260716/systems/surveygen/fast_text_to_image_diffusion/raw/sections/02_03_Layout-_and_Bounding-Box-Conditioned_Generation.json
📊 Token : prompt=23108 | completion=358 | total=23466
📈 Token : prompt=207955 | completion=3159 | total=211114

===== Generating Section 2/7: "Controllable and Spatially-Guided Text-to-Image Generation" - Subsection 4/6: "Compositional and Attribute-Binding Control" =====
📖 Overall progress: 10/42 subsections
✅ Save: <package-root>/results/s3_native/s3_native_confirmatory_20260716/systems/surveygen/fast_text_to_image_diffusion/raw/sections/02_04_Compositional_and_Attribute-Binding_Control.json
📊 Token : prompt=23102 | completion=341 | total=23443
📈 Token : prompt=231057 | completion=3500 | total=234557

===== Generating Section 2/7: "Controllable and Spatially-Guided Text-to-Image Generation" - Subsection 5/6: "Multi-Modal and Image-Prompt Conditioning" =====
📖 Overall progress: 11/42 subsections
✅ Save: <package-root>/results/s3_native/s3_native_confirmatory_20260716/systems/surveygen/fast_text_to_image_diffusion/raw/sections/02_05_Multi-Modal_and_Image-Prompt_Conditioning.json
📊 Token : prompt=23102 | completion=353 | total=23455
📈 Token : prompt=254159 | completion=3853 | total=258012

===== Generating Section 2/7: "Controllable and Spatially-Guided Text-to-Image Generation" - Subsection 6/6: "Unified Multi-Condition Control Frameworks" =====
📖 Overall progress: 12/42 subsections
✅ Save: <package-root>/results/s3_native/s3_native_confirmatory_20260716/systems/surveygen/fast_text_to_image_diffusion/raw/sections/02_06_Unified_Multi-Condition_Control_Frameworks.json
📊 Token : prompt=23100 | completion=287 | total=23387
📈 Token : prompt=277259 | completion=4140 | total=281399

===== Generating Section 3/7: "Personalization and Customization of Text-to-Image Diffusion Models" - Subsection 1/6: "Subject-Driven Fine-Tuning Methods" =====
📖 Overall progress: 13/42 subsections
✅ Save: <package-root>/results/s3_native/s3_native_confirmatory_20260716/systems/surveygen/fast_text_to_image_diffusion/raw/sections/03_01_Subject-Driven_Fine-Tuning_Methods.json
📊 Token : prompt=23102 | completion=368 | total=23470
📈 Token : prompt=300361 | completion=4508 | total=304869

===== Generating Section 3/7: "Personalization and Customization of Text-to-Image Diffusion Models" - Subsection 2/6: "Encoder-Based and Feed-Forward Personalization" =====
📖 Overall progress: 14/42 subsections
✅ Save: <package-root>/results/s3_native/s3_native_confirmatory_20260716/systems/surveygen/fast_text_to_image_diffusion/raw/sections/03_02_Encoder-Based_and_Feed-Forward_Personalization.json
📊 Token : prompt=23104 | completion=424 | total=23528
📈 Token : prompt=323465 | completion=4932 | total=328397

===== Generating Section 3/7: "Personalization and Customization of Text-to-Image Diffusion Models" - Subsection 3/6: "Multi-Concept and Compositional Customization" =====
📖 Overall progress: 15/42 subsections
✅ Save: <package-root>/results/s3_native/s3_native_confirmatory_20260716/systems/surveygen/fast_text_to_image_diffusion/raw/sections/03_03_Multi-Concept_and_Compositional_Customization.json
📊 Token : prompt=23104 | completion=341 | total=23445
📈 Token : prompt=346569 | completion=5273 | total=351842

===== Generating Section 3/7: "Personalization and Customization of Text-to-Image Diffusion Models" - Subsection 4/6: "Efficient Parameter Adaptation for Personalization" =====
📖 Overall progress: 16/42 subsections
✅ Save: <package-root>/results/s3_native/s3_native_confirmatory_20260716/systems/surveygen/fast_text_to_image_diffusion/raw/sections/03_04_Efficient_Parameter_Adaptation_for_Personalization.json
📊 Token : prompt=23100 | completion=423 | total=23523
📈 Token : prompt=369669 | completion=5696 | total=375365

===== Generating Section 3/7: "Personalization and Customization of Text-to-Image Diffusion Models" - Subsection 5/6: "Continual and Lifelong Concept Learning" =====
📖 Overall progress: 17/42 subsections
✅ Save: <package-root>/results/s3_native/s3_native_confirmatory_20260716/systems/surveygen/fast_text_to_image_diffusion/raw/sections/03_05_Continual_and_Lifelong_Concept_Learning.json
📊 Token : prompt=23102 | completion=282 | total=23384
📈 Token : prompt=392771 | completion=5978 | total=398749

===== Generating Section 3/7: "Personalization and Customization of Text-to-Image Diffusion Models" - Subsection 6/6: "Style Learning and Few-Shot Personalization" =====
📖 Overall progress: 18/42 subsections
✅ Save: <package-root>/results/s3_native/s3_native_confirmatory_20260716/systems/surveygen/fast_text_to_image_diffusion/raw/sections/03_06_Style_Learning_and_Few-Shot_Personalization.json
📊 Token : prompt=23100 | completion=305 | total=23405
📈 Token : prompt=415871 | completion=6283 | total=422154

===== Generating Section 4/7: "Text-Guided Image Editing with Diffusion Models" - Subsection 1/6: "Real Image Inversion and Reconstruction" =====
📖 Overall progress: 19/42 subsections
✅ Save: <package-root>/results/s3_native/s3_native_confirmatory_20260716/systems/surveygen/fast_text_to_image_diffusion/raw/sections/04_01_Real_Image_Inversion_and_Reconstruction.json
📊 Token : prompt=23098 | completion=277 | total=23375
📈 Token : prompt=438969 | completion=6560 | total=445529

===== Generating Section 4/7: "Text-Guided Image Editing with Diffusion Models" - Subsection 2/6: "Text-Based Semantic Image Editing" =====
📖 Overall progress: 20/42 subsections
✅ Save: <package-root>/results/s3_native/s3_native_confirmatory_20260716/systems/surveygen/fast_text_to_image_diffusion/raw/sections/04_02_Text-Based_Semantic_Image_Editing.json
📊 Token : prompt=23098 | completion=279 | total=23377
📈 Token : prompt=462067 | completion=6839 | total=468906

===== Generating Section 4/7: "Text-Guided Image Editing with Diffusion Models" - Subsection 3/6: "Attention-Based and Training-Free Editing Methods" =====
📖 Overall progress: 21/42 subsections
✅ Save: <package-root>/results/s3_native/s3_native_confirmatory_20260716/systems/surveygen/fast_text_to_image_diffusion/raw/sections/04_03_Attention-Based_and_Training-Free_Editing_Methods.json
📊 Token : prompt=23104 | completion=412 | total=23516
📈 Token : prompt=485171 | completion=7251 | total=492422

===== Generating Section 4/7: "Text-Guided Image Editing with Diffusion Models" - Subsection 4/6: "Model-Level Implicit Assumption Editing" =====
📖 Overall progress: 22/42 subsections
✅ Save: <package-root>/results/s3_native/s3_native_confirmatory_20260716/systems/surveygen/fast_text_to_image_diffusion/raw/sections/04_04_Model-Level_Implicit_Assumption_Editing.json
📊 Token : prompt=23100 | completion=220 | total=23320
📈 Token : prompt=508271 | completion=7471 | total=515742

===== Generating Section 4/7: "Text-Guided Image Editing with Diffusion Models" - Subsection 5/6: "Object-Level Shape and Appearance Variation" =====
📖 Overall progress: 23/42 subsections
✅ Save: <package-root>/results/s3_native/s3_native_confirmatory_20260716/systems/surveygen/fast_text_to_image_diffusion/raw/sections/04_05_Object-Level_Shape_and_Appearance_Variation.json
📊 Token : prompt=23100 | completion=276 | total=23376
📈 Token : prompt=531371 | completion=7747 | total=539118

===== Generating Section 4/7: "Text-Guided Image Editing with Diffusion Models" - Subsection 6/6: "Video Editing via Text-to-Image Diffusion Models" =====
📖 Overall progress: 24/42 subsections
✅ Save: <package-root>/results/s3_native/s3_native_confirmatory_20260716/systems/surveygen/fast_text_to_image_diffusion/raw/sections/04_06_Video_Editing_via_Text-to-Image_Diffusion_Models.json
📊 Token : prompt=23108 | completion=280 | total=23388
📈 Token : prompt=554479 | completion=8027 | total=562506

===== Generating Section 5/7: "Accelerating Inference and Improving Efficiency" - Subsection 1/6: "Knowledge Distillation and Progressive Distillation" =====
📖 Overall progress: 25/42 subsections
✅ Save: <package-root>/results/s3_native/s3_native_confirmatory_20260716/systems/surveygen/fast_text_to_image_diffusion/raw/sections/05_01_Knowledge_Distillation_and_Progressive_Distillation.json
📊 Token : prompt=23104 | completion=300 | total=23404
📈 Token : prompt=577583 | completion=8327 | total=585910

===== Generating Section 5/7: "Accelerating Inference and Improving Efficiency" - Subsection 2/6: "Rectified Flow and Trajectory Straightening" =====
📖 Overall progress: 26/42 subsections
✅ Save: <package-root>/results/s3_native/s3_native_confirmatory_20260716/systems/surveygen/fast_text_to_image_diffusion/raw/sections/05_02_Rectified_Flow_and_Trajectory_Straightening.json
📊 Token : prompt=23102 | completion=257 | total=23359
📈 Token : prompt=600685 | completion=8584 | total=609269

===== Generating Section 5/7: "Accelerating Inference and Improving Efficiency" - Subsection 3/6: "One-Step and Few-Step Generation Methods" =====
📖 Overall progress: 27/42 subsections
✅ Save: <package-root>/results/s3_native/s3_native_confirmatory_20260716/systems/surveygen/fast_text_to_image_diffusion/raw/sections/05_03_One-Step_and_Few-Step_Generation_Methods.json
📊 Token : prompt=23100 | completion=397 | total=23497
📈 Token : prompt=623785 | completion=8981 | total=632766

===== Generating Section 5/7: "Accelerating Inference and Improving Efficiency" - Subsection 4/6: "Efficient Network Architecture Design" =====
📖 Overall progress: 28/42 subsections
✅ Save: <package-root>/results/s3_native/s3_native_confirmatory_20260716/systems/surveygen/fast_text_to_image_diffusion/raw/sections/05_04_Efficient_Network_Architecture_Design.json
📊 Token : prompt=23092 | completion=349 | total=23441
📈 Token : prompt=646877 | completion=9330 | total=656207

===== Generating Section 5/7: "Accelerating Inference and Improving Efficiency" - Subsection 5/6: "Reparameterization and Latent-Space Efficiency" =====
📖 Overall progress: 29/42 subsections
✅ Save: <package-root>/results/s3_native/s3_native_confirmatory_20260716/systems/surveygen/fast_text_to_image_diffusion/raw/sections/05_05_Reparameterization_and_Latent-Space_Efficiency.json
📊 Token : prompt=23110 | completion=255 | total=23365
📈 Token : prompt=669987 | completion=9585 | total=679572

===== Generating Section 5/7: "Accelerating Inference and Improving Efficiency" - Subsection 6/6: "Training Efficiency and Cost Reduction" =====
📖 Overall progress: 30/42 subsections
✅ Save: <package-root>/results/s3_native/s3_native_confirmatory_20260716/systems/surveygen/fast_text_to_image_diffusion/raw/sections/05_06_Training_Efficiency_and_Cost_Reduction.json
📊 Token : prompt=23096 | completion=350 | total=23446
📈 Token : prompt=693083 | completion=9935 | total=703018

===== Generating Section 6/7: "Evaluation Metrics, Benchmarks, and Alignment with Human Preferences" - Subsection 1/6: "Standard Quantitative Metrics" =====
📖 Overall progress: 31/42 subsections
✅ Save: <package-root>/results/s3_native/s3_native_confirmatory_20260716/systems/surveygen/fast_text_to_image_diffusion/raw/sections/06_01_Standard_Quantitative_Metrics.json
📊 Token : prompt=23094 | completion=485 | total=23579
📈 Token : prompt=716177 | completion=10420 | total=726597

===== Generating Section 6/7: "Evaluation Metrics, Benchmarks, and Alignment with Human Preferences" - Subsection 2/6: "Human Preference Modeling and Reward Learning" =====
📖 Overall progress: 32/42 subsections
✅ Save: <package-root>/results/s3_native/s3_native_confirmatory_20260716/systems/surveygen/fast_text_to_image_diffusion/raw/sections/06_02_Human_Preference_Modeling_and_Reward_Learning.json
📊 Token : prompt=23100 | completion=282 | total=23382
📈 Token : prompt=739277 | completion=10702 | total=749979

===== Generating Section 6/7: "Evaluation Metrics, Benchmarks, and Alignment with Human Preferences" - Subsection 3/6: "Reinforcement Learning and Reward-Based Fine-Tuning" =====
📖 Overall progress: 33/42 subsections
✅ Save: <package-root>/results/s3_native/s3_native_confirmatory_20260716/systems/surveygen/fast_text_to_image_diffusion/raw/sections/06_03_Reinforcement_Learning_and_Reward-Based_Fine-Tuning.json
📊 Token : prompt=23110 | completion=346 | total=23456
📈 Token : prompt=762387 | completion=11048 | total=773435

===== Generating Section 6/7: "Evaluation Metrics, Benchmarks, and Alignment with Human Preferences" - Subsection 4/6: "Comprehensive Benchmarks for Text-to-Image Evaluation" =====
📖 Overall progress: 34/42 subsections
✅ Save: <package-root>/results/s3_native/s3_native_confirmatory_20260716/systems/surveygen/fast_text_to_image_diffusion/raw/sections/06_04_Comprehensive_Benchmarks_for_Text-to-Image_Evaluation.json
📊 Token : prompt=23108 | completion=455 | total=23563
📈 Token : prompt=785495 | completion=11503 | total=796998

===== Generating Section 6/7: "Evaluation Metrics, Benchmarks, and Alignment with Human Preferences" - Subsection 5/6: "Concept Learning and Compositional Evaluation" =====
📖 Overall progress: 35/42 subsections
✅ Save: <package-root>/results/s3_native/s3_native_confirmatory_20260716/systems/surveygen/fast_text_to_image_diffusion/raw/sections/06_05_Concept_Learning_and_Compositional_Evaluation.json
📊 Token : prompt=23100 | completion=362 | total=23462
📈 Token : prompt=808595 | completion=11865 | total=820460

===== Generating Section 6/7: "Evaluation Metrics, Benchmarks, and Alignment with Human Preferences" - Subsection 6/6: "Enhancing Prompt Understanding via Large Language Models" =====
📖 Overall progress: 36/42 subsections
✅ Save: <package-root>/results/s3_native/s3_native_confirmatory_20260716/systems/surveygen/fast_text_to_image_diffusion/raw/sections/06_06_Enhancing_Prompt_Understanding_via_Large_Language_Models.json
📊 Token : prompt=23102 | completion=363 | total=23465
📈 Token : prompt=831697 | completion=12228 | total=843925

===== Generating Section 7/7: "Safety, Ethics, and Responsible Deployment" - Subsection 1/6: "Harmful and NSFW Content Generation and Mitigation" =====
📖 Overall progress: 37/42 subsections
✅ Save: <package-root>/results/s3_native/s3_native_confirmatory_20260716/systems/surveygen/fast_text_to_image_diffusion/raw/sections/07_01_Harmful_and_NSFW_Content_Generation_and_Mitigation.json
📊 Token : prompt=23106 | completion=307 | total=23413
📈 Token : prompt=854803 | completion=12535 | total=867338

===== Generating Section 7/7: "Safety, Ethics, and Responsible Deployment" - Subsection 2/6: "Concept Erasure and Unlearning in Diffusion Models" =====
📖 Overall progress: 38/42 subsections
✅ Save: <package-root>/results/s3_native/s3_native_confirmatory_20260716/systems/surveygen/fast_text_to_image_diffusion/raw/sections/07_02_Concept_Erasure_and_Unlearning_in_Diffusion_Models.json
📊 Token : prompt=23112 | completion=289 | total=23401
📈 Token : prompt=877915 | completion=12824 | total=890739

===== Generating Section 7/7: "Safety, Ethics, and Responsible Deployment" - Subsection 3/6: "Copyright Protection and Style Mimicry Prevention" =====
📖 Overall progress: 39/42 subsections
✅ Save: <package-root>/results/s3_native/s3_native_confirmatory_20260716/systems/surveygen/fast_text_to_image_diffusion/raw/sections/07_03_Copyright_Protection_and_Style_Mimicry_Prevention.json
📊 Token : prompt=23100 | completion=237 | total=23337
📈 Token : prompt=901015 | completion=13061 | total=914076

===== Generating Section 7/7: "Safety, Ethics, and Responsible Deployment" - Subsection 4/6: "Adversarial Attacks and Jailbreaking Safety Filters" =====
📖 Overall progress: 40/42 subsections
✅ Save: <package-root>/results/s3_native/s3_native_confirmatory_20260716/systems/surveygen/fast_text_to_image_diffusion/raw/sections/07_04_Adversarial_Attacks_and_Jailbreaking_Safety_Filters.json
📊 Token : prompt=23112 | completion=252 | total=23364
📈 Token : prompt=924127 | completion=13313 | total=937440

===== Generating Section 7/7: "Safety, Ethics, and Responsible Deployment" - Subsection 5/6: "Anti-Customization and Privacy Protection" =====
📖 Overall progress: 41/42 subsections
✅ Save: <package-root>/results/s3_native/s3_native_confirmatory_20260716/systems/surveygen/fast_text_to_image_diffusion/raw/sections/07_05_Anti-Customization_and_Privacy_Protection.json
📊 Token : prompt=23098 | completion=304 | total=23402
📈 Token : prompt=947225 | completion=13617 | total=960842

===== Generating Section 7/7: "Safety, Ethics, and Responsible Deployment" - Subsection 6/6: "Bias, Fairness, and Implicit Assumption Editing" =====
📖 Overall progress: 42/42 subsections
✅ Save: <package-root>/results/s3_native/s3_native_confirmatory_20260716/systems/surveygen/fast_text_to_image_diffusion/raw/sections/07_06_Bias_Fairness_and_Implicit_Assumption_Editing.json
📊 Token : prompt=23110 | completion=323 | total=23433
📈 Token : prompt=970335 | completion=13940 | total=984275

🎉 All 42 subsections generated, bundled and saved to <package-root>/results/s3_native/s3_native_confirmatory_20260716/systems/surveygen/fast_text_to_image_diffusion/raw/survey_content.json
⏱ Total time: 8.6 minutes (514.7 seconds)
[2026-07-16T05:05:01Z] returncode=0 elapsed_seconds=2988.599 timed_out=False
