[2026-07-16T05:05:01Z] command=<package-root>/work/s3_native/envs/surveygen/bin/python <package-root>/code/experiments/exp5_native_comparison/surveygen_native_driver.py --source-dir <package-root>/work/s3_native/baselines/surveygen --output-dir <package-root>/results/s3_native/s3_native_confirmatory_20260716/systems/surveygen/fast_vision_language_pretraining/raw --topic Vision-Language Pretraining --publication-cutoff 2023-12-31 --max-references 60 --max-candidates 120 --target-words 4000 --model s3-common-backbone --api-base-url http://127.0.0.1:18080/v1 --bge-model <package-root>/work/s3_native/assets/surveygen/models/bge-large-en

📘 Processing article 1 of 1...
🔍 Searching: Vision-Language Pretraining | Offset: 0 | Year ≤ 2023
⏳ Hit rate limit (429). Waiting before retrying...
🔍 Searching: Vision-Language Pretraining | Offset: 0 | Year ≤ 2023
⏳ Hit rate limit (429). Waiting before retrying...
🔍 Searching: Vision-Language Pretraining | Offset: 0 | Year ≤ 2023
⏳ Hit rate limit (429). Waiting before retrying...
🔍 Searching: Vision-Language Pretraining | Offset: 0 | Year ≤ 2023
⏳ Hit rate limit (429). Waiting before retrying...
🔍 Searching: Vision-Language Pretraining | Offset: 0 | Year ≤ 2023
⏳ Hit rate limit (429). Waiting before retrying...
🔍 Searching: Vision-Language Pretraining | Offset: 0 | Year ≤ 2023
⏳ Hit rate limit (429). Waiting before retrying...
🔍 Searching: Vision-Language Pretraining | Offset: 0 | Year ≤ 2023
⏳ Hit rate limit (429). Waiting before retrying...
🔍 Searching: Vision-Language Pretraining | Offset: 0 | Year ≤ 2023
⏳ Hit rate limit (429). Waiting before retrying...
🔍 Searching: Vision-Language Pretraining | Offset: 0 | Year ≤ 2023
⏳ Hit rate limit (429). Waiting before retrying...
🔍 Searching: Vision-Language Pretraining | Offset: 0 | Year ≤ 2023
⏳ Hit rate limit (429). Waiting before retrying...
🔍 Searching: Vision-Language Pretraining | Offset: 0 | Year ≤ 2023
⏳ Hit rate limit (429). Waiting before retrying...
🔍 Searching: Vision-Language Pretraining | Offset: 0 | Year ≤ 2023
⏳ Hit rate limit (429). Waiting before retrying...
🔍 Searching: Vision-Language Pretraining | Offset: 0 | Year ≤ 2023
⏳ Hit rate limit (429). Waiting before retrying...
🔍 Searching: Vision-Language Pretraining | Offset: 0 | Year ≤ 2023
⏳ Hit rate limit (429). Waiting before retrying...
🔍 Searching: Vision-Language Pretraining | Offset: 0 | Year ≤ 2023
⏳ Hit rate limit (429). Waiting before retrying...
🔍 Searching: Vision-Language Pretraining | Offset: 0 | Year ≤ 2023
⏳ Hit rate limit (429). Waiting before retrying...
🔍 Searching: Vision-Language Pretraining | Offset: 0 | Year ≤ 2023
⏳ Hit rate limit (429). Waiting before retrying...
🔍 Searching: Vision-Language Pretraining | Offset: 0 | Year ≤ 2023
⏳ Hit rate limit (429). Waiting before retrying...
🔍 Searching: Vision-Language Pretraining | Offset: 0 | Year ≤ 2023
⏳ Hit rate limit (429). Waiting before retrying...
🔍 Searching: Vision-Language Pretraining | Offset: 0 | Year ≤ 2023
⏳ Hit rate limit (429). Waiting before retrying...
🔍 Searching: Vision-Language Pretraining | Offset: 0 | Year ≤ 2023
⏳ Hit rate limit (429). Waiting before retrying...
🔍 Searching: Vision-Language Pretraining | Offset: 0 | Year ≤ 2023
⏳ Hit rate limit (429). Waiting before retrying...
🔍 Searching: Vision-Language Pretraining | Offset: 0 | Year ≤ 2023
⏳ Hit rate limit (429). Waiting before retrying...
🔍 Searching: Vision-Language Pretraining | Offset: 0 | Year ≤ 2023
⏳ Hit rate limit (429). Waiting before retrying...
🔍 Searching: Vision-Language Pretraining | Offset: 0 | Year ≤ 2023
⏳ Hit rate limit (429). Waiting before retrying...
🔍 Searching: Vision-Language Pretraining | Offset: 0 | Year ≤ 2023
⏳ Hit rate limit (429). Waiting before retrying...
🔍 Searching: Vision-Language Pretraining | Offset: 0 | Year ≤ 2023
⏳ Hit rate limit (429). Waiting before retrying...
🔍 Searching: Vision-Language Pretraining | Offset: 0 | Year ≤ 2023
⏳ Hit rate limit (429). Waiting before retrying...
🔍 Searching: Vision-Language Pretraining | Offset: 0 | Year ≤ 2023
⏳ Hit rate limit (429). Waiting before retrying...
🔍 Searching: Vision-Language Pretraining | Offset: 0 | Year ≤ 2023
⏳ Hit rate limit (429). Waiting before retrying...
🔍 Searching: Vision-Language Pretraining | Offset: 0 | Year ≤ 2023
⏳ Hit rate limit (429). Waiting before retrying...
🔍 Searching: Vision-Language Pretraining | Offset: 0 | Year ≤ 2023
⏳ Hit rate limit (429). Waiting before retrying...
🔍 Searching: Vision-Language Pretraining | Offset: 0 | Year ≤ 2023
⏳ Hit rate limit (429). Waiting before retrying...
🔍 Searching: Vision-Language Pretraining | Offset: 0 | Year ≤ 2023
⏳ Hit rate limit (429). Waiting before retrying...
🔍 Searching: Vision-Language Pretraining | Offset: 0 | Year ≤ 2023
⏳ Hit rate limit (429). Waiting before retrying...
🔍 Searching: Vision-Language Pretraining | Offset: 0 | Year ≤ 2023
⏳ Hit rate limit (429). Waiting before retrying...
🔍 Searching: Vision-Language Pretraining | Offset: 0 | Year ≤ 2023
⏳ Hit rate limit (429). Waiting before retrying...
🔍 Searching: Vision-Language Pretraining | Offset: 0 | Year ≤ 2023
⏳ Hit rate limit (429). Waiting before retrying...
🔍 Searching: Vision-Language Pretraining | Offset: 0 | Year ≤ 2023
⏳ Hit rate limit (429). Waiting before retrying...
🔍 Searching: Vision-Language Pretraining | Offset: 0 | Year ≤ 2023
⏳ Hit rate limit (429). Waiting before retrying...
🔍 Searching: Vision-Language Pretraining | Offset: 0 | Year ≤ 2023
⏳ Hit rate limit (429). Waiting before retrying...
🔍 Searching: Vision-Language Pretraining | Offset: 0 | Year ≤ 2023
⏳ Hit rate limit (429). Waiting before retrying...
🔍 Searching: Vision-Language Pretraining | Offset: 0 | Year ≤ 2023
⏳ Hit rate limit (429). Waiting before retrying...
🔍 Searching: Vision-Language Pretraining | Offset: 0 | Year ≤ 2023
⏳ Hit rate limit (429). Waiting before retrying...
🔍 Searching: Vision-Language Pretraining | Offset: 0 | Year ≤ 2023
⏳ Hit rate limit (429). Waiting before retrying...
🔍 Searching: Vision-Language Pretraining | Offset: 0 | Year ≤ 2023
⏳ Hit rate limit (429). Waiting before retrying...
🔍 Searching: Vision-Language Pretraining | Offset: 0 | Year ≤ 2023
⏳ Hit rate limit (429). Waiting before retrying...
🔍 Searching: Vision-Language Pretraining | Offset: 0 | Year ≤ 2023
⏳ Hit rate limit (429). Waiting before retrying...
🔍 Searching: Vision-Language Pretraining | Offset: 0 | Year ≤ 2023
⏳ Hit rate limit (429). Waiting before retrying...
🔍 Searching: Vision-Language Pretraining | Offset: 0 | Year ≤ 2023
⏳ Hit rate limit (429). Waiting before retrying...
🔍 Searching: Vision-Language Pretraining | Offset: 0 | Year ≤ 2023
✅ Added 84 valid papers (total: 84)
🔍 Searching: Vision-Language Pretraining | Offset: 100 | Year ≤ 2023
⏳ Hit rate limit (429). Waiting before retrying...
🔍 Searching: Vision-Language Pretraining | Offset: 100 | Year ≤ 2023
⏳ Hit rate limit (429). Waiting before retrying...
🔍 Searching: Vision-Language Pretraining | Offset: 100 | Year ≤ 2023
⏳ Hit rate limit (429). Waiting before retrying...
🔍 Searching: Vision-Language Pretraining | Offset: 100 | Year ≤ 2023
⏳ Hit rate limit (429). Waiting before retrying...
🔍 Searching: Vision-Language Pretraining | Offset: 100 | Year ≤ 2023
⏳ Hit rate limit (429). Waiting before retrying...
🔍 Searching: Vision-Language Pretraining | Offset: 100 | Year ≤ 2023
⏳ Hit rate limit (429). Waiting before retrying...
🔍 Searching: Vision-Language Pretraining | Offset: 100 | Year ≤ 2023
⏳ Hit rate limit (429). Waiting before retrying...
🔍 Searching: Vision-Language Pretraining | Offset: 100 | Year ≤ 2023
✅ Added 36 valid papers (total: 120)
📁 Saved to: <package-root>/results/s3_native/s3_native_confirmatory_20260716/systems/surveygen/fast_vision_language_pretraining/raw/Vision-Language Pretraining.json

✅ All done. Results saved in '<package-root>/results/s3_native/s3_native_confirmatory_20260716/systems/surveygen/fast_vision_language_pretraining/raw' folder.
[2026-07-16T06:47:09Z] command=<package-root>/work/s3_native/envs/surveygen/bin/python <package-root>/code/experiments/exp5_native_comparison/surveygen_native_driver.py --source-dir <package-root>/work/s3_native/baselines/surveygen --output-dir <package-root>/results/s3_native/s3_native_confirmatory_20260716/systems/surveygen/fast_vision_language_pretraining/raw --topic Vision-Language Pretraining --publication-cutoff 2023-12-31 --max-references 60 --max-candidates 120 --target-words 4000 --model s3-common-backbone --api-base-url http://127.0.0.1:18080/v1 --bge-model <package-root>/work/s3_native/assets/surveygen/models/bge-large-en
Processed 10 papers
Processed 20 papers
error: ('Connection aborted.', RemoteDisconnected('Remote end closed connection without response'))
Processed 30 papers
Processed 40 papers
Processed 50 papers
error: ('Connection aborted.', RemoteDisconnected('Remote end closed connection without response'))
Processed 60 papers
error: ('Connection aborted.', RemoteDisconnected('Remote end closed connection without response'))
Processed 70 papers
Processed 80 papers
Processed 90 papers
error: ('Connection aborted.', RemoteDisconnected('Remote end closed connection without response'))
Processed 100 papers
error: ('Connection aborted.', RemoteDisconnected('Remote end closed connection without response'))
Processed 110 papers
error: ('Connection aborted.', RemoteDisconnected('Remote end closed connection without response'))
Processed 120 papers
Traceback (most recent call last):
  File "<python-env>/lib/python3.12/site-packages/urllib3/connectionpool.py", line 790, in urlopen
    response = self._make_request(
               ^^^^^^^^^^^^^^^^^^^
  File "<python-env>/lib/python3.12/site-packages/urllib3/connectionpool.py", line 536, in _make_request
    response = conn.getresponse()
               ^^^^^^^^^^^^^^^^^^
  File "<python-env>/lib/python3.12/site-packages/urllib3/connection.py", line 461, in getresponse
    httplib_response = super().getresponse()
                       ^^^^^^^^^^^^^^^^^^^^^
  File "<python-env>/lib/python3.12/http/client.py", line 1428, in getresponse
    response.begin()
  File "<python-env>/lib/python3.12/http/client.py", line 331, in begin
    version, status, reason = self._read_status()
                              ^^^^^^^^^^^^^^^^^^^
  File "<python-env>/lib/python3.12/http/client.py", line 300, in _read_status
    raise RemoteDisconnected("Remote end closed connection without"
http.client.RemoteDisconnected: Remote end closed connection without response

During handling of the above exception, another exception occurred:

Traceback (most recent call last):
  File "<python-env>/lib/python3.12/site-packages/requests/adapters.py", line 696, in send
    resp = conn.urlopen(
           ^^^^^^^^^^^^^
  File "<python-env>/lib/python3.12/site-packages/urllib3/connectionpool.py", line 844, in urlopen
    retries = retries.increment(
              ^^^^^^^^^^^^^^^^^^
  File "<python-env>/lib/python3.12/site-packages/urllib3/util/retry.py", line 470, in increment
    raise reraise(type(error), error, _stacktrace)
          ^^^^^^^^^^^^^^^^^^^^^^^^^^^^^^^^^^^^^^^^
  File "<python-env>/lib/python3.12/site-packages/urllib3/util/util.py", line 38, in reraise
    raise value.with_traceback(tb)
  File "<python-env>/lib/python3.12/site-packages/urllib3/connectionpool.py", line 790, in urlopen
    response = self._make_request(
               ^^^^^^^^^^^^^^^^^^^
  File "<python-env>/lib/python3.12/site-packages/urllib3/connectionpool.py", line 536, in _make_request
    response = conn.getresponse()
               ^^^^^^^^^^^^^^^^^^
  File "<python-env>/lib/python3.12/site-packages/urllib3/connection.py", line 461, in getresponse
    httplib_response = super().getresponse()
                       ^^^^^^^^^^^^^^^^^^^^^
  File "<python-env>/lib/python3.12/http/client.py", line 1428, in getresponse
    response.begin()
  File "<python-env>/lib/python3.12/http/client.py", line 331, in begin
    version, status, reason = self._read_status()
                              ^^^^^^^^^^^^^^^^^^^
  File "<python-env>/lib/python3.12/http/client.py", line 300, in _read_status
    raise RemoteDisconnected("Remote end closed connection without"
urllib3.exceptions.ProtocolError: ('Connection aborted.', RemoteDisconnected('Remote end closed connection without response'))

During handling of the above exception, another exception occurred:

Traceback (most recent call last):
  File "<package-root>/work/s3_native/baselines/surveygen/Code/quality_signal_augmentation.py", line 241, in <module>
    author_hindex_map.update(fetch_author_hindex_batch(batch_ids))
                             ^^^^^^^^^^^^^^^^^^^^^^^^^^^^^^^^^^^^
  File "<package-root>/work/s3_native/baselines/surveygen/Code/quality_signal_augmentation.py", line 163, in fetch_author_hindex_batch
    resp = requests.get(url)
           ^^^^^^^^^^^^^^^^^
  File "<python-env>/lib/python3.12/site-packages/requests/api.py", line 87, in get
    return request("get", url, params=params, **kwargs)
           ^^^^^^^^^^^^^^^^^^^^^^^^^^^^^^^^^^^^^^^^^^^^
  File "<python-env>/lib/python3.12/site-packages/requests/api.py", line 71, in request
    return session.request(method=method, url=url, **kwargs)
           ^^^^^^^^^^^^^^^^^^^^^^^^^^^^^^^^^^^^^^^^^^^^^^^^^
  File "<python-env>/lib/python3.12/site-packages/requests/sessions.py", line 651, in request
    resp = self.send(prep, **send_kwargs)
           ^^^^^^^^^^^^^^^^^^^^^^^^^^^^^^
  File "<python-env>/lib/python3.12/site-packages/requests/sessions.py", line 784, in send
    r = adapter.send(request, **kwargs)
        ^^^^^^^^^^^^^^^^^^^^^^^^^^^^^^^
  File "<python-env>/lib/python3.12/site-packages/requests/adapters.py", line 711, in send
    raise ConnectionError(err, request=request)
requests.exceptions.ConnectionError: ('Connection aborted.', RemoteDisconnected('Remote end closed connection without response'))
[resume] paper_retrieval.py: Vision-Language Pretraining.json already present
quality_signal_augmentation.py failed with exit code 1
[2026-07-16T06:49:56Z] returncode=1 elapsed_seconds=167.143 timed_out=False
[2026-07-16T06:53:59Z] command=<package-root>/work/s3_native/envs/surveygen/bin/python <package-root>/code/experiments/exp5_native_comparison/surveygen_native_driver.py --source-dir <package-root>/work/s3_native/baselines/surveygen --output-dir <package-root>/results/s3_native/s3_native_confirmatory_20260716/systems/surveygen/fast_vision_language_pretraining/raw --topic Vision-Language Pretraining --publication-cutoff 2023-12-31 --max-references 60 --max-candidates 120 --target-words 4000 --model s3-common-backbone --api-base-url http://127.0.0.1:18080/v1 --bge-model <package-root>/work/s3_native/assets/surveygen/models/bge-large-en
error: ('Connection aborted.', RemoteDisconnected('Remote end closed connection without response'))
Processed 10 papers
Processed 20 papers
Processed 30 papers
Processed 40 papers
Processed 50 papers
Processed 60 papers
error: ('Connection aborted.', RemoteDisconnected('Remote end closed connection without response'))
Processed 70 papers
Processed 80 papers
Processed 90 papers
Processed 100 papers
Processed 110 papers
error: ('Connection aborted.', RemoteDisconnected('Remote end closed connection without response'))
Processed 120 papers
http://127.0.0.1:18082/authors?filter=ids.openalex:https://openalex.org/A5032358151|https://openalex.org/A5100669593|https://openalex.org/A5047646096|https://openalex.org/A5043669878|https://openalex.org/A5000283114|https://openalex.org/A5100754391|https://openalex.org/A5087096372|https://openalex.org/A5009738035|https://openalex.org/A5026154387|https://openalex.org/A5100658356
http://127.0.0.1:18082/authors?filter=ids.openalex:https://openalex.org/A5103221706|https://openalex.org/A5060958969|https://openalex.org/A5101561868|https://openalex.org/A5055385129|https://openalex.org/A5086706224|https://openalex.org/A5028877572|https://openalex.org/A5060215183|https://openalex.org/A5064573190|https://openalex.org/A5081662508|https://openalex.org/A5101660910
http://127.0.0.1:18082/authors?filter=ids.openalex:https://openalex.org/A5100451559|https://openalex.org/A5030637764|https://openalex.org/A5066709641|https://openalex.org/A5032451496|https://openalex.org/A5100648014|https://openalex.org/A5057074455|https://openalex.org/A5100374850|https://openalex.org/A5054164497|https://openalex.org/A5075062898|https://openalex.org/A5102334026
http://127.0.0.1:18082/authors?filter=ids.openalex:https://openalex.org/A5063513636|https://openalex.org/A5004061050|https://openalex.org/A5034941095|https://openalex.org/A5014239027|https://openalex.org/A5042018181|https://openalex.org/A5100362745|https://openalex.org/A5037340457|https://openalex.org/A5102992157|https://openalex.org/A5100665639|https://openalex.org/A5100393506
http://127.0.0.1:18082/authors?filter=ids.openalex:https://openalex.org/A5016956470|https://openalex.org/A5055234106|https://openalex.org/A5051259505|https://openalex.org/A5008666077|https://openalex.org/A5049277045|https://openalex.org/A5057179129|https://openalex.org/A5100370079|https://openalex.org/A5033656862|https://openalex.org/A5100657102|https://openalex.org/A5100741315
http://127.0.0.1:18082/authors?filter=ids.openalex:https://openalex.org/A5100752686|https://openalex.org/A5127797590|https://openalex.org/A5072714962|https://openalex.org/A5045872048|https://openalex.org/A5072350518|https://openalex.org/A5001203095|https://openalex.org/A5100757394|https://openalex.org/A5100610161|https://openalex.org/A5049868894|https://openalex.org/A5100404886
❌ Author request error: ('Connection aborted.', RemoteDisconnected('Remote end closed connection without response'))
http://127.0.0.1:18082/authors?filter=ids.openalex:https://openalex.org/A5100418156|https://openalex.org/A5014130591|https://openalex.org/A5100357060|https://openalex.org/A5100677750|https://openalex.org/A5029912845|https://openalex.org/A5015970030|https://openalex.org/A5035007236|https://openalex.org/A5044306745|https://openalex.org/A5033486668|https://openalex.org/A5114246802
❌ Author request error: HTTPConnectionPool(host='127.0.0.1', port=18082): Read timed out. (read timeout=120)
http://127.0.0.1:18082/authors?filter=ids.openalex:https://openalex.org/A5006400852|https://openalex.org/A5014662947|https://openalex.org/A5054200099|https://openalex.org/A5101517779|https://openalex.org/A5100339791|https://openalex.org/A5111575885|https://openalex.org/A5100373003|https://openalex.org/A5100390820|https://openalex.org/A5080973846|https://openalex.org/A5025094225
http://127.0.0.1:18082/authors?filter=ids.openalex:https://openalex.org/A5074834854|https://openalex.org/A5057716290|https://openalex.org/A5037981078|https://openalex.org/A5046609009|https://openalex.org/A5047351419|https://openalex.org/A5054079188|https://openalex.org/A5024679224|https://openalex.org/A5100461632|https://openalex.org/A5101900208|https://openalex.org/A5062198659
http://127.0.0.1:18082/authors?filter=ids.openalex:https://openalex.org/A5009826104|https://openalex.org/A5127831917|https://openalex.org/A5108089716|https://openalex.org/A5031528895|https://openalex.org/A5077310477|https://openalex.org/A5017515270|https://openalex.org/A5104107238|https://openalex.org/A5100431109|https://openalex.org/A5023686661|https://openalex.org/A5100329828
http://127.0.0.1:18082/authors?filter=ids.openalex:https://openalex.org/A5025487788|https://openalex.org/A5025046374|https://openalex.org/A5086908529|https://openalex.org/A5005819096|https://openalex.org/A5051649145|https://openalex.org/A5028272399|https://openalex.org/A5042324027|https://openalex.org/A5102785655|https://openalex.org/A5052196188|https://openalex.org/A5077791956
http://127.0.0.1:18082/authors?filter=ids.openalex:https://openalex.org/A5038400548|https://openalex.org/A5100748135|https://openalex.org/A5011363158|https://openalex.org/A5100333738|https://openalex.org/A5053850863|https://openalex.org/A5041457457|https://openalex.org/A5054102478|https://openalex.org/A5047878798|https://openalex.org/A5109890544|https://openalex.org/A5100757399
http://127.0.0.1:18082/authors?filter=ids.openalex:https://openalex.org/A5101601906|https://openalex.org/A5088442800|https://openalex.org/A5101491459|https://openalex.org/A5069353502|https://openalex.org/A5005443526|https://openalex.org/A5111151249|https://openalex.org/A5049349154|https://openalex.org/A5100411426|https://openalex.org/A5108118084|https://openalex.org/A5100409994
http://127.0.0.1:18082/authors?filter=ids.openalex:https://openalex.org/A5040199499|https://openalex.org/A5068937750|https://openalex.org/A5028026494|https://openalex.org/A5108499414|https://openalex.org/A5000738730|https://openalex.org/A5038314215|https://openalex.org/A5101545719|https://openalex.org/A5011581854|https://openalex.org/A5007774416|https://openalex.org/A5047233371
http://127.0.0.1:18082/authors?filter=ids.openalex:https://openalex.org/A5100600528|https://openalex.org/A5021827617|https://openalex.org/A5008488131|https://openalex.org/A5038131970|https://openalex.org/A5072416074|https://openalex.org/A5064869475|https://openalex.org/A5101542195|https://openalex.org/A5060116992|https://openalex.org/A5081800468|https://openalex.org/A5066978737
http://127.0.0.1:18082/authors?filter=ids.openalex:https://openalex.org/A5072826716|https://openalex.org/A5084897975|https://openalex.org/A5100766907|https://openalex.org/A5101328218|https://openalex.org/A5044332717|https://openalex.org/A5100672985|https://openalex.org/A5087898808
❌ Journal request error: ('Connection aborted.', RemoteDisconnected('Remote end closed connection without response'))
Top 50 most co-occurring references: 50
❌ co-cited error: 429
❌ co-cited error: 429
❌ co-cited error: 429
❌ co-cited error: 429
❌ co-cited error: 429
Processing completed! Processed 120 papers + 0 co-cited papers, results saved to <package-root>/results/s3_native/s3_native_confirmatory_20260716/systems/surveygen/fast_vision_language_pretraining/raw/final_ref_set.json
loading BGE-Large ...
Starting GPT relevance scoring (only for 120 papers with abstracts)...
[1/120] Response on attempt 1 -> '5', parsed=5
[1/120] Score=5 | Attempts=1 | This round:9.0s | Avg:9.0s/paper | Est. remaining:17.9min
[2/120] Response on attempt 1 -> '3', parsed=3
[2/120] Score=3 | Attempts=1 | This round:5.5s | Avg:7.3s/paper | Est. remaining:14.3min
[3/120] Response on attempt 1 -> '5', parsed=5
[3/120] Score=5 | Attempts=1 | This round:7.9s | Avg:7.5s/paper | Est. remaining:14.6min
[4/120] Response on attempt 1 -> '5', parsed=5
[4/120] Score=5 | Attempts=1 | This round:4.7s | Avg:6.8s/paper | Est. remaining:13.1min
[5/120] Response on attempt 1 -> '4', parsed=4
[5/120] Score=4 | Attempts=1 | This round:4.0s | Avg:6.2s/paper | Est. remaining:11.9min
[6/120] Response on attempt 1 -> '4', parsed=4
[6/120] Score=4 | Attempts=1 | This round:5.9s | Avg:6.2s/paper | Est. remaining:11.7min
[7/120] Response on attempt 1 -> '5', parsed=5
[7/120] Score=5 | Attempts=1 | This round:4.6s | Avg:6.0s/paper | Est. remaining:11.2min
[8/120] Response on attempt 1 -> '4', parsed=4
[8/120] Score=4 | Attempts=1 | This round:4.5s | Avg:5.8s/paper | Est. remaining:10.8min
[9/120] Response on attempt 1 -> '5', parsed=5
[9/120] Score=5 | Attempts=1 | This round:3.9s | Avg:5.6s/paper | Est. remaining:10.3min
[10/120] Response on attempt 1 -> '5', parsed=5
[10/120] Score=5 | Attempts=1 | This round:4.6s | Avg:5.5s/paper | Est. remaining:10.0min
[11/120] Response on attempt 1 -> '5', parsed=5
[11/120] Score=5 | Attempts=1 | This round:5.5s | Avg:5.5s/paper | Est. remaining:9.9min
[12/120] Response on attempt 1 -> '5', parsed=5
[12/120] Score=5 | Attempts=1 | This round:4.4s | Avg:5.4s/paper | Est. remaining:9.7min
[13/120] Response on attempt 1 -> '5', parsed=5
[13/120] Score=5 | Attempts=1 | This round:4.9s | Avg:5.3s/paper | Est. remaining:9.5min
[14/120] Response on attempt 1 -> '5', parsed=5
[14/120] Score=5 | Attempts=1 | This round:3.8s | Avg:5.2s/paper | Est. remaining:9.2min
[15/120] Response on attempt 1 -> '4', parsed=4
[15/120] Score=4 | Attempts=1 | This round:11.4s | Avg:5.6s/paper | Est. remaining:9.9min
[16/120] Response on attempt 1 -> '5', parsed=5
[16/120] Score=5 | Attempts=1 | This round:4.8s | Avg:5.6s/paper | Est. remaining:9.7min
[17/120] Response on attempt 1 -> '4', parsed=4
[17/120] Score=4 | Attempts=1 | This round:4.0s | Avg:5.5s/paper | Est. remaining:9.4min
[18/120] Response on attempt 1 -> '5', parsed=5
[18/120] Score=5 | Attempts=1 | This round:9.0s | Avg:5.7s/paper | Est. remaining:9.7min
[19/120] Response on attempt 1 -> '5', parsed=5
[19/120] Score=5 | Attempts=1 | This round:5.6s | Avg:5.7s/paper | Est. remaining:9.6min
[20/120] Response on attempt 1 -> '4', parsed=4
[20/120] Score=4 | Attempts=1 | This round:4.2s | Avg:5.6s/paper | Est. remaining:9.4min
[21/120] Response on attempt 1 -> '3', parsed=3
[21/120] Score=3 | Attempts=1 | This round:4.3s | Avg:5.6s/paper | Est. remaining:9.2min
[22/120] Response on attempt 1 -> '4', parsed=4
[22/120] Score=4 | Attempts=1 | This round:6.1s | Avg:5.6s/paper | Est. remaining:9.1min
[23/120] Response on attempt 1 -> '5', parsed=5
[23/120] Score=5 | Attempts=1 | This round:6.5s | Avg:5.6s/paper | Est. remaining:9.1min
[24/120] Response on attempt 1 -> '4', parsed=4
[24/120] Score=4 | Attempts=1 | This round:3.6s | Avg:5.5s/paper | Est. remaining:8.9min
[25/120] Response on attempt 1 -> '3', parsed=3
[25/120] Score=3 | Attempts=1 | This round:4.6s | Avg:5.5s/paper | Est. remaining:8.7min
[26/120] Response on attempt 1 -> '5', parsed=5
[26/120] Score=5 | Attempts=1 | This round:4.3s | Avg:5.5s/paper | Est. remaining:8.5min
[27/120] Response on attempt 1 -> '5', parsed=5
[27/120] Score=5 | Attempts=1 | This round:4.4s | Avg:5.4s/paper | Est. remaining:8.4min
[28/120] Response on attempt 1 -> '5', parsed=5
[28/120] Score=5 | Attempts=1 | This round:4.2s | Avg:5.4s/paper | Est. remaining:8.2min
[29/120] Response on attempt 1 -> '4', parsed=4
[29/120] Score=4 | Attempts=1 | This round:6.4s | Avg:5.4s/paper | Est. remaining:8.2min
[30/120] Response on attempt 1 -> '5', parsed=5
[30/120] Score=5 | Attempts=1 | This round:4.4s | Avg:5.4s/paper | Est. remaining:8.1min
[31/120] Response on attempt 1 -> '4', parsed=4
[31/120] Score=4 | Attempts=1 | This round:4.3s | Avg:5.3s/paper | Est. remaining:7.9min
[32/120] Response on attempt 1 -> '4', parsed=4
[32/120] Score=4 | Attempts=1 | This round:3.9s | Avg:5.3s/paper | Est. remaining:7.8min
[33/120] Response on attempt 1 -> '3', parsed=3
[33/120] Score=3 | Attempts=1 | This round:4.5s | Avg:5.3s/paper | Est. remaining:7.6min
[34/120] Response on attempt 1 -> '5', parsed=5
[34/120] Score=5 | Attempts=1 | This round:8.3s | Avg:5.4s/paper | Est. remaining:7.7min
[35/120] Response on attempt 1 -> '5', parsed=5
[35/120] Score=5 | Attempts=1 | This round:4.4s | Avg:5.3s/paper | Est. remaining:7.6min
[36/120] Response on attempt 1 -> '4', parsed=4
[36/120] Score=4 | Attempts=1 | This round:4.1s | Avg:5.3s/paper | Est. remaining:7.4min
[37/120] Response on attempt 1 -> '4', parsed=4
[37/120] Score=4 | Attempts=1 | This round:3.7s | Avg:5.3s/paper | Est. remaining:7.3min
[38/120] Response on attempt 1 -> '4', parsed=4
[38/120] Score=4 | Attempts=1 | This round:9.4s | Avg:5.4s/paper | Est. remaining:7.3min
[39/120] Response on attempt 1 -> '4', parsed=4
[39/120] Score=4 | Attempts=1 | This round:4.5s | Avg:5.3s/paper | Est. remaining:7.2min
[40/120] Response on attempt 1 -> '4', parsed=4
[40/120] Score=4 | Attempts=1 | This round:5.6s | Avg:5.4s/paper | Est. remaining:7.1min
[41/120] Response on attempt 1 -> '5', parsed=5
[41/120] Score=5 | Attempts=1 | This round:6.2s | Avg:5.4s/paper | Est. remaining:7.1min
[42/120] Response on attempt 1 -> '4', parsed=4
[42/120] Score=4 | Attempts=1 | This round:4.9s | Avg:5.4s/paper | Est. remaining:7.0min
[43/120] Response on attempt 1 -> '4', parsed=4
[43/120] Score=4 | Attempts=1 | This round:4.4s | Avg:5.3s/paper | Est. remaining:6.8min
[44/120] Response on attempt 1 -> '4', parsed=4
[44/120] Score=4 | Attempts=1 | This round:4.5s | Avg:5.3s/paper | Est. remaining:6.7min
[45/120] Response on attempt 1 -> '5', parsed=5
[45/120] Score=5 | Attempts=1 | This round:4.0s | Avg:5.3s/paper | Est. remaining:6.6min
[46/120] Response on attempt 1 -> '4', parsed=4
[46/120] Score=4 | Attempts=1 | This round:4.2s | Avg:5.3s/paper | Est. remaining:6.5min
[47/120] Response on attempt 1 -> '4', parsed=4
[47/120] Score=4 | Attempts=1 | This round:7.1s | Avg:5.3s/paper | Est. remaining:6.5min
[48/120] Response on attempt 1 -> '4', parsed=4
[48/120] Score=4 | Attempts=1 | This round:5.2s | Avg:5.3s/paper | Est. remaining:6.4min
[49/120] Response on attempt 1 -> '3', parsed=3
[49/120] Score=3 | Attempts=1 | This round:3.8s | Avg:5.3s/paper | Est. remaining:6.2min
[50/120] Response on attempt 1 -> '5', parsed=5
[50/120] Score=5 | Attempts=1 | This round:4.1s | Avg:5.2s/paper | Est. remaining:6.1min
[51/120] Response on attempt 1 -> '4', parsed=4
[51/120] Score=4 | Attempts=1 | This round:4.0s | Avg:5.2s/paper | Est. remaining:6.0min
[52/120] Response on attempt 1 -> '4', parsed=4
[52/120] Score=4 | Attempts=1 | This round:4.3s | Avg:5.2s/paper | Est. remaining:5.9min
[53/120] Response on attempt 1 -> '3', parsed=3
[53/120] Score=3 | Attempts=1 | This round:7.2s | Avg:5.2s/paper | Est. remaining:5.9min
[54/120] Response on attempt 1 -> '4', parsed=4
[54/120] Score=4 | Attempts=1 | This round:3.9s | Avg:5.2s/paper | Est. remaining:5.7min
[55/120] Response on attempt 1 -> '4', parsed=4
[55/120] Score=4 | Attempts=1 | This round:6.2s | Avg:5.2s/paper | Est. remaining:5.7min
[56/120] Response on attempt 1 -> '4', parsed=4
[56/120] Score=4 | Attempts=1 | This round:3.7s | Avg:5.2s/paper | Est. remaining:5.6min
[57/120] Response on attempt 1 -> '3', parsed=3
[57/120] Score=3 | Attempts=1 | This round:4.6s | Avg:5.2s/paper | Est. remaining:5.5min
[58/120] Response on attempt 1 -> '3', parsed=3
[58/120] Score=3 | Attempts=1 | This round:3.9s | Avg:5.2s/paper | Est. remaining:5.3min
[59/120] Response on attempt 1 -> '2', parsed=2
[59/120] Score=2 | Attempts=1 | This round:5.9s | Avg:5.2s/paper | Est. remaining:5.3min
[60/120] Response on attempt 1 -> '4', parsed=4
[60/120] Score=4 | Attempts=1 | This round:4.2s | Avg:5.2s/paper | Est. remaining:5.2min
[61/120] Response on attempt 1 -> '5', parsed=5
[61/120] Score=5 | Attempts=1 | This round:3.9s | Avg:5.2s/paper | Est. remaining:5.1min
[62/120] Response on attempt 1 -> '5', parsed=5
[62/120] Score=5 | Attempts=1 | This round:4.0s | Avg:5.1s/paper | Est. remaining:5.0min
[63/120] Response on attempt 1 -> '2', parsed=2
[63/120] Score=2 | Attempts=1 | This round:4.8s | Avg:5.1s/paper | Est. remaining:4.9min
[64/120] Response on attempt 1 -> '5', parsed=5
[64/120] Score=5 | Attempts=1 | This round:4.7s | Avg:5.1s/paper | Est. remaining:4.8min
[65/120] Response on attempt 1 -> '5', parsed=5
[65/120] Score=5 | Attempts=1 | This round:9.4s | Avg:5.2s/paper | Est. remaining:4.8min
[66/120] Response on attempt 1 -> '3', parsed=3
[66/120] Score=3 | Attempts=1 | This round:5.8s | Avg:5.2s/paper | Est. remaining:4.7min
[67/120] Response on attempt 1 -> '5', parsed=5
[67/120] Score=5 | Attempts=1 | This round:8.8s | Avg:5.3s/paper | Est. remaining:4.6min
[68/120] Response on attempt 1 -> '3', parsed=3
[68/120] Score=3 | Attempts=1 | This round:5.0s | Avg:5.2s/paper | Est. remaining:4.5min
[69/120] Response on attempt 1 -> '3', parsed=3
[69/120] Score=3 | Attempts=1 | This round:4.1s | Avg:5.2s/paper | Est. remaining:4.4min
[70/120] Response on attempt 1 -> '4', parsed=4
[70/120] Score=4 | Attempts=1 | This round:4.3s | Avg:5.2s/paper | Est. remaining:4.3min
[71/120] Response on attempt 1 -> '3', parsed=3
[71/120] Score=3 | Attempts=1 | This round:6.5s | Avg:5.2s/paper | Est. remaining:4.3min
[72/120] Response on attempt 1 -> '5', parsed=5
[72/120] Score=5 | Attempts=1 | This round:23.2s | Avg:5.5s/paper | Est. remaining:4.4min
[73/120] Response on attempt 1 -> '4', parsed=4
[73/120] Score=4 | Attempts=1 | This round:54.0s | Avg:6.1s/paper | Est. remaining:4.8min
[74/120] Response on attempt 1 -> '4', parsed=4
[74/120] Score=4 | Attempts=1 | This round:4.2s | Avg:6.1s/paper | Est. remaining:4.7min
[75/120] Response on attempt 1 -> '5', parsed=5
[75/120] Score=5 | Attempts=1 | This round:3.8s | Avg:6.1s/paper | Est. remaining:4.6min
[76/120] Response on attempt 1 -> '4', parsed=4
[76/120] Score=4 | Attempts=1 | This round:5.8s | Avg:6.1s/paper | Est. remaining:4.5min
[77/120] Response on attempt 1 -> '5', parsed=5
[77/120] Score=5 | Attempts=1 | This round:4.1s | Avg:6.1s/paper | Est. remaining:4.3min
[78/120] Response on attempt 1 -> '3', parsed=3
[78/120] Score=3 | Attempts=1 | This round:4.2s | Avg:6.0s/paper | Est. remaining:4.2min
[79/120] Response on attempt 1 -> '4', parsed=4
[79/120] Score=4 | Attempts=1 | This round:3.9s | Avg:6.0s/paper | Est. remaining:4.1min
[80/120] Response on attempt 1 -> '5', parsed=5
[80/120] Score=5 | Attempts=1 | This round:4.2s | Avg:6.0s/paper | Est. remaining:4.0min
[81/120] Response on attempt 1 -> '3', parsed=3
[81/120] Score=3 | Attempts=1 | This round:3.9s | Avg:6.0s/paper | Est. remaining:3.9min
[82/120] Response on attempt 1 -> '5', parsed=5
[82/120] Score=5 | Attempts=1 | This round:4.0s | Avg:5.9s/paper | Est. remaining:3.8min
[83/120] Response on attempt 1 -> '5', parsed=5
[83/120] Score=5 | Attempts=1 | This round:4.7s | Avg:5.9s/paper | Est. remaining:3.7min
[84/120] Response on attempt 1 -> '2', parsed=2
[84/120] Score=2 | Attempts=1 | This round:3.9s | Avg:5.9s/paper | Est. remaining:3.5min
[85/120] Response on attempt 1 -> '4', parsed=4
[85/120] Score=4 | Attempts=1 | This round:4.0s | Avg:5.9s/paper | Est. remaining:3.4min
[86/120] Response on attempt 1 -> '3', parsed=3
[86/120] Score=3 | Attempts=1 | This round:3.9s | Avg:5.9s/paper | Est. remaining:3.3min
[87/120] Response on attempt 1 -> '4', parsed=4
[87/120] Score=4 | Attempts=1 | This round:3.6s | Avg:5.8s/paper | Est. remaining:3.2min
[88/120] Response on attempt 1 -> '4', parsed=4
[88/120] Score=4 | Attempts=1 | This round:3.9s | Avg:5.8s/paper | Est. remaining:3.1min
[89/120] Response on attempt 1 -> '2', parsed=2
[89/120] Score=2 | Attempts=1 | This round:3.8s | Avg:5.8s/paper | Est. remaining:3.0min
[90/120] Response on attempt 1 -> '5', parsed=5
[90/120] Score=5 | Attempts=1 | This round:4.7s | Avg:5.8s/paper | Est. remaining:2.9min
[91/120] Response on attempt 1 -> '5', parsed=5
[91/120] Score=5 | Attempts=1 | This round:3.7s | Avg:5.8s/paper | Est. remaining:2.8min
[92/120] Response on attempt 1 -> '2', parsed=2
[92/120] Score=2 | Attempts=1 | This round:5.2s | Avg:5.7s/paper | Est. remaining:2.7min
[93/120] Response on attempt 1 -> '4', parsed=4
[93/120] Score=4 | Attempts=1 | This round:4.4s | Avg:5.7s/paper | Est. remaining:2.6min
[94/120] Response on attempt 1 -> '3', parsed=3
[94/120] Score=3 | Attempts=1 | This round:3.5s | Avg:5.7s/paper | Est. remaining:2.5min
[95/120] Response on attempt 1 -> '5', parsed=5
[95/120] Score=5 | Attempts=1 | This round:4.0s | Avg:5.7s/paper | Est. remaining:2.4min
[96/120] Response on attempt 1 -> '3', parsed=3
[96/120] Score=3 | Attempts=1 | This round:3.6s | Avg:5.7s/paper | Est. remaining:2.3min
[97/120] Response on attempt 1 -> '3', parsed=3
[97/120] Score=3 | Attempts=1 | This round:5.9s | Avg:5.7s/paper | Est. remaining:2.2min
[98/120] Response on attempt 1 -> '4', parsed=4
[98/120] Score=4 | Attempts=1 | This round:4.1s | Avg:5.7s/paper | Est. remaining:2.1min
[99/120] Response on attempt 1 -> '3', parsed=3
[99/120] Score=3 | Attempts=1 | This round:4.3s | Avg:5.6s/paper | Est. remaining:2.0min
[100/120] Response on attempt 1 -> '2', parsed=2
[100/120] Score=2 | Attempts=1 | This round:5.1s | Avg:5.6s/paper | Est. remaining:1.9min
[101/120] Response on attempt 1 -> '4', parsed=4
[101/120] Score=4 | Attempts=1 | This round:4.5s | Avg:5.6s/paper | Est. remaining:1.8min
[102/120] Response on attempt 1 -> '5', parsed=5
[102/120] Score=5 | Attempts=1 | This round:4.5s | Avg:5.6s/paper | Est. remaining:1.7min
[103/120] Response on attempt 1 -> '3', parsed=3
[103/120] Score=3 | Attempts=1 | This round:3.6s | Avg:5.6s/paper | Est. remaining:1.6min
[104/120] Response on attempt 1 -> '3', parsed=3
[104/120] Score=3 | Attempts=1 | This round:3.8s | Avg:5.6s/paper | Est. remaining:1.5min
[105/120] Response on attempt 1 -> '4', parsed=4
[105/120] Score=4 | Attempts=1 | This round:4.1s | Avg:5.6s/paper | Est. remaining:1.4min
[106/120] Response on attempt 1 -> '4', parsed=4
[106/120] Score=4 | Attempts=1 | This round:3.7s | Avg:5.5s/paper | Est. remaining:1.3min
[107/120] Response on attempt 1 -> '5', parsed=5
[107/120] Score=5 | Attempts=1 | This round:4.3s | Avg:5.5s/paper | Est. remaining:1.2min
[108/120] Response on attempt 1 -> '3', parsed=3
[108/120] Score=3 | Attempts=1 | This round:3.9s | Avg:5.5s/paper | Est. remaining:1.1min
[109/120] Response on attempt 1 -> '3', parsed=3
[109/120] Score=3 | Attempts=1 | This round:8.0s | Avg:5.5s/paper | Est. remaining:1.0min
[110/120] Response on attempt 1 -> '3', parsed=3
[110/120] Score=3 | Attempts=1 | This round:3.8s | Avg:5.5s/paper | Est. remaining:0.9min
[111/120] Response on attempt 1 -> '4', parsed=4
[111/120] Score=4 | Attempts=1 | This round:4.1s | Avg:5.5s/paper | Est. remaining:0.8min
[112/120] Response on attempt 1 -> '4', parsed=4
[112/120] Score=4 | Attempts=1 | This round:4.0s | Avg:5.5s/paper | Est. remaining:0.7min
[113/120] Response on attempt 1 -> '4', parsed=4
[113/120] Score=4 | Attempts=1 | This round:5.3s | Avg:5.5s/paper | Est. remaining:0.6min
[114/120] Response on attempt 1 -> '3', parsed=3
[114/120] Score=3 | Attempts=1 | This round:5.4s | Avg:5.5s/paper | Est. remaining:0.5min
[115/120] Response on attempt 1 -> '5', parsed=5
[115/120] Score=5 | Attempts=1 | This round:3.9s | Avg:5.5s/paper | Est. remaining:0.5min
[116/120] Response on attempt 1 -> '3', parsed=3
[116/120] Score=3 | Attempts=1 | This round:4.1s | Avg:5.5s/paper | Est. remaining:0.4min
[117/120] Response on attempt 1 -> '4', parsed=4
[117/120] Score=4 | Attempts=1 | This round:4.1s | Avg:5.5s/paper | Est. remaining:0.3min
[118/120] Response on attempt 1 -> '1', parsed=1
[118/120] Score=1 | Attempts=1 | This round:3.9s | Avg:5.4s/paper | Est. remaining:0.2min
[119/120] Response on attempt 1 -> '4', parsed=4
[119/120] Score=4 | Attempts=1 | This round:9.7s | Avg:5.5s/paper | Est. remaining:0.1min
[120/120] Response on attempt 1 -> '2', parsed=2
[120/120] Score=2 | Attempts=1 | This round:5.4s | Avg:5.5s/paper | Est. remaining:0.0min
✅ Exported: <package-root>/results/s3_native/s3_native_confirmatory_20260716/systems/surveygen/fast_vision_language_pretraining/raw/paper_after_reranking.csv (only papers with abstracts were calculated and selected)
✅ Outline generated and saved to <package-root>/results/s3_native/s3_native_confirmatory_20260716/systems/surveygen/fast_vision_language_pretraining/raw/survey_outline.json

===== Generating Section 1/7: "Introduction and Background" - Subsection 1/4: "Motivation and Significance of Vision-Language Pretraining" =====
📖 Overall progress: 1/45 subsections
✅ Save: <package-root>/results/s3_native/s3_native_confirmatory_20260716/systems/surveygen/fast_vision_language_pretraining/raw/sections/01_01_Motivation_and_Significance_of_Vision-Language_Pretraining.json
📊 Token : prompt=21985 | completion=454 | total=22439
📈 Token : prompt=21985 | completion=454 | total=22439

===== Generating Section 1/7: "Introduction and Background" - Subsection 2/4: "Historical Evolution: From Unimodal to Multimodal Pretraining" =====
📖 Overall progress: 2/45 subsections
✅ Save: <package-root>/results/s3_native/s3_native_confirmatory_20260716/systems/surveygen/fast_vision_language_pretraining/raw/sections/01_02_Historical_Evolution_From_Unimodal_to_Multimodal_Pretraining.json
📊 Token : prompt=21995 | completion=292 | total=22287
📈 Token : prompt=43980 | completion=746 | total=44726

===== Generating Section 1/7: "Introduction and Background" - Subsection 3/4: "Taxonomy of Vision-Language Tasks" =====
📖 Overall progress: 3/45 subsections
✅ Save: <package-root>/results/s3_native/s3_native_confirmatory_20260716/systems/surveygen/fast_vision_language_pretraining/raw/sections/01_03_Taxonomy_of_Vision-Language_Tasks.json
📊 Token : prompt=21973 | completion=670 | total=22643
📈 Token : prompt=65953 | completion=1416 | total=67369

===== Generating Section 1/7: "Introduction and Background" - Subsection 4/4: "Overview of Survey Structure and Scope" =====
📖 Overall progress: 4/45 subsections
✅ Save: <package-root>/results/s3_native/s3_native_confirmatory_20260716/systems/surveygen/fast_vision_language_pretraining/raw/sections/01_04_Overview_of_Survey_Structure_and_Scope.json
📊 Token : prompt=21973 | completion=797 | total=22770
📈 Token : prompt=87926 | completion=2213 | total=90139

===== Generating Section 2/7: "Model Architectures for Vision-Language Pretraining" - Subsection 1/7: "Visual Encoding Strategies" =====
📖 Overall progress: 5/45 subsections
✅ Save: <package-root>/results/s3_native/s3_native_confirmatory_20260716/systems/surveygen/fast_vision_language_pretraining/raw/sections/02_01_Visual_Encoding_Strategies.json
📊 Token : prompt=21969 | completion=524 | total=22493
📈 Token : prompt=109895 | completion=2737 | total=112632

===== Generating Section 2/7: "Model Architectures for Vision-Language Pretraining" - Subsection 2/7: "Language Encoding Strategies" =====
📖 Overall progress: 6/45 subsections
✅ Save: <package-root>/results/s3_native/s3_native_confirmatory_20260716/systems/surveygen/fast_vision_language_pretraining/raw/sections/02_02_Language_Encoding_Strategies.json
📊 Token : prompt=21969 | completion=474 | total=22443
📈 Token : prompt=131864 | completion=3211 | total=135075

===== Generating Section 2/7: "Model Architectures for Vision-Language Pretraining" - Subsection 3/7: "Single-Stream (Fusion Encoder) Architectures" =====
📖 Overall progress: 7/45 subsections
✅ Save: <package-root>/results/s3_native/s3_native_confirmatory_20260716/systems/surveygen/fast_vision_language_pretraining/raw/sections/02_03_Single-Stream_Fusion_Encoder_Architectures.json
📊 Token : prompt=21983 | completion=381 | total=22364
📈 Token : prompt=153847 | completion=3592 | total=157439

===== Generating Section 2/7: "Model Architectures for Vision-Language Pretraining" - Subsection 4/7: "Dual-Stream (Contrastive) Architectures" =====
📖 Overall progress: 8/45 subsections
✅ Save: <package-root>/results/s3_native/s3_native_confirmatory_20260716/systems/surveygen/fast_vision_language_pretraining/raw/sections/02_04_Dual-Stream_Contrastive_Architectures.json
📊 Token : prompt=21985 | completion=438 | total=22423
📈 Token : prompt=175832 | completion=4030 | total=179862

===== Generating Section 2/7: "Model Architectures for Vision-Language Pretraining" - Subsection 5/7: "Encoder-Decoder Architectures for Generative Tasks" =====
📖 Overall progress: 9/45 subsections
✅ Save: <package-root>/results/s3_native/s3_native_confirmatory_20260716/systems/surveygen/fast_vision_language_pretraining/raw/sections/02_05_Encoder-Decoder_Architectures_for_Generative_Tasks.json
📊 Token : prompt=21985 | completion=444 | total=22429
📈 Token : prompt=197817 | completion=4474 | total=202291

===== Generating Section 2/7: "Model Architectures for Vision-Language Pretraining" - Subsection 6/7: "Unified and Multiway Transformer Architectures" =====
📖 Overall progress: 10/45 subsections
✅ Save: <package-root>/results/s3_native/s3_native_confirmatory_20260716/systems/surveygen/fast_vision_language_pretraining/raw/sections/02_06_Unified_and_Multiway_Transformer_Architectures.json
📊 Token : prompt=21981 | completion=342 | total=22323
📈 Token : prompt=219798 | completion=4816 | total=224614

===== Generating Section 2/7: "Model Architectures for Vision-Language Pretraining" - Subsection 7/7: "Scaling Laws and Model Size Considerations" =====
📖 Overall progress: 11/45 subsections
✅ Save: <package-root>/results/s3_native/s3_native_confirmatory_20260716/systems/surveygen/fast_vision_language_pretraining/raw/sections/02_07_Scaling_Laws_and_Model_Size_Considerations.json
📊 Token : prompt=21975 | completion=337 | total=22312
📈 Token : prompt=241773 | completion=5153 | total=246926

===== Generating Section 3/7: "Pretraining Objectives and Learning Strategies" - Subsection 1/8: "Contrastive Learning Objectives" =====
📖 Overall progress: 12/45 subsections
✅ Save: <package-root>/results/s3_native/s3_native_confirmatory_20260716/systems/surveygen/fast_vision_language_pretraining/raw/sections/03_01_Contrastive_Learning_Objectives.json
📊 Token : prompt=21973 | completion=551 | total=22524
📈 Token : prompt=263746 | completion=5704 | total=269450

===== Generating Section 3/7: "Pretraining Objectives and Learning Strategies" - Subsection 2/8: "Masked Language Modeling and Its Variants" =====
📖 Overall progress: 13/45 subsections
✅ Save: <package-root>/results/s3_native/s3_native_confirmatory_20260716/systems/surveygen/fast_vision_language_pretraining/raw/sections/03_02_Masked_Language_Modeling_and_Its_Variants.json
📊 Token : prompt=21977 | completion=499 | total=22476
📈 Token : prompt=285723 | completion=6203 | total=291926

===== Generating Section 3/7: "Pretraining Objectives and Learning Strategies" - Subsection 3/8: "Masked Image Modeling for Vision-Language Alignment" =====
📖 Overall progress: 14/45 subsections
✅ Save: <package-root>/results/s3_native/s3_native_confirmatory_20260716/systems/surveygen/fast_vision_language_pretraining/raw/sections/03_03_Masked_Image_Modeling_for_Vision-Language_Alignment.json
📊 Token : prompt=21981 | completion=376 | total=22357
📈 Token : prompt=307704 | completion=6579 | total=314283

===== Generating Section 3/7: "Pretraining Objectives and Learning Strategies" - Subsection 4/8: "Image-Text Matching and Visual-Linguistic Alignment Tasks" =====
📖 Overall progress: 15/45 subsections
✅ Save: <package-root>/results/s3_native/s3_native_confirmatory_20260716/systems/surveygen/fast_vision_language_pretraining/raw/sections/03_04_Image-Text_Matching_and_Visual-Linguistic_Alignment_Tasks.json
📊 Token : prompt=21985 | completion=429 | total=22414
📈 Token : prompt=329689 | completion=7008 | total=336697

===== Generating Section 3/7: "Pretraining Objectives and Learning Strategies" - Subsection 5/8: "Generative Pretraining Objectives" =====
📖 Overall progress: 16/45 subsections
✅ Save: <package-root>/results/s3_native/s3_native_confirmatory_20260716/systems/surveygen/fast_vision_language_pretraining/raw/sections/03_05_Generative_Pretraining_Objectives.json
📊 Token : prompt=21977 | completion=438 | total=22415
📈 Token : prompt=351666 | completion=7446 | total=359112

===== Generating Section 3/7: "Pretraining Objectives and Learning Strategies" - Subsection 6/8: "Self-Distillation and Knowledge Distillation Strategies" =====
📖 Overall progress: 17/45 subsections
✅ Save: <package-root>/results/s3_native/s3_native_confirmatory_20260716/systems/surveygen/fast_vision_language_pretraining/raw/sections/03_06_Self-Distillation_and_Knowledge_Distillation_Strategies.json
📊 Token : prompt=21987 | completion=406 | total=22393
📈 Token : prompt=373653 | completion=7852 | total=381505

===== Generating Section 3/7: "Pretraining Objectives and Learning Strategies" - Subsection 7/8: "Probabilistic and Uncertainty-Aware Pretraining" =====
📖 Overall progress: 18/45 subsections
✅ Save: <package-root>/results/s3_native/s3_native_confirmatory_20260716/systems/surveygen/fast_vision_language_pretraining/raw/sections/03_07_Probabilistic_and_Uncertainty-Aware_Pretraining.json
📊 Token : prompt=21985 | completion=257 | total=22242
📈 Token : prompt=395638 | completion=8109 | total=403747

===== Generating Section 3/7: "Pretraining Objectives and Learning Strategies" - Subsection 8/8: "Curriculum and Scheduled Sampling Strategies" =====
📖 Overall progress: 19/45 subsections
✅ Save: <package-root>/results/s3_native/s3_native_confirmatory_20260716/systems/surveygen/fast_vision_language_pretraining/raw/sections/03_08_Curriculum_and_Scheduled_Sampling_Strategies.json
📊 Token : prompt=21977 | completion=327 | total=22304
📈 Token : prompt=417615 | completion=8436 | total=426051

===== Generating Section 4/7: "Pretraining Data: Collection, Curation, and Augmentation" - Subsection 1/6: "Large-Scale Web-Scraped Image-Text Datasets" =====
📖 Overall progress: 20/45 subsections
✅ Save: <package-root>/results/s3_native/s3_native_confirmatory_20260716/systems/surveygen/fast_vision_language_pretraining/raw/sections/04_01_Large-Scale_Web-Scraped_Image-Text_Datasets.json
📊 Token : prompt=21985 | completion=354 | total=22339
📈 Token : prompt=439600 | completion=8790 | total=448390

===== Generating Section 4/7: "Pretraining Data: Collection, Curation, and Augmentation" - Subsection 2/6: "Domain-Specific and Specialized Datasets" =====
📖 Overall progress: 21/45 subsections
✅ Save: <package-root>/results/s3_native/s3_native_confirmatory_20260716/systems/surveygen/fast_vision_language_pretraining/raw/sections/04_02_Domain-Specific_and_Specialized_Datasets.json
📊 Token : prompt=21977 | completion=623 | total=22600
📈 Token : prompt=461577 | completion=9413 | total=470990

===== Generating Section 4/7: "Pretraining Data: Collection, Curation, and Augmentation" - Subsection 3/6: "Handling Noisy and Misaligned Image-Text Pairs" =====
📖 Overall progress: 22/45 subsections
✅ Save: <package-root>/results/s3_native/s3_native_confirmatory_20260716/systems/surveygen/fast_vision_language_pretraining/raw/sections/04_03_Handling_Noisy_and_Misaligned_Image-Text_Pairs.json
📊 Token : prompt=21989 | completion=333 | total=22322
📈 Token : prompt=483566 | completion=9746 | total=493312

===== Generating Section 4/7: "Pretraining Data: Collection, Curation, and Augmentation" - Subsection 4/6: "Pseudo-Labeling and Self-Training for Data Augmentation" =====
📖 Overall progress: 23/45 subsections
✅ Save: <package-root>/results/s3_native/s3_native_confirmatory_20260716/systems/surveygen/fast_vision_language_pretraining/raw/sections/04_04_Pseudo-Labeling_and_Self-Training_for_Data_Augmentation.json
📊 Token : prompt=21989 | completion=386 | total=22375
📈 Token : prompt=505555 | completion=10132 | total=515687

===== Generating Section 4/7: "Pretraining Data: Collection, Curation, and Augmentation" - Subsection 5/6: "Unsupervised and Weakly Supervised Data Construction" =====
📖 Overall progress: 24/45 subsections
✅ Save: <package-root>/results/s3_native/s3_native_confirmatory_20260716/systems/surveygen/fast_vision_language_pretraining/raw/sections/04_05_Unsupervised_and_Weakly_Supervised_Data_Construction.json
📊 Token : prompt=21985 | completion=344 | total=22329
📈 Token : prompt=527540 | completion=10476 | total=538016

===== Generating Section 4/7: "Pretraining Data: Collection, Curation, and Augmentation" - Subsection 6/6: "Multilingual and Cross-Lingual Pretraining Data" =====
📖 Overall progress: 25/45 subsections
✅ Save: <package-root>/results/s3_native/s3_native_confirmatory_20260716/systems/surveygen/fast_vision_language_pretraining/raw/sections/04_06_Multilingual_and_Cross-Lingual_Pretraining_Data.json
📊 Token : prompt=21987 | completion=290 | total=22277
📈 Token : prompt=549527 | completion=10766 | total=560293

===== Generating Section 5/7: "Downstream Task Adaptation and Transfer Learning" - Subsection 1/7: "Full Fine-Tuning and Task-Specific Adaptation" =====
📖 Overall progress: 26/45 subsections
✅ Save: <package-root>/results/s3_native/s3_native_confirmatory_20260716/systems/surveygen/fast_vision_language_pretraining/raw/sections/05_01_Full_Fine-Tuning_and_Task-Specific_Adaptation.json
📊 Token : prompt=21985 | completion=422 | total=22407
📈 Token : prompt=571512 | completion=11188 | total=582700

===== Generating Section 5/7: "Downstream Task Adaptation and Transfer Learning" - Subsection 2/7: "Prompt Tuning and Context Optimization" =====
📖 Overall progress: 27/45 subsections
✅ Save: <package-root>/results/s3_native/s3_native_confirmatory_20260716/systems/surveygen/fast_vision_language_pretraining/raw/sections/05_02_Prompt_Tuning_and_Context_Optimization.json
📊 Token : prompt=21977 | completion=328 | total=22305
📈 Token : prompt=593489 | completion=11516 | total=605005

===== Generating Section 5/7: "Downstream Task Adaptation and Transfer Learning" - Subsection 3/7: "Adapter-Based and Parameter-Efficient Fine-Tuning" =====
📖 Overall progress: 28/45 subsections
✅ Save: <package-root>/results/s3_native/s3_native_confirmatory_20260716/systems/surveygen/fast_vision_language_pretraining/raw/sections/05_03_Adapter-Based_and_Parameter-Efficient_Fine-Tuning.json
📊 Token : prompt=21987 | completion=268 | total=22255
📈 Token : prompt=615476 | completion=11784 | total=627260

===== Generating Section 5/7: "Downstream Task Adaptation and Transfer Learning" - Subsection 4/7: "Zero-Shot and Few-Shot Transfer" =====
📖 Overall progress: 29/45 subsections
✅ Save: <package-root>/results/s3_native/s3_native_confirmatory_20260716/systems/surveygen/fast_vision_language_pretraining/raw/sections/05_04_Zero-Shot_and_Few-Shot_Transfer.json
📊 Token : prompt=21975 | completion=526 | total=22501
📈 Token : prompt=637451 | completion=12310 | total=649761

===== Generating Section 5/7: "Downstream Task Adaptation and Transfer Learning" - Subsection 5/7: "Dense Prediction Tasks: Detection and Segmentation" =====
📖 Overall progress: 30/45 subsections
✅ Save: <package-root>/results/s3_native/s3_native_confirmatory_20260716/systems/surveygen/fast_vision_language_pretraining/raw/sections/05_05_Dense_Prediction_Tasks_Detection_and_Segmentation.json
📊 Token : prompt=21979 | completion=505 | total=22484
📈 Token : prompt=659430 | completion=12815 | total=672245

===== Generating Section 5/7: "Downstream Task Adaptation and Transfer Learning" - Subsection 6/7: "Video and Temporal Understanding" =====
📖 Overall progress: 31/45 subsections
✅ Save: <package-root>/results/s3_native/s3_native_confirmatory_20260716/systems/surveygen/fast_vision_language_pretraining/raw/sections/05_06_Video_and_Temporal_Understanding.json
📊 Token : prompt=21969 | completion=381 | total=22350
📈 Token : prompt=681399 | completion=13196 | total=694595

===== Generating Section 5/7: "Downstream Task Adaptation and Transfer Learning" - Subsection 7/7: "Specialized Domain Applications" =====
📖 Overall progress: 32/45 subsections
✅ Save: <package-root>/results/s3_native/s3_native_confirmatory_20260716/systems/surveygen/fast_vision_language_pretraining/raw/sections/05_07_Specialized_Domain_Applications.json
📊 Token : prompt=21967 | completion=644 | total=22611
📈 Token : prompt=703366 | completion=13840 | total=717206

===== Generating Section 6/7: "Evaluation Benchmarks and Analysis of VLP Models" - Subsection 1/6: "Standard Downstream Benchmarks" =====
📖 Overall progress: 33/45 subsections
✅ Save: <package-root>/results/s3_native/s3_native_confirmatory_20260716/systems/surveygen/fast_vision_language_pretraining/raw/sections/06_01_Standard_Downstream_Benchmarks.json
📊 Token : prompt=21971 | completion=418 | total=22389
📈 Token : prompt=725337 | completion=14258 | total=739595

===== Generating Section 6/7: "Evaluation Benchmarks and Analysis of VLP Models" - Subsection 2/6: "Compositional and Linguistic Probing Benchmarks" =====
📖 Overall progress: 34/45 subsections
✅ Save: <package-root>/results/s3_native/s3_native_confirmatory_20260716/systems/surveygen/fast_vision_language_pretraining/raw/sections/06_02_Compositional_and_Linguistic_Probing_Benchmarks.json
📊 Token : prompt=21983 | completion=320 | total=22303
📈 Token : prompt=747320 | completion=14578 | total=761898

===== Generating Section 6/7: "Evaluation Benchmarks and Analysis of VLP Models" - Subsection 3/6: "Bias, Fairness, and Ethical Evaluation" =====
📖 Overall progress: 35/45 subsections
✅ Save: <package-root>/results/s3_native/s3_native_confirmatory_20260716/systems/surveygen/fast_vision_language_pretraining/raw/sections/06_03_Bias_Fairness_and_Ethical_Evaluation.json
📊 Token : prompt=21983 | completion=271 | total=22254
📈 Token : prompt=769303 | completion=14849 | total=784152

===== Generating Section 6/7: "Evaluation Benchmarks and Analysis of VLP Models" - Subsection 4/6: "Efficiency and Scalability Analysis" =====
📖 Overall progress: 36/45 subsections
✅ Save: <package-root>/results/s3_native/s3_native_confirmatory_20260716/systems/surveygen/fast_vision_language_pretraining/raw/sections/06_04_Efficiency_and_Scalability_Analysis.json
📊 Token : prompt=21973 | completion=448 | total=22421
📈 Token : prompt=791276 | completion=15297 | total=806573

===== Generating Section 6/7: "Evaluation Benchmarks and Analysis of VLP Models" - Subsection 5/6: "Ablation Studies and Component Analysis" =====
📖 Overall progress: 37/45 subsections
✅ Save: <package-root>/results/s3_native/s3_native_confirmatory_20260716/systems/surveygen/fast_vision_language_pretraining/raw/sections/06_05_Ablation_Studies_and_Component_Analysis.json
📊 Token : prompt=21973 | completion=400 | total=22373
📈 Token : prompt=813249 | completion=15697 | total=828946

===== Generating Section 6/7: "Evaluation Benchmarks and Analysis of VLP Models" - Subsection 6/6: "Continual and Lifelong Learning Evaluation" =====
📖 Overall progress: 38/45 subsections
✅ Save: <package-root>/results/s3_native/s3_native_confirmatory_20260716/systems/surveygen/fast_vision_language_pretraining/raw/sections/06_06_Continual_and_Lifelong_Learning_Evaluation.json
📊 Token : prompt=21979 | completion=214 | total=22193
📈 Token : prompt=835228 | completion=15911 | total=851139

===== Generating Section 7/7: "Emerging Directions and Open Challenges" - Subsection 1/7: "Extending VLP to Additional Modalities" =====
📖 Overall progress: 39/45 subsections
✅ Save: <package-root>/results/s3_native/s3_native_confirmatory_20260716/systems/surveygen/fast_vision_language_pretraining/raw/sections/07_01_Extending_VLP_to_Additional_Modalities.json
📊 Token : prompt=21977 | completion=240 | total=22217
📈 Token : prompt=857205 | completion=16151 | total=873356

===== Generating Section 7/7: "Emerging Directions and Open Challenges" - Subsection 2/7: "Instruction Tuning and General-Purpose Vision-Language Models" =====
📖 Overall progress: 40/45 subsections
✅ Save: <package-root>/results/s3_native/s3_native_confirmatory_20260716/systems/surveygen/fast_vision_language_pretraining/raw/sections/07_02_Instruction_Tuning_and_General-Purpose_Vision-Language_Models.json
📊 Token : prompt=21985 | completion=302 | total=22287
📈 Token : prompt=879190 | completion=16453 | total=895643

===== Generating Section 7/7: "Emerging Directions and Open Challenges" - Subsection 3/7: "3D and Spatiotemporal Vision-Language Pretraining" =====
📖 Overall progress: 41/45 subsections
✅ Save: <package-root>/results/s3_native/s3_native_confirmatory_20260716/systems/surveygen/fast_vision_language_pretraining/raw/sections/07_03_3D_and_Spatiotemporal_Vision-Language_Pretraining.json
📊 Token : prompt=21991 | completion=387 | total=22378
📈 Token : prompt=901181 | completion=16840 | total=918021

===== Generating Section 7/7: "Emerging Directions and Open Challenges" - Subsection 4/7: "Compositional Reasoning and Fine-Grained Alignment" =====
📖 Overall progress: 42/45 subsections
✅ Save: <package-root>/results/s3_native/s3_native_confirmatory_20260716/systems/surveygen/fast_vision_language_pretraining/raw/sections/07_04_Compositional_Reasoning_and_Fine-Grained_Alignment.json
📊 Token : prompt=21985 | completion=479 | total=22464
📈 Token : prompt=923166 | completion=17319 | total=940485

===== Generating Section 7/7: "Emerging Directions and Open Challenges" - Subsection 5/7: "Responsible AI: Bias Mitigation and Ethical Considerations" =====
📖 Overall progress: 43/45 subsections
✅ Save: <package-root>/results/s3_native/s3_native_confirmatory_20260716/systems/surveygen/fast_vision_language_pretraining/raw/sections/07_05_Responsible_AI_Bias_Mitigation_and_Ethical_Considerations.json
📊 Token : prompt=21987 | completion=287 | total=22274
📈 Token : prompt=945153 | completion=17606 | total=962759

===== Generating Section 7/7: "Emerging Directions and Open Challenges" - Subsection 6/7: "Efficient and Sustainable Pretraining" =====
📖 Overall progress: 44/45 subsections
✅ Save: <package-root>/results/s3_native/s3_native_confirmatory_20260716/systems/surveygen/fast_vision_language_pretraining/raw/sections/07_06_Efficient_and_Sustainable_Pretraining.json
📊 Token : prompt=21977 | completion=420 | total=22397
📈 Token : prompt=967130 | completion=18026 | total=985156

===== Generating Section 7/7: "Emerging Directions and Open Challenges" - Subsection 7/7: "Towards Unified Multimodal Foundation Models" =====
📖 Overall progress: 45/45 subsections
✅ Save: <package-root>/results/s3_native/s3_native_confirmatory_20260716/systems/surveygen/fast_vision_language_pretraining/raw/sections/07_07_Towards_Unified_Multimodal_Foundation_Models.json
📊 Token : prompt=21979 | completion=356 | total=22335
📈 Token : prompt=989109 | completion=18382 | total=1007491

🎉 All 45 subsections generated, bundled and saved to <package-root>/results/s3_native/s3_native_confirmatory_20260716/systems/surveygen/fast_vision_language_pretraining/raw/survey_content.json
⏱ Total time: 10.2 minutes (613.5 seconds)
[resume] paper_retrieval.py: Vision-Language Pretraining.json already present
[2026-07-16T07:21:52Z] returncode=0 elapsed_seconds=1672.915 timed_out=False
