[2026-07-16T02:35:35Z] command=<package-root>/work/s3_native/envs/surveygen/bin/python <package-root>/code/experiments/exp5_native_comparison/surveygen_native_driver.py --source-dir <package-root>/work/s3_native/baselines/surveygen --output-dir <package-root>/results/s3_native/s3_native_confirmatory_20260716/systems/surveygen/mature_neural_machine_translation/raw --topic Neural Machine Translation --publication-cutoff 2023-12-31 --max-references 60 --max-candidates 120 --target-words 4000 --model s3-common-backbone --api-base-url http://127.0.0.1:18080/v1 --bge-model <package-root>/work/s3_native/assets/surveygen/models/bge-large-en

📘 Processing article 1 of 1...
🔍 Searching: Neural Machine Translation | Offset: 0 | Year ≤ 2023
⏳ Hit rate limit (429). Waiting before retrying...
🔍 Searching: Neural Machine Translation | Offset: 0 | Year ≤ 2023
⏳ Hit rate limit (429). Waiting before retrying...
🔍 Searching: Neural Machine Translation | Offset: 0 | Year ≤ 2023
⏳ Hit rate limit (429). Waiting before retrying...
🔍 Searching: Neural Machine Translation | Offset: 0 | Year ≤ 2023
⏳ Hit rate limit (429). Waiting before retrying...
🔍 Searching: Neural Machine Translation | Offset: 0 | Year ≤ 2023
⏳ Hit rate limit (429). Waiting before retrying...
🔍 Searching: Neural Machine Translation | Offset: 0 | Year ≤ 2023
⏳ Hit rate limit (429). Waiting before retrying...
🔍 Searching: Neural Machine Translation | Offset: 0 | Year ≤ 2023
⏳ Hit rate limit (429). Waiting before retrying...
🔍 Searching: Neural Machine Translation | Offset: 0 | Year ≤ 2023
⏳ Hit rate limit (429). Waiting before retrying...
🔍 Searching: Neural Machine Translation | Offset: 0 | Year ≤ 2023
⏳ Hit rate limit (429). Waiting before retrying...
🔍 Searching: Neural Machine Translation | Offset: 0 | Year ≤ 2023
⏳ Hit rate limit (429). Waiting before retrying...
🔍 Searching: Neural Machine Translation | Offset: 0 | Year ≤ 2023
⏳ Hit rate limit (429). Waiting before retrying...
🔍 Searching: Neural Machine Translation | Offset: 0 | Year ≤ 2023
⏳ Hit rate limit (429). Waiting before retrying...
🔍 Searching: Neural Machine Translation | Offset: 0 | Year ≤ 2023
⏳ Hit rate limit (429). Waiting before retrying...
🔍 Searching: Neural Machine Translation | Offset: 0 | Year ≤ 2023
✅ Added 78 valid papers (total: 78)
🔍 Searching: Neural Machine Translation | Offset: 100 | Year ≤ 2023
⏳ Hit rate limit (429). Waiting before retrying...
🔍 Searching: Neural Machine Translation | Offset: 100 | Year ≤ 2023
⏳ Hit rate limit (429). Waiting before retrying...
🔍 Searching: Neural Machine Translation | Offset: 100 | Year ≤ 2023
⏳ Hit rate limit (429). Waiting before retrying...
🔍 Searching: Neural Machine Translation | Offset: 100 | Year ≤ 2023
⏳ Hit rate limit (429). Waiting before retrying...
🔍 Searching: Neural Machine Translation | Offset: 100 | Year ≤ 2023
⏳ Hit rate limit (429). Waiting before retrying...
🔍 Searching: Neural Machine Translation | Offset: 100 | Year ≤ 2023
⏳ Hit rate limit (429). Waiting before retrying...
🔍 Searching: Neural Machine Translation | Offset: 100 | Year ≤ 2023
⏳ Hit rate limit (429). Waiting before retrying...
🔍 Searching: Neural Machine Translation | Offset: 100 | Year ≤ 2023
⏳ Hit rate limit (429). Waiting before retrying...
🔍 Searching: Neural Machine Translation | Offset: 100 | Year ≤ 2023
✅ Added 42 valid papers (total: 120)
📁 Saved to: <package-root>/results/s3_native/s3_native_confirmatory_20260716/systems/surveygen/mature_neural_machine_translation/raw/Neural Machine Translation.json

✅ All done. Results saved in '<package-root>/results/s3_native/s3_native_confirmatory_20260716/systems/surveygen/mature_neural_machine_translation/raw' folder.
Processed 10 papers
Processed 20 papers
Processed 30 papers
Processed 40 papers
Processed 50 papers
Processed 60 papers
Processed 70 papers
Processed 80 papers
Processed 90 papers
Processed 100 papers
Processed 110 papers
Processed 120 papers
https://api.openalex.org/authors?filter=ids.openalex:https://openalex.org/A5045872048|https://openalex.org/A5005840801|https://openalex.org/A5074142241|https://openalex.org/A5013286997|https://openalex.org/A5067919401|https://openalex.org/A5100377278|https://openalex.org/A5067705729|https://openalex.org/A5100431150|https://openalex.org/A5100342874|https://openalex.org/A5062546146
https://api.openalex.org/authors?filter=ids.openalex:https://openalex.org/A5062384828|https://openalex.org/A5112315093|https://openalex.org/A5090357305|https://openalex.org/A5036346344|https://openalex.org/A5045662541|https://openalex.org/A5021180431|https://openalex.org/A5066026979|https://openalex.org/A5079672770|https://openalex.org/A5034203731|https://openalex.org/A5100674551
https://api.openalex.org/authors?filter=ids.openalex:https://openalex.org/A5101736731|https://openalex.org/A5101992618|https://openalex.org/A5101039973|https://openalex.org/A5000583191|https://openalex.org/A5046006076|https://openalex.org/A5065193578|https://openalex.org/A5044490167|https://openalex.org/A5086198262|https://openalex.org/A5085246256|https://openalex.org/A5100511941
https://api.openalex.org/authors?filter=ids.openalex:https://openalex.org/A5050046452|https://openalex.org/A5091175785|https://openalex.org/A5077805110|https://openalex.org/A5030087918|https://openalex.org/A5074210163|https://openalex.org/A5045356877|https://openalex.org/A5019715118|https://openalex.org/A5101718939|https://openalex.org/A5035914396|https://openalex.org/A5075806509
https://api.openalex.org/authors?filter=ids.openalex:https://openalex.org/A5070594684|https://openalex.org/A5005771535|https://openalex.org/A5047824440|https://openalex.org/A5100623107|https://openalex.org/A5020181962|https://openalex.org/A5070418792|https://openalex.org/A5055122985|https://openalex.org/A5011367648|https://openalex.org/A5009117409|https://openalex.org/A5074103823
https://api.openalex.org/authors?filter=ids.openalex:https://openalex.org/A5021329708|https://openalex.org/A5035694997|https://openalex.org/A5100704639|https://openalex.org/A5100440407|https://openalex.org/A5108697025|https://openalex.org/A5066670784|https://openalex.org/A5100444201|https://openalex.org/A5079875307|https://openalex.org/A5034476404|https://openalex.org/A5105836462
https://api.openalex.org/authors?filter=ids.openalex:https://openalex.org/A5102921433|https://openalex.org/A5100716372|https://openalex.org/A5101853761|https://openalex.org/A5101857422|https://openalex.org/A5010253402|https://openalex.org/A5076150774|https://openalex.org/A5005673540|https://openalex.org/A5082417280|https://openalex.org/A5101884287|https://openalex.org/A5053217291
https://api.openalex.org/authors?filter=ids.openalex:https://openalex.org/A5086808075|https://openalex.org/A5076935629|https://openalex.org/A5038465761|https://openalex.org/A5003237783|https://openalex.org/A5016284564|https://openalex.org/A5015785439|https://openalex.org/A5077362985|https://openalex.org/A5051693368|https://openalex.org/A5100455151|https://openalex.org/A5038456766
https://api.openalex.org/authors?filter=ids.openalex:https://openalex.org/A5025832925|https://openalex.org/A5034829413|https://openalex.org/A5002889503|https://openalex.org/A5052909911|https://openalex.org/A5100363719|https://openalex.org/A5072014199|https://openalex.org/A5042544133|https://openalex.org/A5083212922|https://openalex.org/A5061528283|https://openalex.org/A5081525024
https://api.openalex.org/authors?filter=ids.openalex:https://openalex.org/A5043872671|https://openalex.org/A5086717154|https://openalex.org/A5065856469|https://openalex.org/A5101522530|https://openalex.org/A5059243935|https://openalex.org/A5100959930|https://openalex.org/A5003986900|https://openalex.org/A5076248976|https://openalex.org/A5004586958|https://openalex.org/A5084321238
https://api.openalex.org/authors?filter=ids.openalex:https://openalex.org/A5042254428|https://openalex.org/A5041262116|https://openalex.org/A5048237545|https://openalex.org/A5061001839|https://openalex.org/A5109059955|https://openalex.org/A5100400133|https://openalex.org/A5055469774|https://openalex.org/A5080051493|https://openalex.org/A5033330160|https://openalex.org/A5107028150
https://api.openalex.org/authors?filter=ids.openalex:https://openalex.org/A5068811427|https://openalex.org/A5056500539|https://openalex.org/A5067037708|https://openalex.org/A5027223654|https://openalex.org/A5053763390|https://openalex.org/A5110579339|https://openalex.org/A5015125409|https://openalex.org/A5002499277|https://openalex.org/A5066326238|https://openalex.org/A5044068122
https://api.openalex.org/authors?filter=ids.openalex:https://openalex.org/A5086000078|https://openalex.org/A5090276500|https://openalex.org/A5042025393|https://openalex.org/A5036844643|https://openalex.org/A5019081674|https://openalex.org/A5032039796|https://openalex.org/A5030246894|https://openalex.org/A5032649444|https://openalex.org/A5089603211|https://openalex.org/A5112542984
https://api.openalex.org/authors?filter=ids.openalex:https://openalex.org/A5108266978|https://openalex.org/A5101652490|https://openalex.org/A5078940234|https://openalex.org/A5047699861|https://openalex.org/A5112220347|https://openalex.org/A5088551093|https://openalex.org/A5077727226|https://openalex.org/A5078530959|https://openalex.org/A5021698978|https://openalex.org/A5020154435
https://api.openalex.org/authors?filter=ids.openalex:https://openalex.org/A5077664285|https://openalex.org/A5018069499|https://openalex.org/A5046525661|https://openalex.org/A5074102828|https://openalex.org/A5102965197|https://openalex.org/A5101599729|https://openalex.org/A5073352990|https://openalex.org/A5038581447|https://openalex.org/A5110033355|https://openalex.org/A5086583247
https://api.openalex.org/authors?filter=ids.openalex:https://openalex.org/A5037457672|https://openalex.org/A5061969027|https://openalex.org/A5101527631|https://openalex.org/A5100448121|https://openalex.org/A5112501010|https://openalex.org/A5027616607|https://openalex.org/A5061762931|https://openalex.org/A5100692493|https://openalex.org/A5054371148|https://openalex.org/A5111465122
https://api.openalex.org/authors?filter=ids.openalex:https://openalex.org/A5024102664|https://openalex.org/A5109393622|https://openalex.org/A5106821597|https://openalex.org/A5100614732|https://openalex.org/A5036002022|https://openalex.org/A5018646392|https://openalex.org/A5090376460|https://openalex.org/A5056877599|https://openalex.org/A5024316712|https://openalex.org/A5100456723
https://api.openalex.org/authors?filter=ids.openalex:https://openalex.org/A5100333729|https://openalex.org/A5078390032|https://openalex.org/A5026064427|https://openalex.org/A5025244406|https://openalex.org/A5078961860|https://openalex.org/A5106557565
Top 50 most co-occurring references: 50
https://api.openalex.org/authors?filter=ids.openalex:https://openalex.org/A5076248976|https://openalex.org/A5071172037|https://openalex.org/A5057457287|https://openalex.org/A5028035527|https://openalex.org/A5013286997|https://openalex.org/A5100693798|https://openalex.org/A5005020376|https://openalex.org/A5062546146|https://openalex.org/A5115592065|https://openalex.org/A5025976094
https://api.openalex.org/authors?filter=ids.openalex:https://openalex.org/A5026940571|https://openalex.org/A5112315093|https://openalex.org/A5059729571|https://openalex.org/A5103733614|https://openalex.org/A5012276327|https://openalex.org/A5053947885|https://openalex.org/A5021772140|https://openalex.org/A5020785659|https://openalex.org/A5010253402|https://openalex.org/A5076150774
https://api.openalex.org/authors?filter=ids.openalex:https://openalex.org/A5036811894|https://openalex.org/A5100355692|https://openalex.org/A5027223654|https://openalex.org/A5053148274|https://openalex.org/A5023053982|https://openalex.org/A5074209052|https://openalex.org/A5001901561|https://openalex.org/A5077746237|https://openalex.org/A5109522253|https://openalex.org/A5046006076
https://api.openalex.org/authors?filter=ids.openalex:https://openalex.org/A5068394403|https://openalex.org/A5078910140|https://openalex.org/A5086198262|https://openalex.org/A5100386394|https://openalex.org/A5010465328|https://openalex.org/A5069183549|https://openalex.org/A5054371148|https://openalex.org/A5101919635|https://openalex.org/A5027969886|https://openalex.org/A5112542984
https://api.openalex.org/authors?filter=ids.openalex:https://openalex.org/A5065912572|https://openalex.org/A5006446297|https://openalex.org/A5030087918|https://openalex.org/A5051608757|https://openalex.org/A5056877599|https://openalex.org/A5035914396|https://openalex.org/A5088551093|https://openalex.org/A5083212922|https://openalex.org/A5043872671|https://openalex.org/A5024065815
https://api.openalex.org/authors?filter=ids.openalex:https://openalex.org/A5111884032|https://openalex.org/A5016113002
Processing completed! Processed 120 papers + 36 co-cited papers, results saved to <package-root>/results/s3_native/s3_native_confirmatory_20260716/systems/surveygen/mature_neural_machine_translation/raw/final_ref_set.json
loading BGE-Large ...
Starting GPT relevance scoring (only for 155 papers with abstracts)...
[1/155] Exception on attempt 1: Error code: 402 - {'error': {'message': 'Insufficient credits. Current balance: $-0.201757. Please top up to continue.', 'type': 'insufficient_credits', 'code': 402}}
[1/155] Exception on attempt 2: Error code: 402 - {'error': {'message': 'Insufficient credits. Current balance: $-0.201757. Please top up to continue.', 'type': 'insufficient_credits', 'code': 402}}
[1/155] Exception on attempt 3: Error code: 402 - {'error': {'message': 'Insufficient credits. Current balance: $-0.201757. Please top up to continue.', 'type': 'insufficient_credits', 'code': 402}}
[1/155] Exception on attempt 4: Error code: 402 - {'error': {'message': 'Insufficient credits. Current balance: $-0.201757. Please top up to continue.', 'type': 'insufficient_credits', 'code': 402}}
[1/155] Exception on attempt 5: Error code: 402 - {'error': {'message': 'Insufficient credits. Current balance: $-0.201757. Please top up to continue.', 'type': 'insufficient_credits', 'code': 402}}
[1/155] ❌ Exceeded maximum retries (5), returning None
[1/155] Score=None | Attempts=5 | This round:33.3s | Avg:33.3s/paper | Est. remaining:85.5min
[2/155] Exception on attempt 1: Error code: 402 - {'error': {'message': 'Insufficient credits. Current balance: $-0.201757. Please top up to continue.', 'type': 'insufficient_credits', 'code': 402}}
[2/155] Exception on attempt 2: Error code: 402 - {'error': {'message': 'Insufficient credits. Current balance: $-0.201757. Please top up to continue.', 'type': 'insufficient_credits', 'code': 402}}
[2/155] Exception on attempt 3: Error code: 402 - {'error': {'message': 'Insufficient credits. Current balance: $-0.201757. Please top up to continue.', 'type': 'insufficient_credits', 'code': 402}}
[2/155] Exception on attempt 4: Error code: 402 - {'error': {'message': 'Insufficient credits. Current balance: $-0.201757. Please top up to continue.', 'type': 'insufficient_credits', 'code': 402}}
[2/155] Exception on attempt 5: Error code: 402 - {'error': {'message': 'Insufficient credits. Current balance: $-0.201757. Please top up to continue.', 'type': 'insufficient_credits', 'code': 402}}
[2/155] ❌ Exceeded maximum retries (5), returning None
[2/155] Score=None | Attempts=5 | This round:31.2s | Avg:32.3s/paper | Est. remaining:82.3min
[3/155] Exception on attempt 1: Error code: 402 - {'error': {'message': 'Insufficient credits. Current balance: $-0.201757. Please top up to continue.', 'type': 'insufficient_credits', 'code': 402}}
[3/155] Exception on attempt 2: Error code: 402 - {'error': {'message': 'Insufficient credits. Current balance: $-0.201757. Please top up to continue.', 'type': 'insufficient_credits', 'code': 402}}
[3/155] Exception on attempt 3: Error code: 402 - {'error': {'message': 'Insufficient credits. Current balance: $-0.201757. Please top up to continue.', 'type': 'insufficient_credits', 'code': 402}}
[3/155] Exception on attempt 4: Error code: 402 - {'error': {'message': 'Insufficient credits. Current balance: $-0.201757. Please top up to continue.', 'type': 'insufficient_credits', 'code': 402}}
[3/155] Exception on attempt 5: Error code: 402 - {'error': {'message': 'Insufficient credits. Current balance: $-0.201757. Please top up to continue.', 'type': 'insufficient_credits', 'code': 402}}
[3/155] ❌ Exceeded maximum retries (5), returning None
[3/155] Score=None | Attempts=5 | This round:30.4s | Avg:31.6s/paper | Est. remaining:80.2min
[4/155] Exception on attempt 1: Error code: 402 - {'error': {'message': 'Insufficient credits. Current balance: $-0.201757. Please top up to continue.', 'type': 'insufficient_credits', 'code': 402}}
[4/155] Exception on attempt 2: Error code: 402 - {'error': {'message': 'Insufficient credits. Current balance: $-0.201757. Please top up to continue.', 'type': 'insufficient_credits', 'code': 402}}
[4/155] Exception on attempt 3: Error code: 402 - {'error': {'message': 'Insufficient credits. Current balance: $-0.201757. Please top up to continue.', 'type': 'insufficient_credits', 'code': 402}}
[4/155] Exception on attempt 4: Error code: 402 - {'error': {'message': 'Insufficient credits. Current balance: $-0.201757. Please top up to continue.', 'type': 'insufficient_credits', 'code': 402}}
[4/155] Exception on attempt 5: Error code: 402 - {'error': {'message': 'Insufficient credits. Current balance: $-0.201757. Please top up to continue.', 'type': 'insufficient_credits', 'code': 402}}
[4/155] ❌ Exceeded maximum retries (5), returning None
[4/155] Score=None | Attempts=5 | This round:34.4s | Avg:32.3s/paper | Est. remaining:81.4min
[5/155] Exception on attempt 1: Error code: 402 - {'error': {'message': 'Insufficient credits. Current balance: $-0.201757. Please top up to continue.', 'type': 'insufficient_credits', 'code': 402}}
[5/155] Exception on attempt 2: Error code: 402 - {'error': {'message': 'Insufficient credits. Current balance: $-0.201757. Please top up to continue.', 'type': 'insufficient_credits', 'code': 402}}
[5/155] Exception on attempt 3: Error code: 402 - {'error': {'message': 'Insufficient credits. Current balance: $-0.201757. Please top up to continue.', 'type': 'insufficient_credits', 'code': 402}}
[5/155] Exception on attempt 4: Error code: 402 - {'error': {'message': 'Insufficient credits. Current balance: $-0.201757. Please top up to continue.', 'type': 'insufficient_credits', 'code': 402}}
[5/155] Exception on attempt 5: Error code: 402 - {'error': {'message': 'Insufficient credits. Current balance: $-0.201757. Please top up to continue.', 'type': 'insufficient_credits', 'code': 402}}
[5/155] ❌ Exceeded maximum retries (5), returning None
[5/155] Score=None | Attempts=5 | This round:30.9s | Avg:32.1s/paper | Est. remaining:80.2min
[6/155] Exception on attempt 1: Error code: 402 - {'error': {'message': 'Insufficient credits. Current balance: $-0.201757. Please top up to continue.', 'type': 'insufficient_credits', 'code': 402}}
[6/155] Exception on attempt 2: Error code: 402 - {'error': {'message': 'Insufficient credits. Current balance: $-0.201757. Please top up to continue.', 'type': 'insufficient_credits', 'code': 402}}
[6/155] Exception on attempt 3: Error code: 402 - {'error': {'message': 'Insufficient credits. Current balance: $-0.201757. Please top up to continue.', 'type': 'insufficient_credits', 'code': 402}}
[6/155] Exception on attempt 4: Error code: 402 - {'error': {'message': 'Insufficient credits. Current balance: $-0.201757. Please top up to continue.', 'type': 'insufficient_credits', 'code': 402}}
[6/155] Exception on attempt 5: Error code: 402 - {'error': {'message': 'Insufficient credits. Current balance: $-0.201757. Please top up to continue.', 'type': 'insufficient_credits', 'code': 402}}
[6/155] ❌ Exceeded maximum retries (5), returning None
[6/155] Score=None | Attempts=5 | This round:31.9s | Avg:32.0s/paper | Est. remaining:79.6min
[7/155] Exception on attempt 1: Error code: 402 - {'error': {'message': 'Insufficient credits. Current balance: $-0.201757. Please top up to continue.', 'type': 'insufficient_credits', 'code': 402}}
[7/155] Exception on attempt 2: Error code: 402 - {'error': {'message': 'Insufficient credits. Current balance: $-0.201757. Please top up to continue.', 'type': 'insufficient_credits', 'code': 402}}
[7/155] Exception on attempt 3: Error code: 402 - {'error': {'message': 'Insufficient credits. Current balance: $-0.201757. Please top up to continue.', 'type': 'insufficient_credits', 'code': 402}}
[7/155] Exception on attempt 4: Error code: 402 - {'error': {'message': 'Insufficient credits. Current balance: $-0.201757. Please top up to continue.', 'type': 'insufficient_credits', 'code': 402}}
[7/155] Exception on attempt 5: Error code: 402 - {'error': {'message': 'Insufficient credits. Current balance: $-0.201757. Please top up to continue.', 'type': 'insufficient_credits', 'code': 402}}
[7/155] ❌ Exceeded maximum retries (5), returning None
[7/155] Score=None | Attempts=5 | This round:33.7s | Avg:32.3s/paper | Est. remaining:79.6min
[2026-07-16T03:11:36Z] command=<package-root>/work/s3_native/envs/surveygen/bin/python <package-root>/code/experiments/exp5_native_comparison/surveygen_native_driver.py --source-dir <package-root>/work/s3_native/baselines/surveygen --output-dir <package-root>/results/s3_native/s3_native_confirmatory_20260716/systems/surveygen/mature_neural_machine_translation/raw --topic Neural Machine Translation --publication-cutoff 2023-12-31 --max-references 60 --max-candidates 120 --target-words 4000 --model s3-common-backbone --api-base-url http://127.0.0.1:18080/v1 --bge-model <package-root>/work/s3_native/assets/surveygen/models/bge-large-en
[2026-07-16T03:15:00Z] command=<package-root>/work/s3_native/envs/surveygen/bin/python <package-root>/code/experiments/exp5_native_comparison/surveygen_native_driver.py --source-dir <package-root>/work/s3_native/baselines/surveygen --output-dir <package-root>/results/s3_native/s3_native_confirmatory_20260716/systems/surveygen/mature_neural_machine_translation/raw --topic Neural Machine Translation --publication-cutoff 2023-12-31 --max-references 60 --max-candidates 120 --target-words 4000 --model s3-common-backbone --api-base-url http://127.0.0.1:18080/v1 --bge-model <package-root>/work/s3_native/assets/surveygen/models/bge-large-en
[2026-07-16T03:18:12Z] command=<package-root>/work/s3_native/envs/surveygen/bin/python <package-root>/code/experiments/exp5_native_comparison/surveygen_native_driver.py --source-dir <package-root>/work/s3_native/baselines/surveygen --output-dir <package-root>/results/s3_native/s3_native_confirmatory_20260716/systems/surveygen/mature_neural_machine_translation/raw --topic Neural Machine Translation --publication-cutoff 2023-12-31 --max-references 60 --max-candidates 120 --target-words 4000 --model s3-common-backbone --api-base-url http://127.0.0.1:18080/v1 --bge-model <package-root>/work/s3_native/assets/surveygen/models/bge-large-en
loading BGE-Large ...
Starting GPT relevance scoring (only for 155 papers with abstracts)...
[1/155] Response on attempt 1 -> '5', parsed=5
[1/155] Score=5 | Attempts=1 | This round:4.3s | Avg:4.3s/paper | Est. remaining:11.1min
[2/155] Response on attempt 1 -> '5', parsed=5
[2/155] Score=5 | Attempts=1 | This round:3.8s | Avg:4.1s/paper | Est. remaining:10.4min
[3/155] Response on attempt 1 -> '5', parsed=5
[3/155] Score=5 | Attempts=1 | This round:4.3s | Avg:4.2s/paper | Est. remaining:10.6min
[4/155] Response on attempt 1 -> '5', parsed=5
[4/155] Score=5 | Attempts=1 | This round:5.2s | Avg:4.4s/paper | Est. remaining:11.1min
[5/155] Response on attempt 1 -> '5', parsed=5
[5/155] Score=5 | Attempts=1 | This round:4.2s | Avg:4.4s/paper | Est. remaining:10.9min
[6/155] Response on attempt 1 -> '5', parsed=5
[6/155] Score=5 | Attempts=1 | This round:5.5s | Avg:4.6s/paper | Est. remaining:11.3min
[7/155] Response on attempt 1 -> '5', parsed=5
[7/155] Score=5 | Attempts=1 | This round:4.0s | Avg:4.5s/paper | Est. remaining:11.1min
[8/155] Response on attempt 1 -> '5', parsed=5
[8/155] Score=5 | Attempts=1 | This round:5.5s | Avg:4.6s/paper | Est. remaining:11.3min
[9/155] Response on attempt 1 -> '3', parsed=3
[9/155] Score=3 | Attempts=1 | This round:6.2s | Avg:4.8s/paper | Est. remaining:11.7min
[10/155] Response on attempt 1 -> '5', parsed=5
[10/155] Score=5 | Attempts=1 | This round:4.1s | Avg:4.7s/paper | Est. remaining:11.4min
[11/155] Response on attempt 1 -> '4', parsed=4
[11/155] Score=4 | Attempts=1 | This round:5.6s | Avg:4.8s/paper | Est. remaining:11.5min
[12/155] Response on attempt 1 -> '5', parsed=5
[12/155] Score=5 | Attempts=1 | This round:5.9s | Avg:4.9s/paper | Est. remaining:11.7min
[13/155] Response on attempt 1 -> '4', parsed=4
[13/155] Score=4 | Attempts=1 | This round:4.1s | Avg:4.8s/paper | Est. remaining:11.4min
[14/155] Response on attempt 1 -> '5', parsed=5
[14/155] Score=5 | Attempts=1 | This round:4.3s | Avg:4.8s/paper | Est. remaining:11.3min
[15/155] Response on attempt 1 -> '5', parsed=5
[15/155] Score=5 | Attempts=1 | This round:4.7s | Avg:4.8s/paper | Est. remaining:11.2min
[16/155] Response on attempt 1 -> '5', parsed=5
[16/155] Score=5 | Attempts=1 | This round:3.9s | Avg:4.7s/paper | Est. remaining:11.0min
[17/155] Response on attempt 1 -> '5', parsed=5
[17/155] Score=5 | Attempts=1 | This round:4.0s | Avg:4.7s/paper | Est. remaining:10.8min
[18/155] Response on attempt 1 -> '4', parsed=4
[18/155] Score=4 | Attempts=1 | This round:4.0s | Avg:4.7s/paper | Est. remaining:10.6min
[19/155] Response on attempt 1 -> '5', parsed=5
[19/155] Score=5 | Attempts=1 | This round:4.3s | Avg:4.6s/paper | Est. remaining:10.5min
[20/155] Response on attempt 1 -> '3', parsed=3
[20/155] Score=3 | Attempts=1 | This round:3.9s | Avg:4.6s/paper | Est. remaining:10.3min
[21/155] Response on attempt 1 -> '4', parsed=4
[21/155] Score=4 | Attempts=1 | This round:3.9s | Avg:4.6s/paper | Est. remaining:10.2min
[22/155] Response on attempt 1 -> '4', parsed=4
[22/155] Score=4 | Attempts=1 | This round:4.9s | Avg:4.6s/paper | Est. remaining:10.1min
[23/155] Response on attempt 1 -> '4', parsed=4
[23/155] Score=4 | Attempts=1 | This round:4.6s | Avg:4.6s/paper | Est. remaining:10.1min
[24/155] Response on attempt 1 -> '4', parsed=4
[24/155] Score=4 | Attempts=1 | This round:5.6s | Avg:4.6s/paper | Est. remaining:10.1min
[25/155] Response on attempt 1 -> '5', parsed=5
[25/155] Score=5 | Attempts=1 | This round:10.7s | Avg:4.9s/paper | Est. remaining:10.5min
[26/155] Response on attempt 1 -> '5', parsed=5
[26/155] Score=5 | Attempts=1 | This round:5.8s | Avg:4.9s/paper | Est. remaining:10.5min
[27/155] Response on attempt 1 -> '5', parsed=5
[27/155] Score=5 | Attempts=1 | This round:5.1s | Avg:4.9s/paper | Est. remaining:10.5min
[28/155] Response on attempt 1 -> '5', parsed=5
[28/155] Score=5 | Attempts=1 | This round:4.0s | Avg:4.9s/paper | Est. remaining:10.3min
[29/155] Response on attempt 1 -> '5', parsed=5
[29/155] Score=5 | Attempts=1 | This round:4.1s | Avg:4.8s/paper | Est. remaining:10.2min
[30/155] Response on attempt 1 -> '5', parsed=5
[30/155] Score=5 | Attempts=1 | This round:5.7s | Avg:4.9s/paper | Est. remaining:10.2min
[31/155] Response on attempt 1 -> '3', parsed=3
[31/155] Score=3 | Attempts=1 | This round:4.1s | Avg:4.9s/paper | Est. remaining:10.0min
[32/155] Response on attempt 1 -> '5', parsed=5
[32/155] Score=5 | Attempts=1 | This round:4.4s | Avg:4.8s/paper | Est. remaining:9.9min
[33/155] Response on attempt 1 -> '2', parsed=2
[33/155] Score=2 | Attempts=1 | This round:4.1s | Avg:4.8s/paper | Est. remaining:9.8min
[34/155] Response on attempt 1 -> '4', parsed=4
[34/155] Score=4 | Attempts=1 | This round:3.9s | Avg:4.8s/paper | Est. remaining:9.7min
[35/155] Response on attempt 1 -> '3', parsed=3
[35/155] Score=3 | Attempts=1 | This round:3.9s | Avg:4.8s/paper | Est. remaining:9.5min
[36/155] Response on attempt 1 -> '5', parsed=5
[36/155] Score=5 | Attempts=1 | This round:4.7s | Avg:4.8s/paper | Est. remaining:9.4min
[37/155] Response on attempt 1 -> '4', parsed=4
[37/155] Score=4 | Attempts=1 | This round:4.1s | Avg:4.7s/paper | Est. remaining:9.3min
[38/155] Response on attempt 1 -> '3', parsed=3
[38/155] Score=3 | Attempts=1 | This round:4.3s | Avg:4.7s/paper | Est. remaining:9.2min
[39/155] Response on attempt 1 -> '5', parsed=5
[39/155] Score=5 | Attempts=1 | This round:3.8s | Avg:4.7s/paper | Est. remaining:9.1min
[40/155] Response on attempt 1 -> '5', parsed=5
[40/155] Score=5 | Attempts=1 | This round:4.5s | Avg:4.7s/paper | Est. remaining:9.0min
[41/155] Response on attempt 1 -> '4', parsed=4
[41/155] Score=4 | Attempts=1 | This round:5.7s | Avg:4.7s/paper | Est. remaining:9.0min
[42/155] Response on attempt 1 -> '4', parsed=4
[42/155] Score=4 | Attempts=1 | This round:5.6s | Avg:4.7s/paper | Est. remaining:8.9min
[43/155] Response on attempt 1 -> '5', parsed=5
[43/155] Score=5 | Attempts=1 | This round:6.3s | Avg:4.8s/paper | Est. remaining:8.9min
[44/155] Response on attempt 1 -> '3', parsed=3
[44/155] Score=3 | Attempts=1 | This round:6.1s | Avg:4.8s/paper | Est. remaining:8.9min
[45/155] Response on attempt 1 -> '5', parsed=5
[45/155] Score=5 | Attempts=1 | This round:5.6s | Avg:4.8s/paper | Est. remaining:8.9min
[46/155] Response on attempt 1 -> '5', parsed=5
[46/155] Score=5 | Attempts=1 | This round:5.1s | Avg:4.8s/paper | Est. remaining:8.8min
[47/155] Response on attempt 1 -> '5', parsed=5
[47/155] Score=5 | Attempts=1 | This round:4.6s | Avg:4.8s/paper | Est. remaining:8.7min
[48/155] Response on attempt 1 -> '5', parsed=5
[48/155] Score=5 | Attempts=1 | This round:4.1s | Avg:4.8s/paper | Est. remaining:8.6min
[49/155] Response on attempt 1 -> '5', parsed=5
[49/155] Score=5 | Attempts=1 | This round:4.2s | Avg:4.8s/paper | Est. remaining:8.5min
[50/155] Response on attempt 1 -> '4', parsed=4
[50/155] Score=4 | Attempts=1 | This round:4.3s | Avg:4.8s/paper | Est. remaining:8.4min
[51/155] Response on attempt 1 -> '5', parsed=5
[51/155] Score=5 | Attempts=1 | This round:5.1s | Avg:4.8s/paper | Est. remaining:8.3min
[52/155] Response on attempt 1 -> '4', parsed=4
[52/155] Score=4 | Attempts=1 | This round:4.7s | Avg:4.8s/paper | Est. remaining:8.2min
[53/155] Response on attempt 1 -> '5', parsed=5
[53/155] Score=5 | Attempts=1 | This round:4.3s | Avg:4.8s/paper | Est. remaining:8.1min
[54/155] Response on attempt 1 -> '5', parsed=5
[54/155] Score=5 | Attempts=1 | This round:5.0s | Avg:4.8s/paper | Est. remaining:8.1min
[55/155] Response on attempt 1 -> '5', parsed=5
[55/155] Score=5 | Attempts=1 | This round:4.2s | Avg:4.8s/paper | Est. remaining:8.0min
[56/155] Response on attempt 1 -> '5', parsed=5
[56/155] Score=5 | Attempts=1 | This round:4.1s | Avg:4.8s/paper | Est. remaining:7.9min
[57/155] Response on attempt 1 -> '4', parsed=4
[57/155] Score=4 | Attempts=1 | This round:8.7s | Avg:4.8s/paper | Est. remaining:7.9min
[58/155] Response on attempt 1 -> '4', parsed=4
[58/155] Score=4 | Attempts=1 | This round:4.8s | Avg:4.8s/paper | Est. remaining:7.8min
[59/155] Response on attempt 1 -> '5', parsed=5
[59/155] Score=5 | Attempts=1 | This round:5.3s | Avg:4.8s/paper | Est. remaining:7.8min
[60/155] Response on attempt 1 -> '5', parsed=5
[60/155] Score=5 | Attempts=1 | This round:5.5s | Avg:4.9s/paper | Est. remaining:7.7min
[61/155] Response on attempt 1 -> '4', parsed=4
[61/155] Score=4 | Attempts=1 | This round:5.4s | Avg:4.9s/paper | Est. remaining:7.6min
[62/155] Response on attempt 1 -> '4', parsed=4
[62/155] Score=4 | Attempts=1 | This round:11.4s | Avg:5.0s/paper | Est. remaining:7.7min
[63/155] Response on attempt 1 -> '4', parsed=4
[63/155] Score=4 | Attempts=1 | This round:4.7s | Avg:5.0s/paper | Est. remaining:7.6min
[64/155] Response on attempt 1 -> '4', parsed=4
[64/155] Score=4 | Attempts=1 | This round:4.3s | Avg:5.0s/paper | Est. remaining:7.5min
[65/155] Response on attempt 1 -> '5', parsed=5
[65/155] Score=5 | Attempts=1 | This round:3.9s | Avg:4.9s/paper | Est. remaining:7.4min
[66/155] Response on attempt 1 -> '5', parsed=5
[66/155] Score=5 | Attempts=1 | This round:4.9s | Avg:4.9s/paper | Est. remaining:7.3min
[67/155] Response on attempt 1 -> '5', parsed=5
[67/155] Score=5 | Attempts=1 | This round:4.2s | Avg:4.9s/paper | Est. remaining:7.2min
[68/155] Response on attempt 1 -> '5', parsed=5
[68/155] Score=5 | Attempts=1 | This round:4.2s | Avg:4.9s/paper | Est. remaining:7.1min
[69/155] Response on attempt 1 -> '5', parsed=5
[69/155] Score=5 | Attempts=1 | This round:4.0s | Avg:4.9s/paper | Est. remaining:7.0min
[70/155] Response on attempt 1 -> '5', parsed=5
[70/155] Score=5 | Attempts=1 | This round:4.2s | Avg:4.9s/paper | Est. remaining:6.9min
[71/155] Response on attempt 1 -> '5', parsed=5
[71/155] Score=5 | Attempts=1 | This round:4.2s | Avg:4.9s/paper | Est. remaining:6.8min
[72/155] Response on attempt 1 -> '5', parsed=5
[72/155] Score=5 | Attempts=1 | This round:6.5s | Avg:4.9s/paper | Est. remaining:6.8min
[73/155] Response on attempt 1 -> '4', parsed=4
[73/155] Score=4 | Attempts=1 | This round:4.2s | Avg:4.9s/paper | Est. remaining:6.7min
[74/155] Response on attempt 1 -> '5', parsed=5
[74/155] Score=5 | Attempts=1 | This round:5.2s | Avg:4.9s/paper | Est. remaining:6.6min
[75/155] Response on attempt 1 -> '4', parsed=4
[75/155] Score=4 | Attempts=1 | This round:3.8s | Avg:4.9s/paper | Est. remaining:6.5min
[76/155] Response on attempt 1 -> '5', parsed=5
[76/155] Score=5 | Attempts=1 | This round:5.1s | Avg:4.9s/paper | Est. remaining:6.4min
[77/155] Response on attempt 1 -> '5', parsed=5
[77/155] Score=5 | Attempts=1 | This round:24.5s | Avg:5.1s/paper | Est. remaining:6.7min
[78/155] Response on attempt 1 -> '5', parsed=5
[78/155] Score=5 | Attempts=1 | This round:9.9s | Avg:5.2s/paper | Est. remaining:6.7min
[79/155] Response on attempt 1 -> '4', parsed=4
[79/155] Score=4 | Attempts=1 | This round:3.8s | Avg:5.2s/paper | Est. remaining:6.6min
[80/155] Response on attempt 1 -> '5', parsed=5
[80/155] Score=5 | Attempts=1 | This round:9.4s | Avg:5.2s/paper | Est. remaining:6.6min
[81/155] Response on attempt 1 -> '4', parsed=4
[81/155] Score=4 | Attempts=1 | This round:8.0s | Avg:5.3s/paper | Est. remaining:6.5min
[82/155] Response on attempt 1 -> '4', parsed=4
[82/155] Score=4 | Attempts=1 | This round:7.6s | Avg:5.3s/paper | Est. remaining:6.5min
[83/155] Response on attempt 1 -> '5', parsed=5
[83/155] Score=5 | Attempts=1 | This round:5.2s | Avg:5.3s/paper | Est. remaining:6.4min
[84/155] Response on attempt 1 -> '5', parsed=5
[84/155] Score=5 | Attempts=1 | This round:8.0s | Avg:5.3s/paper | Est. remaining:6.3min
[85/155] Response on attempt 1 -> '4', parsed=4
[85/155] Score=4 | Attempts=1 | This round:6.4s | Avg:5.3s/paper | Est. remaining:6.2min
[86/155] Response on attempt 1 -> '5', parsed=5
[86/155] Score=5 | Attempts=1 | This round:9.2s | Avg:5.4s/paper | Est. remaining:6.2min
[87/155] Response on attempt 1 -> '4', parsed=4
[87/155] Score=4 | Attempts=1 | This round:8.9s | Avg:5.4s/paper | Est. remaining:6.2min
[88/155] Response on attempt 1 -> '4', parsed=4
[88/155] Score=4 | Attempts=1 | This round:7.7s | Avg:5.5s/paper | Est. remaining:6.1min
[89/155] Response on attempt 1 -> '5', parsed=5
[89/155] Score=5 | Attempts=1 | This round:4.7s | Avg:5.5s/paper | Est. remaining:6.0min
[90/155] Response on attempt 1 -> '5', parsed=5
[90/155] Score=5 | Attempts=1 | This round:5.0s | Avg:5.4s/paper | Est. remaining:5.9min
[91/155] Response on attempt 1 -> '5', parsed=5
[91/155] Score=5 | Attempts=1 | This round:11.9s | Avg:5.5s/paper | Est. remaining:5.9min
[92/155] Response on attempt 1 -> '5', parsed=5
[92/155] Score=5 | Attempts=1 | This round:11.4s | Avg:5.6s/paper | Est. remaining:5.9min
[93/155] Response on attempt 1 -> '5', parsed=5
[93/155] Score=5 | Attempts=1 | This round:13.1s | Avg:5.7s/paper | Est. remaining:5.9min
[94/155] Response on attempt 1 -> '5', parsed=5
[94/155] Score=5 | Attempts=1 | This round:5.6s | Avg:5.7s/paper | Est. remaining:5.8min
[95/155] Response on attempt 1 -> '5', parsed=5
[95/155] Score=5 | Attempts=1 | This round:12.7s | Avg:5.7s/paper | Est. remaining:5.7min
[96/155] Response on attempt 1 -> '4', parsed=4
[96/155] Score=4 | Attempts=1 | This round:17.8s | Avg:5.9s/paper | Est. remaining:5.8min
[97/155] Response on attempt 1 -> '4', parsed=4
[97/155] Score=4 | Attempts=1 | This round:13.7s | Avg:5.9s/paper | Est. remaining:5.7min
[98/155] Response on attempt 1 -> '5', parsed=5
[98/155] Score=5 | Attempts=1 | This round:3.9s | Avg:5.9s/paper | Est. remaining:5.6min
[99/155] Response on attempt 1 -> '5', parsed=5
[99/155] Score=5 | Attempts=1 | This round:4.0s | Avg:5.9s/paper | Est. remaining:5.5min
[100/155] Response on attempt 1 -> '5', parsed=5
[100/155] Score=5 | Attempts=1 | This round:5.1s | Avg:5.9s/paper | Est. remaining:5.4min
[101/155] Response on attempt 1 -> '4', parsed=4
[101/155] Score=4 | Attempts=1 | This round:4.1s | Avg:5.9s/paper | Est. remaining:5.3min
[102/155] Response on attempt 1 -> '5', parsed=5
[102/155] Score=5 | Attempts=1 | This round:9.0s | Avg:5.9s/paper | Est. remaining:5.2min
[103/155] Response on attempt 1 -> '5', parsed=5
[103/155] Score=5 | Attempts=1 | This round:5.4s | Avg:5.9s/paper | Est. remaining:5.1min
[104/155] Response on attempt 1 -> '5', parsed=5
[104/155] Score=5 | Attempts=1 | This round:5.6s | Avg:5.9s/paper | Est. remaining:5.0min
[105/155] Response on attempt 1 -> '4', parsed=4
[105/155] Score=4 | Attempts=1 | This round:4.0s | Avg:5.9s/paper | Est. remaining:4.9min
[106/155] Response on attempt 1 -> '4', parsed=4
[106/155] Score=4 | Attempts=1 | This round:6.1s | Avg:5.9s/paper | Est. remaining:4.8min
[107/155] Response on attempt 1 -> '5', parsed=5
[107/155] Score=5 | Attempts=1 | This round:5.3s | Avg:5.9s/paper | Est. remaining:4.7min
[108/155] Response on attempt 1 -> '5', parsed=5
[108/155] Score=5 | Attempts=1 | This round:6.2s | Avg:5.9s/paper | Est. remaining:4.6min
[109/155] Response on attempt 1 -> '4', parsed=4
[109/155] Score=4 | Attempts=1 | This round:4.2s | Avg:5.9s/paper | Est. remaining:4.5min
[110/155] Response on attempt 1 -> '5', parsed=5
[110/155] Score=5 | Attempts=1 | This round:5.0s | Avg:5.9s/paper | Est. remaining:4.4min
[111/155] Response on attempt 1 -> '4', parsed=4
[111/155] Score=4 | Attempts=1 | This round:4.1s | Avg:5.8s/paper | Est. remaining:4.3min
[112/155] Response on attempt 1 -> '5', parsed=5
[112/155] Score=5 | Attempts=1 | This round:6.4s | Avg:5.8s/paper | Est. remaining:4.2min
[113/155] Response on attempt 1 -> '3', parsed=3
[113/155] Score=3 | Attempts=1 | This round:4.3s | Avg:5.8s/paper | Est. remaining:4.1min
[114/155] Response on attempt 1 -> '5', parsed=5
[114/155] Score=5 | Attempts=1 | This round:3.9s | Avg:5.8s/paper | Est. remaining:4.0min
[115/155] Response on attempt 1 -> '5', parsed=5
[115/155] Score=5 | Attempts=1 | This round:14.5s | Avg:5.9s/paper | Est. remaining:3.9min
[116/155] Response on attempt 1 -> '5', parsed=5
[116/155] Score=5 | Attempts=1 | This round:4.4s | Avg:5.9s/paper | Est. remaining:3.8min
[117/155] Response on attempt 1 -> '5', parsed=5
[117/155] Score=5 | Attempts=1 | This round:5.6s | Avg:5.9s/paper | Est. remaining:3.7min
[118/155] Response on attempt 1 -> '5', parsed=5
[118/155] Score=5 | Attempts=1 | This round:3.8s | Avg:5.9s/paper | Est. remaining:3.6min
[119/155] Response on attempt 1 -> '5', parsed=5
[119/155] Score=5 | Attempts=1 | This round:6.0s | Avg:5.9s/paper | Est. remaining:3.5min
[120/155] Response on attempt 1 -> '5', parsed=5
[120/155] Score=5 | Attempts=1 | This round:5.6s | Avg:5.9s/paper | Est. remaining:3.4min
[121/155] Response on attempt 1 -> '1', parsed=1
[121/155] Score=1 | Attempts=1 | This round:12.0s | Avg:5.9s/paper | Est. remaining:3.3min
[122/155] Response on attempt 1 -> '1', parsed=1
[122/155] Score=1 | Attempts=1 | This round:4.9s | Avg:5.9s/paper | Est. remaining:3.2min
[123/155] Response on attempt 1 -> '4', parsed=4
[123/155] Score=4 | Attempts=1 | This round:4.1s | Avg:5.9s/paper | Est. remaining:3.1min
[124/155] Response on attempt 1 -> '5', parsed=5
[124/155] Score=5 | Attempts=1 | This round:3.7s | Avg:5.9s/paper | Est. remaining:3.0min
[125/155] Response on attempt 1 -> '5', parsed=5
[125/155] Score=5 | Attempts=1 | This round:4.0s | Avg:5.9s/paper | Est. remaining:2.9min
[126/155] Response on attempt 1 -> '5', parsed=5
[126/155] Score=5 | Attempts=1 | This round:3.7s | Avg:5.8s/paper | Est. remaining:2.8min
[127/155] Response on attempt 1 -> '5', parsed=5
[127/155] Score=5 | Attempts=1 | This round:5.4s | Avg:5.8s/paper | Est. remaining:2.7min
[128/155] Response on attempt 1 -> '2', parsed=2
[128/155] Score=2 | Attempts=1 | This round:4.3s | Avg:5.8s/paper | Est. remaining:2.6min
[129/155] Response on attempt 1 -> '5', parsed=5
[129/155] Score=5 | Attempts=1 | This round:7.4s | Avg:5.8s/paper | Est. remaining:2.5min
[130/155] Response on attempt 1 -> '5', parsed=5
[130/155] Score=5 | Attempts=1 | This round:4.5s | Avg:5.8s/paper | Est. remaining:2.4min
[131/155] Response on attempt 1 -> '2', parsed=2
[131/155] Score=2 | Attempts=1 | This round:6.0s | Avg:5.8s/paper | Est. remaining:2.3min
[132/155] Response on attempt 1 -> '4', parsed=4
[132/155] Score=4 | Attempts=1 | This round:4.4s | Avg:5.8s/paper | Est. remaining:2.2min
[133/155] Response on attempt 1 -> '5', parsed=5
[133/155] Score=5 | Attempts=1 | This round:6.4s | Avg:5.8s/paper | Est. remaining:2.1min
[134/155] Response on attempt 1 -> '5', parsed=5
[134/155] Score=5 | Attempts=1 | This round:8.6s | Avg:5.8s/paper | Est. remaining:2.0min
[135/155] Response on attempt 1 -> '4', parsed=4
[135/155] Score=4 | Attempts=1 | This round:6.3s | Avg:5.8s/paper | Est. remaining:1.9min
[136/155] Response on attempt 1 -> '2', parsed=2
[136/155] Score=2 | Attempts=1 | This round:7.5s | Avg:5.9s/paper | Est. remaining:1.9min
[137/155] Response on attempt 1 -> '5', parsed=5
[137/155] Score=5 | Attempts=1 | This round:4.1s | Avg:5.8s/paper | Est. remaining:1.8min
[138/155] Response on attempt 1 -> '5', parsed=5
[138/155] Score=5 | Attempts=1 | This round:5.2s | Avg:5.8s/paper | Est. remaining:1.7min
[139/155] Response on attempt 1 -> '4', parsed=4
[139/155] Score=4 | Attempts=1 | This round:3.8s | Avg:5.8s/paper | Est. remaining:1.6min
[140/155] Response on attempt 1 -> '5', parsed=5
[140/155] Score=5 | Attempts=1 | This round:6.4s | Avg:5.8s/paper | Est. remaining:1.5min
[141/155] Response on attempt 1 -> '1', parsed=1
[141/155] Score=1 | Attempts=1 | This round:4.8s | Avg:5.8s/paper | Est. remaining:1.4min
[142/155] Response on attempt 1 -> '5', parsed=5
[142/155] Score=5 | Attempts=1 | This round:4.9s | Avg:5.8s/paper | Est. remaining:1.3min
[143/155] Response on attempt 1 -> '4', parsed=4
[143/155] Score=4 | Attempts=1 | This round:6.4s | Avg:5.8s/paper | Est. remaining:1.2min
[144/155] Response on attempt 1 -> '5', parsed=5
[144/155] Score=5 | Attempts=1 | This round:5.8s | Avg:5.8s/paper | Est. remaining:1.1min
[145/155] Response on attempt 1 -> '5', parsed=5
[145/155] Score=5 | Attempts=1 | This round:6.4s | Avg:5.8s/paper | Est. remaining:1.0min
[146/155] Response on attempt 1 -> '5', parsed=5
[146/155] Score=5 | Attempts=1 | This round:4.2s | Avg:5.8s/paper | Est. remaining:0.9min
[147/155] Response on attempt 1 -> '5', parsed=5
[147/155] Score=5 | Attempts=1 | This round:4.3s | Avg:5.8s/paper | Est. remaining:0.8min
[148/155] Response on attempt 1 -> '5', parsed=5
[148/155] Score=5 | Attempts=1 | This round:5.7s | Avg:5.8s/paper | Est. remaining:0.7min
[149/155] Response on attempt 1 -> '2', parsed=2
[149/155] Score=2 | Attempts=1 | This round:4.6s | Avg:5.8s/paper | Est. remaining:0.6min
[150/155] Response on attempt 1 -> '3', parsed=3
[150/155] Score=3 | Attempts=1 | This round:4.8s | Avg:5.8s/paper | Est. remaining:0.5min
[151/155] Response on attempt 1 -> '5', parsed=5
[151/155] Score=5 | Attempts=1 | This round:5.2s | Avg:5.8s/paper | Est. remaining:0.4min
[152/155] Response on attempt 1 -> '4', parsed=4
[152/155] Score=4 | Attempts=1 | This round:3.9s | Avg:5.8s/paper | Est. remaining:0.3min
[153/155] Response on attempt 1 -> '5', parsed=5
[153/155] Score=5 | Attempts=1 | This round:5.6s | Avg:5.8s/paper | Est. remaining:0.2min
[154/155] Response on attempt 1 -> '4', parsed=4
[154/155] Score=4 | Attempts=1 | This round:3.9s | Avg:5.8s/paper | Est. remaining:0.1min
[155/155] Response on attempt 1 -> '4', parsed=4
[155/155] Score=4 | Attempts=1 | This round:4.3s | Avg:5.7s/paper | Est. remaining:0.0min
✅ Exported: <package-root>/results/s3_native/s3_native_confirmatory_20260716/systems/surveygen/mature_neural_machine_translation/raw/paper_after_reranking.csv (only papers with abstracts were calculated and selected)
✅ Outline generated and saved to <package-root>/results/s3_native/s3_native_confirmatory_20260716/systems/surveygen/mature_neural_machine_translation/raw/survey_outline.json

===== Generating Section 1/7: "Foundations and Historical Background of Neural Machine Translation" - Subsection 1/5: "From Statistical to Neural Machine Translation" =====
📖 Overall progress: 1/42 subsections
✅ Save: <package-root>/results/s3_native/s3_native_confirmatory_20260716/systems/surveygen/mature_neural_machine_translation/raw/sections/01_01_From_Statistical_to_Neural_Machine_Translation.json
📊 Token : prompt=14165 | completion=286 | total=14451
📈 Token : prompt=14165 | completion=286 | total=14451

===== Generating Section 1/7: "Foundations and Historical Background of Neural Machine Translation" - Subsection 2/5: "Early Neural Language Models and Continuous Representations" =====
📖 Overall progress: 2/42 subsections
✅ Save: <package-root>/results/s3_native/s3_native_confirmatory_20260716/systems/surveygen/mature_neural_machine_translation/raw/sections/01_02_Early_Neural_Language_Models_and_Continuous_Representations.json
📊 Token : prompt=14171 | completion=266 | total=14437
📈 Token : prompt=28336 | completion=552 | total=28888

===== Generating Section 1/7: "Foundations and Historical Background of Neural Machine Translation" - Subsection 3/5: "The Encoder-Decoder Paradigm" =====
📖 Overall progress: 3/42 subsections
✅ Save: <package-root>/results/s3_native/s3_native_confirmatory_20260716/systems/surveygen/mature_neural_machine_translation/raw/sections/01_03_The_Encoder-Decoder_Paradigm.json
📊 Token : prompt=14171 | completion=374 | total=14545
📈 Token : prompt=42507 | completion=926 | total=43433

===== Generating Section 1/7: "Foundations and Historical Background of Neural Machine Translation" - Subsection 4/5: "Long Short-Term Memory Networks in NMT" =====
📖 Overall progress: 4/42 subsections
✅ Save: <package-root>/results/s3_native/s3_native_confirmatory_20260716/systems/surveygen/mature_neural_machine_translation/raw/sections/01_04_Long_Short-Term_Memory_Networks_in_NMT.json
📊 Token : prompt=14173 | completion=319 | total=14492
📈 Token : prompt=56680 | completion=1245 | total=57925

===== Generating Section 1/7: "Foundations and Historical Background of Neural Machine Translation" - Subsection 5/5: "Properties and Early Analysis of NMT Systems" =====
📖 Overall progress: 5/42 subsections
✅ Save: <package-root>/results/s3_native/s3_native_confirmatory_20260716/systems/surveygen/mature_neural_machine_translation/raw/sections/01_05_Properties_and_Early_Analysis_of_NMT_Systems.json
📊 Token : prompt=14171 | completion=338 | total=14509
📈 Token : prompt=70851 | completion=1583 | total=72434

===== Generating Section 2/7: "Core Architectures for Neural Machine Translation" - Subsection 1/6: "Recurrent Neural Network-Based Models" =====
📖 Overall progress: 6/42 subsections
✅ Save: <package-root>/results/s3_native/s3_native_confirmatory_20260716/systems/surveygen/mature_neural_machine_translation/raw/sections/02_01_Recurrent_Neural_Network-Based_Models.json
📊 Token : prompt=14169 | completion=470 | total=14639
📈 Token : prompt=85020 | completion=2053 | total=87073

===== Generating Section 2/7: "Core Architectures for Neural Machine Translation" - Subsection 2/6: "Attention Mechanisms" =====
📖 Overall progress: 7/42 subsections
✅ Save: <package-root>/results/s3_native/s3_native_confirmatory_20260716/systems/surveygen/mature_neural_machine_translation/raw/sections/02_02_Attention_Mechanisms.json
📊 Token : prompt=14161 | completion=300 | total=14461
📈 Token : prompt=99181 | completion=2353 | total=101534

===== Generating Section 2/7: "Core Architectures for Neural Machine Translation" - Subsection 3/6: "Convolutional Sequence-to-Sequence Models" =====
📖 Overall progress: 8/42 subsections
✅ Save: <package-root>/results/s3_native/s3_native_confirmatory_20260716/systems/surveygen/mature_neural_machine_translation/raw/sections/02_03_Convolutional_Sequence-to-Sequence_Models.json
📊 Token : prompt=14177 | completion=278 | total=14455
📈 Token : prompt=113358 | completion=2631 | total=115989

===== Generating Section 2/7: "Core Architectures for Neural Machine Translation" - Subsection 4/6: "The Transformer Architecture" =====
📖 Overall progress: 9/42 subsections
✅ Save: <package-root>/results/s3_native/s3_native_confirmatory_20260716/systems/surveygen/mature_neural_machine_translation/raw/sections/02_04_The_Transformer_Architecture.json
📊 Token : prompt=14161 | completion=367 | total=14528
📈 Token : prompt=127519 | completion=2998 | total=130517

===== Generating Section 2/7: "Core Architectures for Neural Machine Translation" - Subsection 5/6: "Deep and Enhanced Attention Models" =====
📖 Overall progress: 10/42 subsections
✅ Save: <package-root>/results/s3_native/s3_native_confirmatory_20260716/systems/surveygen/mature_neural_machine_translation/raw/sections/02_05_Deep_and_Enhanced_Attention_Models.json
📊 Token : prompt=14165 | completion=254 | total=14419
📈 Token : prompt=141684 | completion=3252 | total=144936

===== Generating Section 2/7: "Core Architectures for Neural Machine Translation" - Subsection 6/6: "Hybrid and Combined Architectures" =====
📖 Overall progress: 11/42 subsections
✅ Save: <package-root>/results/s3_native/s3_native_confirmatory_20260716/systems/surveygen/mature_neural_machine_translation/raw/sections/02_06_Hybrid_and_Combined_Architectures.json
📊 Token : prompt=14167 | completion=358 | total=14525
📈 Token : prompt=155851 | completion=3610 | total=159461

===== Generating Section 3/7: "Training Strategies and Optimization for NMT" - Subsection 1/7: "Maximum Likelihood Estimation and Its Limitations" =====
📖 Overall progress: 12/42 subsections
✅ Save: <package-root>/results/s3_native/s3_native_confirmatory_20260716/systems/surveygen/mature_neural_machine_translation/raw/sections/03_01_Maximum_Likelihood_Estimation_and_Its_Limitations.json
📊 Token : prompt=14171 | completion=351 | total=14522
📈 Token : prompt=170022 | completion=3961 | total=173983

===== Generating Section 3/7: "Training Strategies and Optimization for NMT" - Subsection 2/7: "Minimum Risk Training" =====
📖 Overall progress: 13/42 subsections
✅ Save: <package-root>/results/s3_native/s3_native_confirmatory_20260716/systems/surveygen/mature_neural_machine_translation/raw/sections/03_02_Minimum_Risk_Training.json
📊 Token : prompt=14161 | completion=244 | total=14405
📈 Token : prompt=184183 | completion=4205 | total=188388

===== Generating Section 3/7: "Training Strategies and Optimization for NMT" - Subsection 3/7: "Addressing Exposure Bias" =====
📖 Overall progress: 14/42 subsections
✅ Save: <package-root>/results/s3_native/s3_native_confirmatory_20260716/systems/surveygen/mature_neural_machine_translation/raw/sections/03_03_Addressing_Exposure_Bias.json
📊 Token : prompt=14165 | completion=294 | total=14459
📈 Token : prompt=198348 | completion=4499 | total=202847

===== Generating Section 3/7: "Training Strategies and Optimization for NMT" - Subsection 4/7: "Vocabulary Management and Subword Segmentation" =====
📖 Overall progress: 15/42 subsections
✅ Save: <package-root>/results/s3_native/s3_native_confirmatory_20260716/systems/surveygen/mature_neural_machine_translation/raw/sections/03_04_Vocabulary_Management_and_Subword_Segmentation.json
📊 Token : prompt=14173 | completion=352 | total=14525
📈 Token : prompt=212521 | completion=4851 | total=217372

===== Generating Section 3/7: "Training Strategies and Optimization for NMT" - Subsection 5/7: "Knowledge Distillation for NMT" =====
📖 Overall progress: 16/42 subsections
✅ Save: <package-root>/results/s3_native/s3_native_confirmatory_20260716/systems/surveygen/mature_neural_machine_translation/raw/sections/03_05_Knowledge_Distillation_for_NMT.json
📊 Token : prompt=14171 | completion=204 | total=14375
📈 Token : prompt=226692 | completion=5055 | total=231747

===== Generating Section 3/7: "Training Strategies and Optimization for NMT" - Subsection 6/7: "Curriculum Learning" =====
📖 Overall progress: 17/42 subsections
✅ Save: <package-root>/results/s3_native/s3_native_confirmatory_20260716/systems/surveygen/mature_neural_machine_translation/raw/sections/03_06_Curriculum_Learning.json
📊 Token : prompt=14159 | completion=254 | total=14413
📈 Token : prompt=240851 | completion=5309 | total=246160

===== Generating Section 3/7: "Training Strategies and Optimization for NMT" - Subsection 7/7: "Adversarial Training and Data Augmentation" =====
📖 Overall progress: 18/42 subsections
✅ Save: <package-root>/results/s3_native/s3_native_confirmatory_20260716/systems/surveygen/mature_neural_machine_translation/raw/sections/03_07_Adversarial_Training_and_Data_Augmentation.json
📊 Token : prompt=14173 | completion=327 | total=14500
📈 Token : prompt=255024 | completion=5636 | total=260660

===== Generating Section 4/7: "Data Augmentation and the Use of Monolingual Data" - Subsection 1/6: "Back-Translation" =====
📖 Overall progress: 19/42 subsections
✅ Save: <package-root>/results/s3_native/s3_native_confirmatory_20260716/systems/surveygen/mature_neural_machine_translation/raw/sections/04_01_Back-Translation.json
📊 Token : prompt=14159 | completion=281 | total=14440
📈 Token : prompt=269183 | completion=5917 | total=275100

===== Generating Section 4/7: "Data Augmentation and the Use of Monolingual Data" - Subsection 2/6: "Dual Learning for Machine Translation" =====
📖 Overall progress: 20/42 subsections
✅ Save: <package-root>/results/s3_native/s3_native_confirmatory_20260716/systems/surveygen/mature_neural_machine_translation/raw/sections/04_02_Dual_Learning_for_Machine_Translation.json
📊 Token : prompt=14165 | completion=222 | total=14387
📈 Token : prompt=283348 | completion=6139 | total=289487

===== Generating Section 4/7: "Data Augmentation and the Use of Monolingual Data" - Subsection 3/6: "Unsupervised Neural Machine Translation" =====
📖 Overall progress: 21/42 subsections
✅ Save: <package-root>/results/s3_native/s3_native_confirmatory_20260716/systems/surveygen/mature_neural_machine_translation/raw/sections/04_03_Unsupervised_Neural_Machine_Translation.json
📊 Token : prompt=14169 | completion=393 | total=14562
📈 Token : prompt=297517 | completion=6532 | total=304049

===== Generating Section 4/7: "Data Augmentation and the Use of Monolingual Data" - Subsection 4/6: "Pre-trained Language Models for NMT" =====
📖 Overall progress: 22/42 subsections
✅ Save: <package-root>/results/s3_native/s3_native_confirmatory_20260716/systems/surveygen/mature_neural_machine_translation/raw/sections/04_04_Pre-trained_Language_Models_for_NMT.json
📊 Token : prompt=14171 | completion=395 | total=14566
📈 Token : prompt=311688 | completion=6927 | total=318615

===== Generating Section 4/7: "Data Augmentation and the Use of Monolingual Data" - Subsection 5/6: "Data Augmentation for Low-Resource NMT" =====
📖 Overall progress: 23/42 subsections
✅ Save: <package-root>/results/s3_native/s3_native_confirmatory_20260716/systems/surveygen/mature_neural_machine_translation/raw/sections/04_05_Data_Augmentation_for_Low-Resource_NMT.json
📊 Token : prompt=14175 | completion=303 | total=14478
📈 Token : prompt=325863 | completion=7230 | total=333093

===== Generating Section 4/7: "Data Augmentation and the Use of Monolingual Data" - Subsection 6/6: "Pre-trained Word Embeddings" =====
📖 Overall progress: 24/42 subsections
✅ Save: <package-root>/results/s3_native/s3_native_confirmatory_20260716/systems/surveygen/mature_neural_machine_translation/raw/sections/04_06_Pre-trained_Word_Embeddings.json
📊 Token : prompt=14167 | completion=225 | total=14392
📈 Token : prompt=340030 | completion=7455 | total=347485

===== Generating Section 5/7: "Multilingual and Cross-Lingual Neural Machine Translation" - Subsection 1/7: "Multi-Task and Multi-Language Training" =====
📖 Overall progress: 25/42 subsections
✅ Save: <package-root>/results/s3_native/s3_native_confirmatory_20260716/systems/surveygen/mature_neural_machine_translation/raw/sections/05_01_Multi-Task_and_Multi-Language_Training.json
📊 Token : prompt=14169 | completion=303 | total=14472
📈 Token : prompt=354199 | completion=7758 | total=361957

===== Generating Section 5/7: "Multilingual and Cross-Lingual Neural Machine Translation" - Subsection 2/7: "Single-Model Multilingual NMT" =====
📖 Overall progress: 26/42 subsections
✅ Save: <package-root>/results/s3_native/s3_native_confirmatory_20260716/systems/surveygen/mature_neural_machine_translation/raw/sections/05_02_Single-Model_Multilingual_NMT.json
📊 Token : prompt=14171 | completion=315 | total=14486
📈 Token : prompt=368370 | completion=8073 | total=376443

===== Generating Section 5/7: "Multilingual and Cross-Lingual Neural Machine Translation" - Subsection 3/7: "Zero-Shot Translation" =====
📖 Overall progress: 27/42 subsections
✅ Save: <package-root>/results/s3_native/s3_native_confirmatory_20260716/systems/surveygen/mature_neural_machine_translation/raw/sections/05_03_Zero-Shot_Translation.json
📊 Token : prompt=14161 | completion=353 | total=14514
📈 Token : prompt=382531 | completion=8426 | total=390957

===== Generating Section 5/7: "Multilingual and Cross-Lingual Neural Machine Translation" - Subsection 4/7: "Massively Multilingual Models" =====
📖 Overall progress: 28/42 subsections
✅ Save: <package-root>/results/s3_native/s3_native_confirmatory_20260716/systems/surveygen/mature_neural_machine_translation/raw/sections/05_04_Massively_Multilingual_Models.json
📊 Token : prompt=14167 | completion=294 | total=14461
📈 Token : prompt=396698 | completion=8720 | total=405418

===== Generating Section 5/7: "Multilingual and Cross-Lingual Neural Machine Translation" - Subsection 5/7: "Transfer Learning for Low-Resource Language Pairs" =====
📖 Overall progress: 29/42 subsections
✅ Save: <package-root>/results/s3_native/s3_native_confirmatory_20260716/systems/surveygen/mature_neural_machine_translation/raw/sections/05_05_Transfer_Learning_for_Low-Resource_Language_Pairs.json
📊 Token : prompt=14171 | completion=304 | total=14475
📈 Token : prompt=410869 | completion=9024 | total=419893

===== Generating Section 5/7: "Multilingual and Cross-Lingual Neural Machine Translation" - Subsection 6/7: "Universal NMT for Extremely Low-Resource Languages" =====
📖 Overall progress: 30/42 subsections
✅ Save: <package-root>/results/s3_native/s3_native_confirmatory_20260716/systems/surveygen/mature_neural_machine_translation/raw/sections/05_06_Universal_NMT_for_Extremely_Low-Resource_Languages.json
📊 Token : prompt=14175 | completion=287 | total=14462
📈 Token : prompt=425044 | completion=9311 | total=434355

===== Generating Section 5/7: "Multilingual and Cross-Lingual Neural Machine Translation" - Subsection 7/7: "Leveraging Monolingual Data in Multilingual Settings" =====
📖 Overall progress: 31/42 subsections
✅ Save: <package-root>/results/s3_native/s3_native_confirmatory_20260716/systems/surveygen/mature_neural_machine_translation/raw/sections/05_07_Leveraging_Monolingual_Data_in_Multilingual_Settings.json
📊 Token : prompt=14179 | completion=305 | total=14484
📈 Token : prompt=439223 | completion=9616 | total=448839

===== Generating Section 6/7: "Domain Adaptation and Robustness in NMT" - Subsection 1/5: "Domain Adaptation Methods" =====
📖 Overall progress: 32/42 subsections
✅ Save: <package-root>/results/s3_native/s3_native_confirmatory_20260716/systems/surveygen/mature_neural_machine_translation/raw/sections/06_01_Domain_Adaptation_Methods.json
📊 Token : prompt=14161 | completion=305 | total=14466
📈 Token : prompt=453384 | completion=9921 | total=463305

===== Generating Section 6/7: "Domain Adaptation and Robustness in NMT" - Subsection 2/5: "Curriculum Learning for Domain Adaptation" =====
📖 Overall progress: 33/42 subsections
✅ Save: <package-root>/results/s3_native/s3_native_confirmatory_20260716/systems/surveygen/mature_neural_machine_translation/raw/sections/06_02_Curriculum_Learning_for_Domain_Adaptation.json
📊 Token : prompt=14167 | completion=265 | total=14432
📈 Token : prompt=467551 | completion=10186 | total=477737

===== Generating Section 6/7: "Domain Adaptation and Robustness in NMT" - Subsection 3/5: "Catastrophic Forgetting in Domain Adaptation" =====
📖 Overall progress: 34/42 subsections
✅ Save: <package-root>/results/s3_native/s3_native_confirmatory_20260716/systems/surveygen/mature_neural_machine_translation/raw/sections/06_03_Catastrophic_Forgetting_in_Domain_Adaptation.json
📊 Token : prompt=14173 | completion=265 | total=14438
📈 Token : prompt=481724 | completion=10451 | total=492175

===== Generating Section 6/7: "Domain Adaptation and Robustness in NMT" - Subsection 4/5: "Robustness to Noisy and Adversarial Inputs" =====
📖 Overall progress: 35/42 subsections
✅ Save: <package-root>/results/s3_native/s3_native_confirmatory_20260716/systems/surveygen/mature_neural_machine_translation/raw/sections/06_04_Robustness_to_Noisy_and_Adversarial_Inputs.json
📊 Token : prompt=14183 | completion=300 | total=14483
📈 Token : prompt=495907 | completion=10751 | total=506658

===== Generating Section 6/7: "Domain Adaptation and Robustness in NMT" - Subsection 5/5: "Hallucination and Exposure Bias Under Domain Shift" =====
📖 Overall progress: 36/42 subsections
✅ Save: <package-root>/results/s3_native/s3_native_confirmatory_20260716/systems/surveygen/mature_neural_machine_translation/raw/sections/06_05_Hallucination_and_Exposure_Bias_Under_Domain_Shift.json
📊 Token : prompt=14179 | completion=292 | total=14471
📈 Token : prompt=510086 | completion=11043 | total=521129

===== Generating Section 7/7: "Evaluation, Benchmarks, and NMT Toolkits" - Subsection 1/6: "Automatic Evaluation Metrics" =====
📖 Overall progress: 37/42 subsections
✅ Save: <package-root>/results/s3_native/s3_native_confirmatory_20260716/systems/surveygen/mature_neural_machine_translation/raw/sections/07_01_Automatic_Evaluation_Metrics.json
📊 Token : prompt=14165 | completion=405 | total=14570
📈 Token : prompt=524251 | completion=11448 | total=535699

===== Generating Section 7/7: "Evaluation, Benchmarks, and NMT Toolkits" - Subsection 2/6: "Human Evaluation and Human Parity" =====
📖 Overall progress: 38/42 subsections
✅ Save: <package-root>/results/s3_native/s3_native_confirmatory_20260716/systems/surveygen/mature_neural_machine_translation/raw/sections/07_02_Human_Evaluation_and_Human_Parity.json
📊 Token : prompt=14169 | completion=276 | total=14445
📈 Token : prompt=538420 | completion=11724 | total=550144

===== Generating Section 7/7: "Evaluation, Benchmarks, and NMT Toolkits" - Subsection 3/6: "Standard Benchmarks and Shared Tasks" =====
📖 Overall progress: 39/42 subsections
✅ Save: <package-root>/results/s3_native/s3_native_confirmatory_20260716/systems/surveygen/mature_neural_machine_translation/raw/sections/07_03_Standard_Benchmarks_and_Shared_Tasks.json
📊 Token : prompt=14169 | completion=477 | total=14646
📈 Token : prompt=552589 | completion=12201 | total=564790

===== Generating Section 7/7: "Evaluation, Benchmarks, and NMT Toolkits" - Subsection 4/6: "Open-Source NMT Toolkits" =====
📖 Overall progress: 40/42 subsections
✅ Save: <package-root>/results/s3_native/s3_native_confirmatory_20260716/systems/surveygen/mature_neural_machine_translation/raw/sections/07_04_Open-Source_NMT_Toolkits.json
📊 Token : prompt=14173 | completion=362 | total=14535
📈 Token : prompt=566762 | completion=12563 | total=579325

===== Generating Section 7/7: "Evaluation, Benchmarks, and NMT Toolkits" - Subsection 5/6: "Decoding Strategies and Beam Search" =====
📖 Overall progress: 41/42 subsections
✅ Save: <package-root>/results/s3_native/s3_native_confirmatory_20260716/systems/surveygen/mature_neural_machine_translation/raw/sections/07_05_Decoding_Strategies_and_Beam_Search.json
📊 Token : prompt=14171 | completion=334 | total=14505
📈 Token : prompt=580933 | completion=12897 | total=593830

===== Generating Section 7/7: "Evaluation, Benchmarks, and NMT Toolkits" - Subsection 6/6: "Architectural Sensitivity and Hyperparameter Analysis" =====
📖 Overall progress: 42/42 subsections
✅ Save: <package-root>/results/s3_native/s3_native_confirmatory_20260716/systems/surveygen/mature_neural_machine_translation/raw/sections/07_06_Architectural_Sensitivity_and_Hyperparameter_Analysis.json
📊 Token : prompt=14173 | completion=260 | total=14433
📈 Token : prompt=595106 | completion=13157 | total=608263

🎉 All 42 subsections generated, bundled and saved to <package-root>/results/s3_native/s3_native_confirmatory_20260716/systems/surveygen/mature_neural_machine_translation/raw/survey_content.json
⏱ Total time: 8.2 minutes (490.0 seconds)
[resume] paper_retrieval.py: Neural Machine Translation.json already present
[resume] quality_signal_augmentation.py: final_ref_set.json already present
[2026-07-16T03:42:12Z] returncode=0 elapsed_seconds=1440.314 timed_out=False
