[2026-07-16T08:44:10Z] command=<package-root>/work/s3_native/envs/surveygen/bin/python <package-root>/code/experiments/exp5_native_comparison/surveygen_native_driver.py --source-dir <package-root>/work/s3_native/baselines/surveygen --output-dir <package-root>/results/s3_native/s3_native_confirmatory_20260716/systems/surveygen/method_continual_learning/raw --topic Continual Learning --publication-cutoff 2023-12-31 --max-references 60 --max-candidates 120 --target-words 4000 --model s3-common-backbone --api-base-url http://127.0.0.1:18080/v1 --bge-model <package-root>/work/s3_native/assets/surveygen/models/bge-large-en

📘 Processing article 1 of 1...
🔍 Searching: Continual Learning | Offset: 0 | Year ≤ 2023
✅ Added 77 valid papers (total: 77)
🔍 Searching: Continual Learning | Offset: 100 | Year ≤ 2023
⏳ Hit rate limit (429). Waiting before retrying...
🔍 Searching: Continual Learning | Offset: 100 | Year ≤ 2023
⏳ Hit rate limit (429). Waiting before retrying...
🔍 Searching: Continual Learning | Offset: 100 | Year ≤ 2023
⏳ Hit rate limit (429). Waiting before retrying...
🔍 Searching: Continual Learning | Offset: 100 | Year ≤ 2023
⏳ Hit rate limit (429). Waiting before retrying...
🔍 Searching: Continual Learning | Offset: 100 | Year ≤ 2023
⏳ Hit rate limit (429). Waiting before retrying...
🔍 Searching: Continual Learning | Offset: 100 | Year ≤ 2023
⏳ Hit rate limit (429). Waiting before retrying...
🔍 Searching: Continual Learning | Offset: 100 | Year ≤ 2023
⏳ Hit rate limit (429). Waiting before retrying...
🔍 Searching: Continual Learning | Offset: 100 | Year ≤ 2023
⏳ Hit rate limit (429). Waiting before retrying...
🔍 Searching: Continual Learning | Offset: 100 | Year ≤ 2023
⏳ Hit rate limit (429). Waiting before retrying...
🔍 Searching: Continual Learning | Offset: 100 | Year ≤ 2023
⏳ Hit rate limit (429). Waiting before retrying...
🔍 Searching: Continual Learning | Offset: 100 | Year ≤ 2023
⏳ Hit rate limit (429). Waiting before retrying...
🔍 Searching: Continual Learning | Offset: 100 | Year ≤ 2023
⏳ Hit rate limit (429). Waiting before retrying...
🔍 Searching: Continual Learning | Offset: 100 | Year ≤ 2023
⏳ Hit rate limit (429). Waiting before retrying...
🔍 Searching: Continual Learning | Offset: 100 | Year ≤ 2023
⏳ Hit rate limit (429). Waiting before retrying...
🔍 Searching: Continual Learning | Offset: 100 | Year ≤ 2023
⏳ Hit rate limit (429). Waiting before retrying...
🔍 Searching: Continual Learning | Offset: 100 | Year ≤ 2023
⏳ Hit rate limit (429). Waiting before retrying...
🔍 Searching: Continual Learning | Offset: 100 | Year ≤ 2023
⏳ Hit rate limit (429). Waiting before retrying...
🔍 Searching: Continual Learning | Offset: 100 | Year ≤ 2023
⏳ Hit rate limit (429). Waiting before retrying...
🔍 Searching: Continual Learning | Offset: 100 | Year ≤ 2023
⏳ Hit rate limit (429). Waiting before retrying...
🔍 Searching: Continual Learning | Offset: 100 | Year ≤ 2023
⏳ Hit rate limit (429). Waiting before retrying...
🔍 Searching: Continual Learning | Offset: 100 | Year ≤ 2023
✅ Added 43 valid papers (total: 120)
📁 Saved to: <package-root>/results/s3_native/s3_native_confirmatory_20260716/systems/surveygen/method_continual_learning/raw/Continual Learning.json

✅ All done. Results saved in '<package-root>/results/s3_native/s3_native_confirmatory_20260716/systems/surveygen/method_continual_learning/raw' folder.
Processed 10 papers
Processed 20 papers
error: ('Connection aborted.', RemoteDisconnected('Remote end closed connection without response'))
Processed 30 papers
error: ('Connection aborted.', RemoteDisconnected('Remote end closed connection without response'))
Processed 40 papers
Processed 50 papers
error: HTTPConnectionPool(host='127.0.0.1', port=18082): Read timed out. (read timeout=120)
Processed 60 papers
Processed 70 papers
Processed 80 papers
Processed 90 papers
error: ('Connection aborted.', RemoteDisconnected('Remote end closed connection without response'))
Processed 100 papers
error: ('Connection aborted.', RemoteDisconnected('Remote end closed connection without response'))
Processed 110 papers
Processed 120 papers
http://127.0.0.1:18082/authors?filter=ids.openalex:https://openalex.org/A5100461655|https://openalex.org/A5035384485|https://openalex.org/A5075968414|https://openalex.org/A5048961496|https://openalex.org/A5002232506|https://openalex.org/A5081220735|https://openalex.org/A5031809940|https://openalex.org/A5103213492|https://openalex.org/A5100635282|https://openalex.org/A5038450961
❌ Author request error: ('Connection aborted.', RemoteDisconnected('Remote end closed connection without response'))
❌ Author request error: ('Connection aborted.', RemoteDisconnected('Remote end closed connection without response'))
http://127.0.0.1:18082/authors?filter=ids.openalex:https://openalex.org/A5072169293|https://openalex.org/A5100429727|https://openalex.org/A5000677611|https://openalex.org/A5100721881|https://openalex.org/A5073483751|https://openalex.org/A5076419371|https://openalex.org/A5046065131|https://openalex.org/A5092249349|https://openalex.org/A5017100245|https://openalex.org/A5101958996
❌ Author request error: ('Connection aborted.', RemoteDisconnected('Remote end closed connection without response'))
❌ Author request error: HTTPConnectionPool(host='127.0.0.1', port=18082): Read timed out. (read timeout=120)
http://127.0.0.1:18082/authors?filter=ids.openalex:https://openalex.org/A5048129965|https://openalex.org/A5085516032|https://openalex.org/A5023936400|https://openalex.org/A5066330413|https://openalex.org/A5047435371|https://openalex.org/A5081831578|https://openalex.org/A5051526120|https://openalex.org/A5021790939|https://openalex.org/A5026399398|https://openalex.org/A5075481810
http://127.0.0.1:18082/authors?filter=ids.openalex:https://openalex.org/A5100658705|https://openalex.org/A5093219816|https://openalex.org/A5100555717|https://openalex.org/A5066572795|https://openalex.org/A5112613657|https://openalex.org/A5086308196|https://openalex.org/A5025113992|https://openalex.org/A5038205725|https://openalex.org/A5102928677|https://openalex.org/A5100418985
❌ Author request error: ('Connection aborted.', RemoteDisconnected('Remote end closed connection without response'))
http://127.0.0.1:18082/authors?filter=ids.openalex:https://openalex.org/A5014443478|https://openalex.org/A5051723523|https://openalex.org/A5061779011|https://openalex.org/A5088834359|https://openalex.org/A5015776118|https://openalex.org/A5025123281|https://openalex.org/A5029186201|https://openalex.org/A5101265241|https://openalex.org/A5027804169|https://openalex.org/A5001594330
http://127.0.0.1:18082/authors?filter=ids.openalex:https://openalex.org/A5009012652|https://openalex.org/A5101634167|https://openalex.org/A5084218062|https://openalex.org/A5008884096|https://openalex.org/A5031161187|https://openalex.org/A5087043856|https://openalex.org/A5065851868|https://openalex.org/A5100438525|https://openalex.org/A5052337951|https://openalex.org/A5108118084
http://127.0.0.1:18082/authors?filter=ids.openalex:https://openalex.org/A5107249743|https://openalex.org/A5088892134|https://openalex.org/A5068937750|https://openalex.org/A5042038501|https://openalex.org/A5041931762|https://openalex.org/A5074816094|https://openalex.org/A5074103823|https://openalex.org/A5090519936|https://openalex.org/A5100411477|https://openalex.org/A5028024287
http://127.0.0.1:18082/authors?filter=ids.openalex:https://openalex.org/A5029998682|https://openalex.org/A5100733697|https://openalex.org/A5046725268|https://openalex.org/A5038550389|https://openalex.org/A5087532787|https://openalex.org/A5081245089|https://openalex.org/A5015874725|https://openalex.org/A5005298930|https://openalex.org/A5060475529|https://openalex.org/A5100760181
❌ Author request error: HTTPConnectionPool(host='127.0.0.1', port=18082): Read timed out. (read timeout=120)
http://127.0.0.1:18082/authors?filter=ids.openalex:https://openalex.org/A5100339921|https://openalex.org/A5021757882|https://openalex.org/A5057074336|https://openalex.org/A5113274335|https://openalex.org/A5076546507|https://openalex.org/A5052577882|https://openalex.org/A5101573269|https://openalex.org/A5081114810|https://openalex.org/A5027640613|https://openalex.org/A5004208244
❌ Author request error: HTTPConnectionPool(host='127.0.0.1', port=18082): Read timed out. (read timeout=120)
http://127.0.0.1:18082/authors?filter=ids.openalex:https://openalex.org/A5046979072|https://openalex.org/A5070777118|https://openalex.org/A5023471278|https://openalex.org/A5066073375|https://openalex.org/A5101771594|https://openalex.org/A5028174137|https://openalex.org/A5022883297|https://openalex.org/A5005354684|https://openalex.org/A5100436639|https://openalex.org/A5072694516
http://127.0.0.1:18082/authors?filter=ids.openalex:https://openalex.org/A5059811412|https://openalex.org/A5004275826|https://openalex.org/A5013224749|https://openalex.org/A5084104975|https://openalex.org/A5103102214|https://openalex.org/A5017330235|https://openalex.org/A5018642123|https://openalex.org/A5001174680
❌ Journal request error: ('Connection aborted.', RemoteDisconnected('Remote end closed connection without response'))
❌ Journal request error: ('Connection aborted.', RemoteDisconnected('Remote end closed connection without response'))
Top 50 most co-occurring references: 50
❌ co-cited error: 429
❌ co-cited error: 429
❌ co-cited error: 429
❌ co-cited error: 429
❌ co-cited error: 429
Processing completed! Processed 120 papers + 0 co-cited papers, results saved to <package-root>/results/s3_native/s3_native_confirmatory_20260716/systems/surveygen/method_continual_learning/raw/final_ref_set.json
loading BGE-Large ...
Starting GPT relevance scoring (only for 120 papers with abstracts)...
[1/120] Response on attempt 1 -> '5', parsed=5
[1/120] Score=5 | Attempts=1 | This round:5.4s | Avg:5.4s/paper | Est. remaining:10.7min
[2/120] Response on attempt 1 -> '5', parsed=5
[2/120] Score=5 | Attempts=1 | This round:5.9s | Avg:5.7s/paper | Est. remaining:11.1min
[3/120] Response on attempt 1 -> '5', parsed=5
[3/120] Score=5 | Attempts=1 | This round:4.1s | Avg:5.1s/paper | Est. remaining:10.0min
[4/120] Response on attempt 1 -> '5', parsed=5
[4/120] Score=5 | Attempts=1 | This round:3.6s | Avg:4.7s/paper | Est. remaining:9.2min
[5/120] Response on attempt 1 -> '5', parsed=5
[5/120] Score=5 | Attempts=1 | This round:3.8s | Avg:4.5s/paper | Est. remaining:8.7min
[6/120] Response on attempt 1 -> '5', parsed=5
[6/120] Score=5 | Attempts=1 | This round:3.9s | Avg:4.4s/paper | Est. remaining:8.4min
[7/120] Response on attempt 1 -> '5', parsed=5
[7/120] Score=5 | Attempts=1 | This round:5.8s | Avg:4.6s/paper | Est. remaining:8.7min
[8/120] Response on attempt 1 -> '5', parsed=5
[8/120] Score=5 | Attempts=1 | This round:3.9s | Avg:4.5s/paper | Est. remaining:8.5min
[9/120] Response on attempt 1 -> '5', parsed=5
[9/120] Score=5 | Attempts=1 | This round:3.8s | Avg:4.4s/paper | Est. remaining:8.2min
[10/120] Response on attempt 1 -> '5', parsed=5
[10/120] Score=5 | Attempts=1 | This round:3.9s | Avg:4.4s/paper | Est. remaining:8.1min
[11/120] Response on attempt 1 -> '4', parsed=4
[11/120] Score=4 | Attempts=1 | This round:4.5s | Avg:4.4s/paper | Est. remaining:8.0min
[12/120] Response on attempt 1 -> '5', parsed=5
[12/120] Score=5 | Attempts=1 | This round:6.1s | Avg:4.6s/paper | Est. remaining:8.2min
[13/120] Response on attempt 1 -> '5', parsed=5
[13/120] Score=5 | Attempts=1 | This round:5.5s | Avg:4.6s/paper | Est. remaining:8.2min
[14/120] Response on attempt 1 -> '5', parsed=5
[14/120] Score=5 | Attempts=1 | This round:4.8s | Avg:4.6s/paper | Est. remaining:8.2min
[15/120] Response on attempt 1 -> '5', parsed=5
[15/120] Score=5 | Attempts=1 | This round:5.5s | Avg:4.7s/paper | Est. remaining:8.2min
[16/120] Response on attempt 1 -> '5', parsed=5
[16/120] Score=5 | Attempts=1 | This round:4.3s | Avg:4.7s/paper | Est. remaining:8.1min
[17/120] Response on attempt 1 -> '5', parsed=5
[17/120] Score=5 | Attempts=1 | This round:6.1s | Avg:4.8s/paper | Est. remaining:8.2min
[18/120] Response on attempt 1 -> '5', parsed=5
[18/120] Score=5 | Attempts=1 | This round:8.2s | Avg:4.9s/paper | Est. remaining:8.4min
[19/120] Response on attempt 1 -> '5', parsed=5
[19/120] Score=5 | Attempts=1 | This round:4.7s | Avg:4.9s/paper | Est. remaining:8.3min
[20/120] Response on attempt 1 -> '5', parsed=5
[20/120] Score=5 | Attempts=1 | This round:3.9s | Avg:4.9s/paper | Est. remaining:8.1min
[21/120] Response on attempt 1 -> '5', parsed=5
[21/120] Score=5 | Attempts=1 | This round:3.5s | Avg:4.8s/paper | Est. remaining:8.0min
[22/120] Response on attempt 1 -> '5', parsed=5
[22/120] Score=5 | Attempts=1 | This round:4.0s | Avg:4.8s/paper | Est. remaining:7.8min
[23/120] Response on attempt 1 -> '5', parsed=5
[23/120] Score=5 | Attempts=1 | This round:3.7s | Avg:4.7s/paper | Est. remaining:7.7min
[24/120] Response on attempt 1 -> '5', parsed=5
[24/120] Score=5 | Attempts=1 | This round:4.3s | Avg:4.7s/paper | Est. remaining:7.5min
[25/120] Response on attempt 1 -> '4', parsed=4
[25/120] Score=4 | Attempts=1 | This round:3.7s | Avg:4.7s/paper | Est. remaining:7.4min
[26/120] Response on attempt 1 -> '5', parsed=5
[26/120] Score=5 | Attempts=1 | This round:4.4s | Avg:4.7s/paper | Est. remaining:7.3min
[27/120] Response on attempt 1 -> '5', parsed=5
[27/120] Score=5 | Attempts=1 | This round:4.9s | Avg:4.7s/paper | Est. remaining:7.2min
[28/120] Response on attempt 1 -> '5', parsed=5
[28/120] Score=5 | Attempts=1 | This round:3.9s | Avg:4.6s/paper | Est. remaining:7.1min
[29/120] Response on attempt 1 -> '5', parsed=5
[29/120] Score=5 | Attempts=1 | This round:3.9s | Avg:4.6s/paper | Est. remaining:7.0min
[30/120] Response on attempt 1 -> '5', parsed=5
[30/120] Score=5 | Attempts=1 | This round:5.7s | Avg:4.7s/paper | Est. remaining:7.0min
[31/120] Response on attempt 1 -> '5', parsed=5
[31/120] Score=5 | Attempts=1 | This round:4.4s | Avg:4.7s/paper | Est. remaining:6.9min
[32/120] Response on attempt 1 -> '5', parsed=5
[32/120] Score=5 | Attempts=1 | This round:5.4s | Avg:4.7s/paper | Est. remaining:6.9min
[33/120] Response on attempt 1 -> '5', parsed=5
[33/120] Score=5 | Attempts=1 | This round:4.3s | Avg:4.7s/paper | Est. remaining:6.8min
[34/120] Response on attempt 1 -> '5', parsed=5
[34/120] Score=5 | Attempts=1 | This round:3.7s | Avg:4.6s/paper | Est. remaining:6.6min
[35/120] Response on attempt 1 -> '5', parsed=5
[35/120] Score=5 | Attempts=1 | This round:3.6s | Avg:4.6s/paper | Est. remaining:6.5min
[36/120] Response on attempt 1 -> '5', parsed=5
[36/120] Score=5 | Attempts=1 | This round:4.0s | Avg:4.6s/paper | Est. remaining:6.4min
[37/120] Response on attempt 1 -> '4', parsed=4
[37/120] Score=4 | Attempts=1 | This round:5.2s | Avg:4.6s/paper | Est. remaining:6.4min
[38/120] Response on attempt 1 -> '5', parsed=5
[38/120] Score=5 | Attempts=1 | This round:4.4s | Avg:4.6s/paper | Est. remaining:6.3min
[39/120] Response on attempt 1 -> '5', parsed=5
[39/120] Score=5 | Attempts=1 | This round:3.6s | Avg:4.6s/paper | Est. remaining:6.2min
[40/120] Response on attempt 1 -> '5', parsed=5
[40/120] Score=5 | Attempts=1 | This round:3.6s | Avg:4.5s/paper | Est. remaining:6.1min
[41/120] Response on attempt 1 -> '5', parsed=5
[41/120] Score=5 | Attempts=1 | This round:4.3s | Avg:4.5s/paper | Est. remaining:6.0min
[42/120] Response on attempt 1 -> '5', parsed=5
[42/120] Score=5 | Attempts=1 | This round:3.6s | Avg:4.5s/paper | Est. remaining:5.9min
[43/120] Response on attempt 1 -> '4', parsed=4
[43/120] Score=4 | Attempts=1 | This round:5.1s | Avg:4.5s/paper | Est. remaining:5.8min
[44/120] Response on attempt 1 -> '5', parsed=5
[44/120] Score=5 | Attempts=1 | This round:4.7s | Avg:4.5s/paper | Est. remaining:5.7min
[45/120] Response on attempt 1 -> '4', parsed=4
[45/120] Score=4 | Attempts=1 | This round:3.8s | Avg:4.5s/paper | Est. remaining:5.6min
[46/120] Response on attempt 1 -> '5', parsed=5
[46/120] Score=5 | Attempts=1 | This round:5.0s | Avg:4.5s/paper | Est. remaining:5.6min
[47/120] Response on attempt 1 -> '5', parsed=5
[47/120] Score=5 | Attempts=1 | This round:4.0s | Avg:4.5s/paper | Est. remaining:5.5min
[48/120] Response on attempt 1 -> '4', parsed=4
[48/120] Score=4 | Attempts=1 | This round:4.2s | Avg:4.5s/paper | Est. remaining:5.4min
[49/120] Response on attempt 1 -> '5', parsed=5
[49/120] Score=5 | Attempts=1 | This round:3.7s | Avg:4.5s/paper | Est. remaining:5.3min
[50/120] Response on attempt 1 -> '5', parsed=5
[50/120] Score=5 | Attempts=1 | This round:4.7s | Avg:4.5s/paper | Est. remaining:5.2min
[51/120] Response on attempt 1 -> '5', parsed=5
[51/120] Score=5 | Attempts=1 | This round:4.5s | Avg:4.5s/paper | Est. remaining:5.2min
[52/120] Response on attempt 1 -> '4', parsed=4
[52/120] Score=4 | Attempts=1 | This round:3.9s | Avg:4.5s/paper | Est. remaining:5.1min
[53/120] Response on attempt 1 -> '4', parsed=4
[53/120] Score=4 | Attempts=1 | This round:3.8s | Avg:4.5s/paper | Est. remaining:5.0min
[54/120] Response on attempt 1 -> '4', parsed=4
[54/120] Score=4 | Attempts=1 | This round:4.9s | Avg:4.5s/paper | Est. remaining:4.9min
[55/120] Response on attempt 1 -> '5', parsed=5
[55/120] Score=5 | Attempts=1 | This round:4.0s | Avg:4.5s/paper | Est. remaining:4.8min
[56/120] Response on attempt 1 -> '5', parsed=5
[56/120] Score=5 | Attempts=1 | This round:8.0s | Avg:4.5s/paper | Est. remaining:4.8min
[57/120] Response on attempt 1 -> '5', parsed=5
[57/120] Score=5 | Attempts=1 | This round:3.7s | Avg:4.5s/paper | Est. remaining:4.7min
[58/120] Response on attempt 1 -> '5', parsed=5
[58/120] Score=5 | Attempts=1 | This round:3.5s | Avg:4.5s/paper | Est. remaining:4.7min
[59/120] Response on attempt 1 -> '5', parsed=5
[59/120] Score=5 | Attempts=1 | This round:4.1s | Avg:4.5s/paper | Est. remaining:4.6min
[60/120] Response on attempt 1 -> '5', parsed=5
[60/120] Score=5 | Attempts=1 | This round:3.9s | Avg:4.5s/paper | Est. remaining:4.5min
[61/120] Response on attempt 1 -> '5', parsed=5
[61/120] Score=5 | Attempts=1 | This round:5.4s | Avg:4.5s/paper | Est. remaining:4.4min
[62/120] Response on attempt 1 -> '4', parsed=4
[62/120] Score=4 | Attempts=1 | This round:4.8s | Avg:4.5s/paper | Est. remaining:4.4min
[63/120] Response on attempt 1 -> '5', parsed=5
[63/120] Score=5 | Attempts=1 | This round:4.1s | Avg:4.5s/paper | Est. remaining:4.3min
[64/120] Response on attempt 1 -> '5', parsed=5
[64/120] Score=5 | Attempts=1 | This round:5.3s | Avg:4.5s/paper | Est. remaining:4.2min
[65/120] Response on attempt 1 -> '5', parsed=5
[65/120] Score=5 | Attempts=1 | This round:4.7s | Avg:4.5s/paper | Est. remaining:4.1min
[66/120] Response on attempt 1 -> '5', parsed=5
[66/120] Score=5 | Attempts=1 | This round:5.1s | Avg:4.5s/paper | Est. remaining:4.1min
[67/120] Response on attempt 1 -> '5', parsed=5
[67/120] Score=5 | Attempts=1 | This round:5.6s | Avg:4.5s/paper | Est. remaining:4.0min
[68/120] Response on attempt 1 -> '5', parsed=5
[68/120] Score=5 | Attempts=1 | This round:5.9s | Avg:4.6s/paper | Est. remaining:4.0min
[69/120] Response on attempt 1 -> '4', parsed=4
[69/120] Score=4 | Attempts=1 | This round:4.5s | Avg:4.6s/paper | Est. remaining:3.9min
[70/120] Response on attempt 1 -> '5', parsed=5
[70/120] Score=5 | Attempts=1 | This round:6.6s | Avg:4.6s/paper | Est. remaining:3.8min
[71/120] Response on attempt 1 -> '5', parsed=5
[71/120] Score=5 | Attempts=1 | This round:9.6s | Avg:4.7s/paper | Est. remaining:3.8min
[72/120] Response on attempt 1 -> '5', parsed=5
[72/120] Score=5 | Attempts=1 | This round:7.5s | Avg:4.7s/paper | Est. remaining:3.8min
[73/120] Response on attempt 1 -> '3', parsed=3
[73/120] Score=3 | Attempts=1 | This round:3.9s | Avg:4.7s/paper | Est. remaining:3.7min
[74/120] Response on attempt 1 -> '5', parsed=5
[74/120] Score=5 | Attempts=1 | This round:4.7s | Avg:4.7s/paper | Est. remaining:3.6min
[75/120] Response on attempt 1 -> '4', parsed=4
[75/120] Score=4 | Attempts=1 | This round:4.0s | Avg:4.7s/paper | Est. remaining:3.5min
[76/120] Response on attempt 1 -> '5', parsed=5
[76/120] Score=5 | Attempts=1 | This round:4.3s | Avg:4.7s/paper | Est. remaining:3.4min
[77/120] Response on attempt 1 -> '4', parsed=4
[77/120] Score=4 | Attempts=1 | This round:5.8s | Avg:4.7s/paper | Est. remaining:3.4min
[78/120] Response on attempt 1 -> '4', parsed=4
[78/120] Score=4 | Attempts=1 | This round:4.0s | Avg:4.7s/paper | Est. remaining:3.3min
[79/120] Response on attempt 1 -> '5', parsed=5
[79/120] Score=5 | Attempts=1 | This round:4.2s | Avg:4.7s/paper | Est. remaining:3.2min
[80/120] Response on attempt 1 -> '5', parsed=5
[80/120] Score=5 | Attempts=1 | This round:4.8s | Avg:4.7s/paper | Est. remaining:3.1min
[81/120] Response on attempt 1 -> '5', parsed=5
[81/120] Score=5 | Attempts=1 | This round:5.2s | Avg:4.7s/paper | Est. remaining:3.0min
[82/120] Response on attempt 1 -> '5', parsed=5
[82/120] Score=5 | Attempts=1 | This round:4.9s | Avg:4.7s/paper | Est. remaining:3.0min
[83/120] Response on attempt 1 -> '5', parsed=5
[83/120] Score=5 | Attempts=1 | This round:4.7s | Avg:4.7s/paper | Est. remaining:2.9min
[84/120] Response on attempt 1 -> '5', parsed=5
[84/120] Score=5 | Attempts=1 | This round:4.3s | Avg:4.7s/paper | Est. remaining:2.8min
[85/120] Response on attempt 1 -> '5', parsed=5
[85/120] Score=5 | Attempts=1 | This round:4.2s | Avg:4.7s/paper | Est. remaining:2.7min
[86/120] Response on attempt 1 -> '5', parsed=5
[86/120] Score=5 | Attempts=1 | This round:4.6s | Avg:4.7s/paper | Est. remaining:2.7min
[87/120] Response on attempt 1 -> '5', parsed=5
[87/120] Score=5 | Attempts=1 | This round:3.8s | Avg:4.7s/paper | Est. remaining:2.6min
[88/120] Response on attempt 1 -> '3', parsed=3
[88/120] Score=3 | Attempts=1 | This round:3.7s | Avg:4.7s/paper | Est. remaining:2.5min
[89/120] Response on attempt 1 -> '5', parsed=5
[89/120] Score=5 | Attempts=1 | This round:4.7s | Avg:4.7s/paper | Est. remaining:2.4min
[90/120] Response on attempt 1 -> '5', parsed=5
[90/120] Score=5 | Attempts=1 | This round:4.2s | Avg:4.7s/paper | Est. remaining:2.3min
[91/120] Response on attempt 1 -> '5', parsed=5
[91/120] Score=5 | Attempts=1 | This round:6.9s | Avg:4.7s/paper | Est. remaining:2.3min
[92/120] Response on attempt 1 -> '4', parsed=4
[92/120] Score=4 | Attempts=1 | This round:4.5s | Avg:4.7s/paper | Est. remaining:2.2min
[93/120] Response on attempt 1 -> '5', parsed=5
[93/120] Score=5 | Attempts=1 | This round:4.9s | Avg:4.7s/paper | Est. remaining:2.1min
[94/120] Response on attempt 1 -> '4', parsed=4
[94/120] Score=4 | Attempts=1 | This round:5.3s | Avg:4.7s/paper | Est. remaining:2.0min
[95/120] Response on attempt 1 -> '5', parsed=5
[95/120] Score=5 | Attempts=1 | This round:5.1s | Avg:4.7s/paper | Est. remaining:2.0min
[96/120] Response on attempt 1 -> '5', parsed=5
[96/120] Score=5 | Attempts=1 | This round:5.2s | Avg:4.7s/paper | Est. remaining:1.9min
[97/120] Response on attempt 1 -> '5', parsed=5
[97/120] Score=5 | Attempts=1 | This round:5.4s | Avg:4.7s/paper | Est. remaining:1.8min
[98/120] Response on attempt 1 -> '5', parsed=5
[98/120] Score=5 | Attempts=1 | This round:9.4s | Avg:4.7s/paper | Est. remaining:1.7min
[99/120] Response on attempt 1 -> '4', parsed=4
[99/120] Score=4 | Attempts=1 | This round:4.0s | Avg:4.7s/paper | Est. remaining:1.7min
[100/120] Response on attempt 1 -> '5', parsed=5
[100/120] Score=5 | Attempts=1 | This round:4.4s | Avg:4.7s/paper | Est. remaining:1.6min
[101/120] Response on attempt 1 -> '5', parsed=5
[101/120] Score=5 | Attempts=1 | This round:4.0s | Avg:4.7s/paper | Est. remaining:1.5min
[102/120] Response on attempt 1 -> '5', parsed=5
[102/120] Score=5 | Attempts=1 | This round:4.7s | Avg:4.7s/paper | Est. remaining:1.4min
[103/120] Response on attempt 1 -> '5', parsed=5
[103/120] Score=5 | Attempts=1 | This round:3.9s | Avg:4.7s/paper | Est. remaining:1.3min
[104/120] Response on attempt 1 -> '5', parsed=5
[104/120] Score=5 | Attempts=1 | This round:4.4s | Avg:4.7s/paper | Est. remaining:1.3min
[105/120] Response on attempt 1 -> '4', parsed=4
[105/120] Score=4 | Attempts=1 | This round:4.4s | Avg:4.7s/paper | Est. remaining:1.2min
[106/120] Response on attempt 1 -> '5', parsed=5
[106/120] Score=5 | Attempts=1 | This round:3.8s | Avg:4.7s/paper | Est. remaining:1.1min
[107/120] Response on attempt 1 -> '4', parsed=4
[107/120] Score=4 | Attempts=1 | This round:4.3s | Avg:4.7s/paper | Est. remaining:1.0min
[108/120] Response on attempt 1 -> '5', parsed=5
[108/120] Score=5 | Attempts=1 | This round:7.2s | Avg:4.7s/paper | Est. remaining:0.9min
[109/120] Response on attempt 1 -> '5', parsed=5
[109/120] Score=5 | Attempts=1 | This round:4.2s | Avg:4.7s/paper | Est. remaining:0.9min
[110/120] Response on attempt 1 -> '5', parsed=5
[110/120] Score=5 | Attempts=1 | This round:7.4s | Avg:4.7s/paper | Est. remaining:0.8min
[111/120] Response on attempt 1 -> '5', parsed=5
[111/120] Score=5 | Attempts=1 | This round:6.1s | Avg:4.8s/paper | Est. remaining:0.7min
[112/120] Response on attempt 1 -> '5', parsed=5
[112/120] Score=5 | Attempts=1 | This round:4.2s | Avg:4.8s/paper | Est. remaining:0.6min
[113/120] Response on attempt 1 -> '5', parsed=5
[113/120] Score=5 | Attempts=1 | This round:3.7s | Avg:4.7s/paper | Est. remaining:0.6min
[114/120] Response on attempt 1 -> '4', parsed=4
[114/120] Score=4 | Attempts=1 | This round:5.7s | Avg:4.8s/paper | Est. remaining:0.5min
[115/120] Response on attempt 1 -> '5', parsed=5
[115/120] Score=5 | Attempts=1 | This round:3.9s | Avg:4.7s/paper | Est. remaining:0.4min
[116/120] Response on attempt 1 -> '4', parsed=4
[116/120] Score=4 | Attempts=1 | This round:4.9s | Avg:4.7s/paper | Est. remaining:0.3min
[117/120] Response on attempt 1 -> '5', parsed=5
[117/120] Score=5 | Attempts=1 | This round:5.0s | Avg:4.7s/paper | Est. remaining:0.2min
[118/120] Response on attempt 1 -> '5', parsed=5
[118/120] Score=5 | Attempts=1 | This round:4.0s | Avg:4.7s/paper | Est. remaining:0.2min
[119/120] Response on attempt 1 -> '5', parsed=5
[119/120] Score=5 | Attempts=1 | This round:3.9s | Avg:4.7s/paper | Est. remaining:0.1min
[120/120] Response on attempt 1 -> '4', parsed=4
[120/120] Score=4 | Attempts=1 | This round:4.1s | Avg:4.7s/paper | Est. remaining:0.0min
✅ Exported: <package-root>/results/s3_native/s3_native_confirmatory_20260716/systems/surveygen/method_continual_learning/raw/paper_after_reranking.csv (only papers with abstracts were calculated and selected)
✅ Outline generated and saved to <package-root>/results/s3_native/s3_native_confirmatory_20260716/systems/surveygen/method_continual_learning/raw/survey_outline.json

===== Generating Section 1/7: "Foundations and Problem Formulation of Continual Learning" - Subsection 1/6: "Definition and Motivation" =====
📖 Overall progress: 1/40 subsections
✅ Save: <package-root>/results/s3_native/s3_native_confirmatory_20260716/systems/surveygen/method_continual_learning/raw/sections/01_01_Definition_and_Motivation.json
📊 Token : prompt=21564 | completion=505 | total=22069
📈 Token : prompt=21564 | completion=505 | total=22069

===== Generating Section 1/7: "Foundations and Problem Formulation of Continual Learning" - Subsection 2/6: "Learning Scenarios and Taxonomies" =====
📖 Overall progress: 2/40 subsections
✅ Save: <package-root>/results/s3_native/s3_native_confirmatory_20260716/systems/surveygen/method_continual_learning/raw/sections/01_02_Learning_Scenarios_and_Taxonomies.json
📊 Token : prompt=21570 | completion=417 | total=21987
📈 Token : prompt=43134 | completion=922 | total=44056

===== Generating Section 1/7: "Foundations and Problem Formulation of Continual Learning" - Subsection 3/6: "Catastrophic Forgetting and the Stability-Plasticity Dilemma" =====
📖 Overall progress: 3/40 subsections
✅ Save: <package-root>/results/s3_native/s3_native_confirmatory_20260716/systems/surveygen/method_continual_learning/raw/sections/01_03_Catastrophic_Forgetting_and_the_Stability-Plasticity_Dilemma.json
📊 Token : prompt=21592 | completion=513 | total=22105
📈 Token : prompt=64726 | completion=1435 | total=66161

===== Generating Section 1/7: "Foundations and Problem Formulation of Continual Learning" - Subsection 4/6: "Theoretical Analysis of Continual Learning" =====
📖 Overall progress: 4/40 subsections
✅ Save: <package-root>/results/s3_native/s3_native_confirmatory_20260716/systems/surveygen/method_continual_learning/raw/sections/01_04_Theoretical_Analysis_of_Continual_Learning.json
📊 Token : prompt=21572 | completion=416 | total=21988
📈 Token : prompt=86298 | completion=1851 | total=88149

===== Generating Section 1/7: "Foundations and Problem Formulation of Continual Learning" - Subsection 5/6: "Evaluation Protocols and Metrics" =====
📖 Overall progress: 5/40 subsections
✅ Save: <package-root>/results/s3_native/s3_native_confirmatory_20260716/systems/surveygen/method_continual_learning/raw/sections/01_05_Evaluation_Protocols_and_Metrics.json
📊 Token : prompt=21570 | completion=611 | total=22181
📈 Token : prompt=107868 | completion=2462 | total=110330

===== Generating Section 1/7: "Foundations and Problem Formulation of Continual Learning" - Subsection 6/6: "Relationship to Adjacent Learning Paradigms" =====
📖 Overall progress: 6/40 subsections
✅ Save: <package-root>/results/s3_native/s3_native_confirmatory_20260716/systems/surveygen/method_continual_learning/raw/sections/01_06_Relationship_to_Adjacent_Learning_Paradigms.json
📊 Token : prompt=21572 | completion=449 | total=22021
📈 Token : prompt=129440 | completion=2911 | total=132351

===== Generating Section 2/7: "Core Methodological Approaches to Continual Learning" - Subsection 1/7: "Regularization-Based Methods" =====
📖 Overall progress: 7/40 subsections
✅ Save: <package-root>/results/s3_native/s3_native_confirmatory_20260716/systems/surveygen/method_continual_learning/raw/sections/02_01_Regularization-Based_Methods.json
📊 Token : prompt=21568 | completion=413 | total=21981
📈 Token : prompt=151008 | completion=3324 | total=154332

===== Generating Section 2/7: "Core Methodological Approaches to Continual Learning" - Subsection 2/7: "Replay and Memory-Based Methods" =====
📖 Overall progress: 8/40 subsections
✅ Save: <package-root>/results/s3_native/s3_native_confirmatory_20260716/systems/surveygen/method_continual_learning/raw/sections/02_02_Replay_and_Memory-Based_Methods.json
📊 Token : prompt=21570 | completion=455 | total=22025
📈 Token : prompt=172578 | completion=3779 | total=176357

===== Generating Section 2/7: "Core Methodological Approaches to Continual Learning" - Subsection 3/7: "Generative Replay and Brain-Inspired Replay" =====
📖 Overall progress: 9/40 subsections
✅ Save: <package-root>/results/s3_native/s3_native_confirmatory_20260716/systems/surveygen/method_continual_learning/raw/sections/02_03_Generative_Replay_and_Brain-Inspired_Replay.json
📊 Token : prompt=21580 | completion=403 | total=21983
📈 Token : prompt=194158 | completion=4182 | total=198340

===== Generating Section 2/7: "Core Methodological Approaches to Continual Learning" - Subsection 4/7: "Parameter Isolation and Dynamic Architecture Methods" =====
📖 Overall progress: 10/40 subsections
✅ Save: <package-root>/results/s3_native/s3_native_confirmatory_20260716/systems/surveygen/method_continual_learning/raw/sections/02_04_Parameter_Isolation_and_Dynamic_Architecture_Methods.json
📊 Token : prompt=21570 | completion=333 | total=21903
📈 Token : prompt=215728 | completion=4515 | total=220243

===== Generating Section 2/7: "Core Methodological Approaches to Continual Learning" - Subsection 5/7: "Optimization and Gradient-Based Methods" =====
📖 Overall progress: 11/40 subsections
✅ Save: <package-root>/results/s3_native/s3_native_confirmatory_20260716/systems/surveygen/method_continual_learning/raw/sections/02_05_Optimization_and_Gradient-Based_Methods.json
📊 Token : prompt=21572 | completion=395 | total=21967
📈 Token : prompt=237300 | completion=4910 | total=242210

===== Generating Section 2/7: "Core Methodological Approaches to Continual Learning" - Subsection 6/7: "Bayesian and Probabilistic Approaches" =====
📖 Overall progress: 12/40 subsections
✅ Save: <package-root>/results/s3_native/s3_native_confirmatory_20260716/systems/surveygen/method_continual_learning/raw/sections/02_06_Bayesian_and_Probabilistic_Approaches.json
📊 Token : prompt=21574 | completion=322 | total=21896
📈 Token : prompt=258874 | completion=5232 | total=264106

===== Generating Section 2/7: "Core Methodological Approaches to Continual Learning" - Subsection 7/7: "Knowledge Distillation in Continual Learning" =====
📖 Overall progress: 13/40 subsections
✅ Save: <package-root>/results/s3_native/s3_native_confirmatory_20260716/systems/surveygen/method_continual_learning/raw/sections/02_07_Knowledge_Distillation_in_Continual_Learning.json
📊 Token : prompt=21576 | completion=367 | total=21943
📈 Token : prompt=280450 | completion=5599 | total=286049

===== Generating Section 3/7: "Continual Learning with Pre-trained and Foundation Models" - Subsection 1/6: "Prompt-Based Continual Learning" =====
📖 Overall progress: 14/40 subsections
✅ Save: <package-root>/results/s3_native/s3_native_confirmatory_20260716/systems/surveygen/method_continual_learning/raw/sections/03_01_Prompt-Based_Continual_Learning.json
📊 Token : prompt=21572 | completion=552 | total=22124
📈 Token : prompt=302022 | completion=6151 | total=308173

===== Generating Section 3/7: "Continual Learning with Pre-trained and Foundation Models" - Subsection 2/6: "Parameter-Efficient Tuning for Continual Learning" =====
📖 Overall progress: 15/40 subsections
✅ Save: <package-root>/results/s3_native/s3_native_confirmatory_20260716/systems/surveygen/method_continual_learning/raw/sections/03_02_Parameter-Efficient_Tuning_for_Continual_Learning.json
📊 Token : prompt=21580 | completion=324 | total=21904
📈 Token : prompt=323602 | completion=6475 | total=330077

===== Generating Section 3/7: "Continual Learning with Pre-trained and Foundation Models" - Subsection 3/6: "Pre-trained Model Exploitation without Fine-tuning" =====
📖 Overall progress: 16/40 subsections
✅ Save: <package-root>/results/s3_native/s3_native_confirmatory_20260716/systems/surveygen/method_continual_learning/raw/sections/03_03_Pre-trained_Model_Exploitation_without_Fine-tuning.json
📊 Token : prompt=21578 | completion=325 | total=21903
📈 Token : prompt=345180 | completion=6800 | total=351980

===== Generating Section 3/7: "Continual Learning with Pre-trained and Foundation Models" - Subsection 4/6: "Continual Learning with Vision Transformers" =====
📖 Overall progress: 17/40 subsections
✅ Save: <package-root>/results/s3_native/s3_native_confirmatory_20260716/systems/surveygen/method_continual_learning/raw/sections/03_04_Continual_Learning_with_Vision_Transformers.json
📊 Token : prompt=21574 | completion=361 | total=21935
📈 Token : prompt=366754 | completion=7161 | total=373915

===== Generating Section 3/7: "Continual Learning with Pre-trained and Foundation Models" - Subsection 5/6: "Preventing Zero-Shot and Generalization Degradation" =====
📖 Overall progress: 18/40 subsections
✅ Save: <package-root>/results/s3_native/s3_native_confirmatory_20260716/systems/surveygen/method_continual_learning/raw/sections/03_05_Preventing_Zero-Shot_and_Generalization_Degradation.json
📊 Token : prompt=21580 | completion=256 | total=21836
📈 Token : prompt=388334 | completion=7417 | total=395751

===== Generating Section 3/7: "Continual Learning with Pre-trained and Foundation Models" - Subsection 6/6: "Language Guidance and Multimodal Continual Learning" =====
📖 Overall progress: 19/40 subsections
✅ Save: <package-root>/results/s3_native/s3_native_confirmatory_20260716/systems/surveygen/method_continual_learning/raw/sections/03_06_Language_Guidance_and_Multimodal_Continual_Learning.json
📊 Token : prompt=21580 | completion=302 | total=21882
📈 Token : prompt=409914 | completion=7719 | total=417633

===== Generating Section 4/7: "Continual Learning in Specialized Domains and Emerging Settings" - Subsection 1/7: "Continual Learning for Natural Language Processing" =====
📖 Overall progress: 20/40 subsections
✅ Save: <package-root>/results/s3_native/s3_native_confirmatory_20260716/systems/surveygen/method_continual_learning/raw/sections/04_01_Continual_Learning_for_Natural_Language_Processing.json
📊 Token : prompt=21572 | completion=413 | total=21985
📈 Token : prompt=431486 | completion=8132 | total=439618

===== Generating Section 4/7: "Continual Learning in Specialized Domains and Emerging Settings" - Subsection 2/7: "Continual Learning for Computer Vision Beyond Classification" =====
📖 Overall progress: 21/40 subsections
✅ Save: <package-root>/results/s3_native/s3_native_confirmatory_20260716/systems/surveygen/method_continual_learning/raw/sections/04_02_Continual_Learning_for_Computer_Vision_Beyond_Classification.json
📊 Token : prompt=21574 | completion=235 | total=21809
📈 Token : prompt=453060 | completion=8367 | total=461427

===== Generating Section 4/7: "Continual Learning in Specialized Domains and Emerging Settings" - Subsection 3/7: "Continual Learning on Graphs" =====
📖 Overall progress: 22/40 subsections
✅ Save: <package-root>/results/s3_native/s3_native_confirmatory_20260716/systems/surveygen/method_continual_learning/raw/sections/04_03_Continual_Learning_on_Graphs.json
📊 Token : prompt=21570 | completion=249 | total=21819
📈 Token : prompt=474630 | completion=8616 | total=483246

===== Generating Section 4/7: "Continual Learning in Specialized Domains and Emerging Settings" - Subsection 4/7: "Continual Learning for Generative Models" =====
📖 Overall progress: 23/40 subsections
✅ Save: <package-root>/results/s3_native/s3_native_confirmatory_20260716/systems/surveygen/method_continual_learning/raw/sections/04_04_Continual_Learning_for_Generative_Models.json
📊 Token : prompt=21574 | completion=285 | total=21859
📈 Token : prompt=496204 | completion=8901 | total=505105

===== Generating Section 4/7: "Continual Learning in Specialized Domains and Emerging Settings" - Subsection 5/7: "Continual Learning in Healthcare and Medical Imaging" =====
📖 Overall progress: 24/40 subsections
✅ Save: <package-root>/results/s3_native/s3_native_confirmatory_20260716/systems/surveygen/method_continual_learning/raw/sections/04_05_Continual_Learning_in_Healthcare_and_Medical_Imaging.json
📊 Token : prompt=21576 | completion=308 | total=21884
📈 Token : prompt=517780 | completion=9209 | total=526989

===== Generating Section 4/7: "Continual Learning in Specialized Domains and Emerging Settings" - Subsection 6/7: "Continual Learning for Cybersecurity and Predictive Maintenance" =====
📖 Overall progress: 25/40 subsections
✅ Save: <package-root>/results/s3_native/s3_native_confirmatory_20260716/systems/surveygen/method_continual_learning/raw/sections/04_06_Continual_Learning_for_Cybersecurity_and_Predictive_Maintenance.json
📊 Token : prompt=21586 | completion=288 | total=21874
📈 Token : prompt=539366 | completion=9497 | total=548863

===== Generating Section 4/7: "Continual Learning in Specialized Domains and Emerging Settings" - Subsection 7/7: "Open-World and Novelty-Aware Continual Learning" =====
📖 Overall progress: 26/40 subsections
✅ Save: <package-root>/results/s3_native/s3_native_confirmatory_20260716/systems/surveygen/method_continual_learning/raw/sections/04_07_Open-World_and_Novelty-Aware_Continual_Learning.json
📊 Token : prompt=21584 | completion=314 | total=21898
📈 Token : prompt=560950 | completion=9811 | total=570761

===== Generating Section 5/7: "Federated, Distributed, and Privacy-Preserving Continual Learning" - Subsection 1/4: "Federated Class-Continual Learning" =====
📖 Overall progress: 27/40 subsections
✅ Save: <package-root>/results/s3_native/s3_native_confirmatory_20260716/systems/surveygen/method_continual_learning/raw/sections/05_01_Federated_Class-Continual_Learning.json
📊 Token : prompt=21574 | completion=268 | total=21842
📈 Token : prompt=582524 | completion=10079 | total=592603

===== Generating Section 5/7: "Federated, Distributed, and Privacy-Preserving Continual Learning" - Subsection 2/4: "Privacy Constraints in Continual Learning" =====
📖 Overall progress: 28/40 subsections
✅ Save: <package-root>/results/s3_native/s3_native_confirmatory_20260716/systems/surveygen/method_continual_learning/raw/sections/05_02_Privacy_Constraints_in_Continual_Learning.json
📊 Token : prompt=21572 | completion=470 | total=22042
📈 Token : prompt=604096 | completion=10549 | total=614645

===== Generating Section 5/7: "Federated, Distributed, and Privacy-Preserving Continual Learning" - Subsection 3/4: "Non-IID Data and Heterogeneous Distributions" =====
📖 Overall progress: 29/40 subsections
✅ Save: <package-root>/results/s3_native/s3_native_confirmatory_20260716/systems/surveygen/method_continual_learning/raw/sections/05_03_Non-IID_Data_and_Heterogeneous_Distributions.json
📊 Token : prompt=21580 | completion=296 | total=21876
📈 Token : prompt=625676 | completion=10845 | total=636521

===== Generating Section 5/7: "Federated, Distributed, and Privacy-Preserving Continual Learning" - Subsection 4/4: "Exemplar-Free Methods for Privacy-Sensitive Scenarios" =====
📖 Overall progress: 30/40 subsections
✅ Save: <package-root>/results/s3_native/s3_native_confirmatory_20260716/systems/surveygen/method_continual_learning/raw/sections/05_04_Exemplar-Free_Methods_for_Privacy-Sensitive_Scenarios.json
📊 Token : prompt=21582 | completion=475 | total=22057
📈 Token : prompt=647258 | completion=11320 | total=658578

===== Generating Section 6/7: "Knowledge Transfer, Forward and Backward Transfer in Continual Learning" - Subsection 1/4: "Forward Knowledge Transfer" =====
📖 Overall progress: 31/40 subsections
✅ Save: <package-root>/results/s3_native/s3_native_confirmatory_20260716/systems/surveygen/method_continual_learning/raw/sections/06_01_Forward_Knowledge_Transfer.json
📊 Token : prompt=21562 | completion=414 | total=21976
📈 Token : prompt=668820 | completion=11734 | total=680554

===== Generating Section 6/7: "Knowledge Transfer, Forward and Backward Transfer in Continual Learning" - Subsection 2/4: "Backward Knowledge Transfer" =====
📖 Overall progress: 32/40 subsections
✅ Save: <package-root>/results/s3_native/s3_native_confirmatory_20260716/systems/surveygen/method_continual_learning/raw/sections/06_02_Backward_Knowledge_Transfer.json
📊 Token : prompt=21564 | completion=304 | total=21868
📈 Token : prompt=690384 | completion=12038 | total=702422

===== Generating Section 6/7: "Knowledge Transfer, Forward and Backward Transfer in Continual Learning" - Subsection 3/4: "Inter-Task Relationship Modeling" =====
📖 Overall progress: 33/40 subsections
✅ Save: <package-root>/results/s3_native/s3_native_confirmatory_20260716/systems/surveygen/method_continual_learning/raw/sections/06_03_Inter-Task_Relationship_Modeling.json
📊 Token : prompt=21570 | completion=365 | total=21935
📈 Token : prompt=711954 | completion=12403 | total=724357

===== Generating Section 6/7: "Knowledge Transfer, Forward and Backward Transfer in Continual Learning" - Subsection 4/4: "Neuro-Inspired Mechanisms for Adaptability" =====
📖 Overall progress: 34/40 subsections
✅ Save: <package-root>/results/s3_native/s3_native_confirmatory_20260716/systems/surveygen/method_continual_learning/raw/sections/06_04_Neuro-Inspired_Mechanisms_for_Adaptability.json
📊 Token : prompt=21580 | completion=342 | total=21922
📈 Token : prompt=733534 | completion=12745 | total=746279

===== Generating Section 7/7: "Computational Efficiency, Scalability, and Practical Deployment of Continual Learning" - Subsection 1/6: "Compute-Efficient Continual Learning" =====
📖 Overall progress: 35/40 subsections
✅ Save: <package-root>/results/s3_native/s3_native_confirmatory_20260716/systems/surveygen/method_continual_learning/raw/sections/07_01_Compute-Efficient_Continual_Learning.json
📊 Token : prompt=21574 | completion=350 | total=21924
📈 Token : prompt=755108 | completion=13095 | total=768203

===== Generating Section 7/7: "Computational Efficiency, Scalability, and Practical Deployment of Continual Learning" - Subsection 2/6: "Memory-Efficient Strategies" =====
📖 Overall progress: 36/40 subsections
✅ Save: <package-root>/results/s3_native/s3_native_confirmatory_20260716/systems/surveygen/method_continual_learning/raw/sections/07_02_Memory-Efficient_Strategies.json
📊 Token : prompt=21568 | completion=421 | total=21989
📈 Token : prompt=776676 | completion=13516 | total=790192

===== Generating Section 7/7: "Computational Efficiency, Scalability, and Practical Deployment of Continual Learning" - Subsection 3/6: "On-Device and Edge Continual Learning" =====
📖 Overall progress: 37/40 subsections
✅ Save: <package-root>/results/s3_native/s3_native_confirmatory_20260716/systems/surveygen/method_continual_learning/raw/sections/07_03_On-Device_and_Edge_Continual_Learning.json
📊 Token : prompt=21574 | completion=385 | total=21959
📈 Token : prompt=798250 | completion=13901 | total=812151

===== Generating Section 7/7: "Computational Efficiency, Scalability, and Practical Deployment of Continual Learning" - Subsection 4/6: "Continual Learning Software Frameworks and Toolboxes" =====
📖 Overall progress: 38/40 subsections
✅ Save: <package-root>/results/s3_native/s3_native_confirmatory_20260716/systems/surveygen/method_continual_learning/raw/sections/07_04_Continual_Learning_Software_Frameworks_and_Toolboxes.json
📊 Token : prompt=21580 | completion=347 | total=21927
📈 Token : prompt=819830 | completion=14248 | total=834078

===== Generating Section 7/7: "Computational Efficiency, Scalability, and Practical Deployment of Continual Learning" - Subsection 5/6: "Scalability to Long Task Sequences and Large-Scale Datasets" =====
📖 Overall progress: 39/40 subsections
✅ Save: <package-root>/results/s3_native/s3_native_confirmatory_20260716/systems/surveygen/method_continual_learning/raw/sections/07_05_Scalability_to_Long_Task_Sequences_and_Large-Scale_Datasets.json
📊 Token : prompt=21584 | completion=433 | total=22017
📈 Token : prompt=841414 | completion=14681 | total=856095

===== Generating Section 7/7: "Computational Efficiency, Scalability, and Practical Deployment of Continual Learning" - Subsection 6/6: "Future Directions and Open Challenges" =====
📖 Overall progress: 40/40 subsections
⚠️ Attempt 1/8: JSON parsing failed -> Expecting ',' delimiter: line 58 column 76 (char 2787)
✅ Save: <package-root>/results/s3_native/s3_native_confirmatory_20260716/systems/surveygen/method_continual_learning/raw/sections/07_06_Future_Directions_and_Open_Challenges.json
📊 Token : prompt=21570 | completion=774 | total=22344
📈 Token : prompt=862984 | completion=15455 | total=878439

🎉 All 40 subsections generated, bundled and saved to <package-root>/results/s3_native/s3_native_confirmatory_20260716/systems/surveygen/method_continual_learning/raw/survey_content.json
⏱ Total time: 11.2 minutes (670.4 seconds)
[2026-07-16T09:25:46Z] returncode=0 elapsed_seconds=2495.147 timed_out=False
