[2026-07-16T03:42:12Z] command=<package-root>/work/s3_native/envs/surveygen/bin/python <package-root>/code/experiments/exp5_native_comparison/surveygen_native_driver.py --source-dir <package-root>/work/s3_native/baselines/surveygen --output-dir <package-root>/results/s3_native/s3_native_confirmatory_20260716/systems/surveygen/mature_deep_reinforcement_learning/raw --topic Deep Reinforcement Learning --publication-cutoff 2023-12-31 --max-references 60 --max-candidates 120 --target-words 4000 --model s3-common-backbone --api-base-url http://127.0.0.1:18080/v1 --bge-model <package-root>/work/s3_native/assets/surveygen/models/bge-large-en

📘 Processing article 1 of 1...
🔍 Searching: Deep Reinforcement Learning | Offset: 0 | Year ≤ 2023
⏳ Hit rate limit (429). Waiting before retrying...
🔍 Searching: Deep Reinforcement Learning | Offset: 0 | Year ≤ 2023
⏳ Hit rate limit (429). Waiting before retrying...
🔍 Searching: Deep Reinforcement Learning | Offset: 0 | Year ≤ 2023
⏳ Hit rate limit (429). Waiting before retrying...
🔍 Searching: Deep Reinforcement Learning | Offset: 0 | Year ≤ 2023
⏳ Hit rate limit (429). Waiting before retrying...
🔍 Searching: Deep Reinforcement Learning | Offset: 0 | Year ≤ 2023
⏳ Hit rate limit (429). Waiting before retrying...
🔍 Searching: Deep Reinforcement Learning | Offset: 0 | Year ≤ 2023
⏳ Hit rate limit (429). Waiting before retrying...
🔍 Searching: Deep Reinforcement Learning | Offset: 0 | Year ≤ 2023
⏳ Hit rate limit (429). Waiting before retrying...
🔍 Searching: Deep Reinforcement Learning | Offset: 0 | Year ≤ 2023
⏳ Hit rate limit (429). Waiting before retrying...
🔍 Searching: Deep Reinforcement Learning | Offset: 0 | Year ≤ 2023
⏳ Hit rate limit (429). Waiting before retrying...
🔍 Searching: Deep Reinforcement Learning | Offset: 0 | Year ≤ 2023
⏳ Hit rate limit (429). Waiting before retrying...
🔍 Searching: Deep Reinforcement Learning | Offset: 0 | Year ≤ 2023
⏳ Hit rate limit (429). Waiting before retrying...
🔍 Searching: Deep Reinforcement Learning | Offset: 0 | Year ≤ 2023
⏳ Hit rate limit (429). Waiting before retrying...
🔍 Searching: Deep Reinforcement Learning | Offset: 0 | Year ≤ 2023
⏳ Hit rate limit (429). Waiting before retrying...
🔍 Searching: Deep Reinforcement Learning | Offset: 0 | Year ≤ 2023
⏳ Hit rate limit (429). Waiting before retrying...
🔍 Searching: Deep Reinforcement Learning | Offset: 0 | Year ≤ 2023
⏳ Hit rate limit (429). Waiting before retrying...
🔍 Searching: Deep Reinforcement Learning | Offset: 0 | Year ≤ 2023
⏳ Hit rate limit (429). Waiting before retrying...
🔍 Searching: Deep Reinforcement Learning | Offset: 0 | Year ≤ 2023
⏳ Hit rate limit (429). Waiting before retrying...
🔍 Searching: Deep Reinforcement Learning | Offset: 0 | Year ≤ 2023
⏳ Hit rate limit (429). Waiting before retrying...
🔍 Searching: Deep Reinforcement Learning | Offset: 0 | Year ≤ 2023
⏳ Hit rate limit (429). Waiting before retrying...
🔍 Searching: Deep Reinforcement Learning | Offset: 0 | Year ≤ 2023
⏳ Hit rate limit (429). Waiting before retrying...
🔍 Searching: Deep Reinforcement Learning | Offset: 0 | Year ≤ 2023
⏳ Hit rate limit (429). Waiting before retrying...
🔍 Searching: Deep Reinforcement Learning | Offset: 0 | Year ≤ 2023
⏳ Hit rate limit (429). Waiting before retrying...
🔍 Searching: Deep Reinforcement Learning | Offset: 0 | Year ≤ 2023
✅ Added 65 valid papers (total: 65)
🔍 Searching: Deep Reinforcement Learning | Offset: 100 | Year ≤ 2023
⏳ Hit rate limit (429). Waiting before retrying...
🔍 Searching: Deep Reinforcement Learning | Offset: 100 | Year ≤ 2023
⏳ Hit rate limit (429). Waiting before retrying...
🔍 Searching: Deep Reinforcement Learning | Offset: 100 | Year ≤ 2023
✅ Added 55 valid papers (total: 120)
📁 Saved to: <package-root>/results/s3_native/s3_native_confirmatory_20260716/systems/surveygen/mature_deep_reinforcement_learning/raw/Deep Reinforcement Learning.json

✅ All done. Results saved in '<package-root>/results/s3_native/s3_native_confirmatory_20260716/systems/surveygen/mature_deep_reinforcement_learning/raw' folder.
Processed 10 papers
Processed 20 papers
Processed 30 papers
Processed 40 papers
Processed 50 papers
Processed 60 papers
Processed 70 papers
Processed 80 papers
Processed 90 papers
Processed 100 papers
Processed 110 papers
Processed 120 papers
https://api.openalex.org/authors?filter=ids.openalex:https://openalex.org/A5037274043|https://openalex.org/A5100456505|https://openalex.org/A5008865789|https://openalex.org/A5051243028|https://openalex.org/A5101593395|https://openalex.org/A5011665886|https://openalex.org/A5076730859|https://openalex.org/A5064513857|https://openalex.org/A5027222571|https://openalex.org/A5101576595
https://api.openalex.org/authors?filter=ids.openalex:https://openalex.org/A5079315903|https://openalex.org/A5102998198|https://openalex.org/A5087236771|https://openalex.org/A5021414038|https://openalex.org/A5059534417|https://openalex.org/A5100436760|https://openalex.org/A5047215778|https://openalex.org/A5086835862|https://openalex.org/A5109627507|https://openalex.org/A5000635267
https://api.openalex.org/authors?filter=ids.openalex:https://openalex.org/A5026322200|https://openalex.org/A5070914351|https://openalex.org/A5100375792|https://openalex.org/A5005614248|https://openalex.org/A5011024488|https://openalex.org/A5089270885|https://openalex.org/A5057116316|https://openalex.org/A5030973600|https://openalex.org/A5085971429|https://openalex.org/A5017727346
https://api.openalex.org/authors?filter=ids.openalex:https://openalex.org/A5002019497|https://openalex.org/A5024866488|https://openalex.org/A5035625780|https://openalex.org/A5085413987|https://openalex.org/A5100347785|https://openalex.org/A5004970162|https://openalex.org/A5044788303|https://openalex.org/A5001861363|https://openalex.org/A5102929703|https://openalex.org/A5056287221
https://api.openalex.org/authors?filter=ids.openalex:https://openalex.org/A5101555948|https://openalex.org/A5072073374|https://openalex.org/A5005259414|https://openalex.org/A5076170578|https://openalex.org/A5054262111|https://openalex.org/A5049073875|https://openalex.org/A5085963971|https://openalex.org/A5038778858|https://openalex.org/A5040732794|https://openalex.org/A5036357902
https://api.openalex.org/authors?filter=ids.openalex:https://openalex.org/A5070867959|https://openalex.org/A5106023769|https://openalex.org/A5056762881|https://openalex.org/A5112212974|https://openalex.org/A5101737502|https://openalex.org/A5068752835|https://openalex.org/A5089891162|https://openalex.org/A5064056821|https://openalex.org/A5112648083|https://openalex.org/A5060679855
https://api.openalex.org/authors?filter=ids.openalex:https://openalex.org/A5061613634|https://openalex.org/A5011590665|https://openalex.org/A5014114406|https://openalex.org/A5082569558|https://openalex.org/A5040575826|https://openalex.org/A5091771290|https://openalex.org/A5064262477|https://openalex.org/A5085291703|https://openalex.org/A5022649488|https://openalex.org/A5017220958
https://api.openalex.org/authors?filter=ids.openalex:https://openalex.org/A5100421591|https://openalex.org/A5033732758|https://openalex.org/A5100399305|https://openalex.org/A5101577855|https://openalex.org/A5070679093|https://openalex.org/A5112608251|https://openalex.org/A5049807322|https://openalex.org/A5084972354|https://openalex.org/A5024379450|https://openalex.org/A5105507434
https://api.openalex.org/authors?filter=ids.openalex:https://openalex.org/A5032189040|https://openalex.org/A5023634954|https://openalex.org/A5036320427|https://openalex.org/A5088920129|https://openalex.org/A5024463249|https://openalex.org/A5015677258|https://openalex.org/A5000899716|https://openalex.org/A5049616413|https://openalex.org/A5065210301|https://openalex.org/A5076129102
https://api.openalex.org/authors?filter=ids.openalex:https://openalex.org/A5057353539|https://openalex.org/A5100456327|https://openalex.org/A5101827296|https://openalex.org/A5039961228|https://openalex.org/A5015293969|https://openalex.org/A5084311035|https://openalex.org/A5008848329|https://openalex.org/A5082202297|https://openalex.org/A5080591144|https://openalex.org/A5056981531
https://api.openalex.org/authors?filter=ids.openalex:https://openalex.org/A5100411297|https://openalex.org/A5070250835|https://openalex.org/A5017533636|https://openalex.org/A5053574266|https://openalex.org/A5068504559|https://openalex.org/A5069716783|https://openalex.org/A5103271962|https://openalex.org/A5036908874|https://openalex.org/A5014436524|https://openalex.org/A5100783453
https://api.openalex.org/authors?filter=ids.openalex:https://openalex.org/A5030826237|https://openalex.org/A5048233348|https://openalex.org/A5102917243|https://openalex.org/A5100397276|https://openalex.org/A5061971606|https://openalex.org/A5102982966|https://openalex.org/A5041323275|https://openalex.org/A5071714901|https://openalex.org/A5103133126|https://openalex.org/A5087043869
https://api.openalex.org/authors?filter=ids.openalex:https://openalex.org/A5091122305|https://openalex.org/A5100422377|https://openalex.org/A5055226072|https://openalex.org/A5100395388|https://openalex.org/A5034196986|https://openalex.org/A5033135596|https://openalex.org/A5100431163|https://openalex.org/A5100363470|https://openalex.org/A5072377971|https://openalex.org/A5100729955
https://api.openalex.org/authors?filter=ids.openalex:https://openalex.org/A5073851395|https://openalex.org/A5074834854|https://openalex.org/A5101954794|https://openalex.org/A5068384981|https://openalex.org/A5063667378|https://openalex.org/A5039199386|https://openalex.org/A5074346065|https://openalex.org/A5065979443|https://openalex.org/A5055605998|https://openalex.org/A5007340698
https://api.openalex.org/authors?filter=ids.openalex:https://openalex.org/A5100773343|https://openalex.org/A5100407927|https://openalex.org/A5025897913|https://openalex.org/A5035919267|https://openalex.org/A5066482792|https://openalex.org/A5110261261|https://openalex.org/A5042000027|https://openalex.org/A5015166903|https://openalex.org/A5067299655|https://openalex.org/A5109496264
https://api.openalex.org/authors?filter=ids.openalex:https://openalex.org/A5020980906|https://openalex.org/A5079428801|https://openalex.org/A5068291173|https://openalex.org/A5023725893|https://openalex.org/A5079533702|https://openalex.org/A5004463244|https://openalex.org/A5100641353|https://openalex.org/A5002723909|https://openalex.org/A5035214368|https://openalex.org/A5100758099
https://api.openalex.org/authors?filter=ids.openalex:https://openalex.org/A5101936201|https://openalex.org/A5045951559|https://openalex.org/A5005577303|https://openalex.org/A5100711421|https://openalex.org/A5079619886|https://openalex.org/A5060020877|https://openalex.org/A5030812622|https://openalex.org/A5016516907|https://openalex.org/A5003892206|https://openalex.org/A5091850362
https://api.openalex.org/authors?filter=ids.openalex:https://openalex.org/A5085593383|https://openalex.org/A5113406990|https://openalex.org/A5114910293|https://openalex.org/A5028908684|https://openalex.org/A5100427161|https://openalex.org/A5100657575|https://openalex.org/A5057959136|https://openalex.org/A5012295217|https://openalex.org/A5021535037|https://openalex.org/A5102820325
https://api.openalex.org/authors?filter=ids.openalex:https://openalex.org/A5087823246|https://openalex.org/A5044159452|https://openalex.org/A5066708138|https://openalex.org/A5005809607|https://openalex.org/A5022579538|https://openalex.org/A5047509839
Top 50 most co-occurring references: 50
https://api.openalex.org/authors?filter=ids.openalex:https://openalex.org/A5035229829|https://openalex.org/A5075063030|https://openalex.org/A5071172037|https://openalex.org/A5076973014|https://openalex.org/A5001226970|https://openalex.org/A5008904142|https://openalex.org/A5108093963|https://openalex.org/A5108520754|https://openalex.org/A5027222571|https://openalex.org/A5071367253
https://api.openalex.org/authors?filter=ids.openalex:https://openalex.org/A5009037058|https://openalex.org/A5008259889|https://openalex.org/A5109496264|https://openalex.org/A5058935509|https://openalex.org/A5053148274|https://openalex.org/A5014637159|https://openalex.org/A5026322200|https://openalex.org/A5030073861|https://openalex.org/A5061613634|https://openalex.org/A5081322018
https://api.openalex.org/authors?filter=ids.openalex:https://openalex.org/A5100420915|https://openalex.org/A5024065815|https://openalex.org/A5112059424|https://openalex.org/A5012276327|https://openalex.org/A5091771290|https://openalex.org/A5113708591|https://openalex.org/A5066294254|https://openalex.org/A5041323275|https://openalex.org/A5085593383|https://openalex.org/A5053990531
https://api.openalex.org/authors?filter=ids.openalex:https://openalex.org/A5108523422|https://openalex.org/A5034972143|https://openalex.org/A5109045866|https://openalex.org/A5033135596|https://openalex.org/A5026547410|https://openalex.org/A5082304130|https://openalex.org/A5017578121|https://openalex.org/A5049349154|https://openalex.org/A5004923102|https://openalex.org/A5065210301
https://api.openalex.org/authors?filter=ids.openalex:https://openalex.org/A5005349213|https://openalex.org/A5015293969
Processing completed! Processed 120 papers + 32 co-cited papers, results saved to <package-root>/results/s3_native/s3_native_confirmatory_20260716/systems/surveygen/mature_deep_reinforcement_learning/raw/final_ref_set.json
loading BGE-Large ...
Starting GPT relevance scoring (only for 145 papers with abstracts)...
[1/145] Response on attempt 1 -> '5', parsed=5
[1/145] Score=5 | Attempts=1 | This round:8.5s | Avg:8.5s/paper | Est. remaining:20.5min
[2/145] Response on attempt 1 -> '5', parsed=5
[2/145] Score=5 | Attempts=1 | This round:4.7s | Avg:6.6s/paper | Est. remaining:15.8min
[3/145] Response on attempt 1 -> '5', parsed=5
[3/145] Score=5 | Attempts=1 | This round:3.6s | Avg:5.6s/paper | Est. remaining:13.3min
[4/145] Response on attempt 1 -> '5', parsed=5
[4/145] Score=5 | Attempts=1 | This round:3.9s | Avg:5.2s/paper | Est. remaining:12.2min
[5/145] Response on attempt 1 -> '5', parsed=5
[5/145] Score=5 | Attempts=1 | This round:3.7s | Avg:4.9s/paper | Est. remaining:11.4min
[6/145] Response on attempt 1 -> '4', parsed=4
[6/145] Score=4 | Attempts=1 | This round:4.3s | Avg:4.8s/paper | Est. remaining:11.1min
[7/145] Response on attempt 1 -> '4', parsed=4
[7/145] Score=4 | Attempts=1 | This round:3.9s | Avg:4.7s/paper | Est. remaining:10.7min
[8/145] Response on attempt 1 -> '4', parsed=4
[8/145] Score=4 | Attempts=1 | This round:4.0s | Avg:4.6s/paper | Est. remaining:10.5min
[9/145] Response on attempt 1 -> '5', parsed=5
[9/145] Score=5 | Attempts=1 | This round:5.0s | Avg:4.6s/paper | Est. remaining:10.5min
[10/145] Response on attempt 1 -> '5', parsed=5
[10/145] Score=5 | Attempts=1 | This round:4.1s | Avg:4.6s/paper | Est. remaining:10.3min
[11/145] Response on attempt 1 -> '5', parsed=5
[11/145] Score=5 | Attempts=1 | This round:4.1s | Avg:4.5s/paper | Est. remaining:10.1min
[12/145] Response on attempt 1 -> '5', parsed=5
[12/145] Score=5 | Attempts=1 | This round:5.3s | Avg:4.6s/paper | Est. remaining:10.2min
[13/145] Response on attempt 1 -> '5', parsed=5
[13/145] Score=5 | Attempts=1 | This round:6.4s | Avg:4.7s/paper | Est. remaining:10.4min
[14/145] Response on attempt 1 -> '4', parsed=4
[14/145] Score=4 | Attempts=1 | This round:5.3s | Avg:4.8s/paper | Est. remaining:10.4min
[15/145] Response on attempt 1 -> '4', parsed=4
[15/145] Score=4 | Attempts=1 | This round:4.8s | Avg:4.8s/paper | Est. remaining:10.3min
[16/145] Response on attempt 1 -> '5', parsed=5
[16/145] Score=5 | Attempts=1 | This round:4.5s | Avg:4.8s/paper | Est. remaining:10.2min
[17/145] Response on attempt 1 -> '5', parsed=5
[17/145] Score=5 | Attempts=1 | This round:3.8s | Avg:4.7s/paper | Est. remaining:10.0min
[18/145] Response on attempt 1 -> '4', parsed=4
[18/145] Score=4 | Attempts=1 | This round:4.2s | Avg:4.7s/paper | Est. remaining:9.9min
[19/145] Response on attempt 1 -> '5', parsed=5
[19/145] Score=5 | Attempts=1 | This round:4.2s | Avg:4.6s/paper | Est. remaining:9.8min
[20/145] Response on attempt 1 -> '5', parsed=5
[20/145] Score=5 | Attempts=1 | This round:4.0s | Avg:4.6s/paper | Est. remaining:9.6min
[21/145] Response on attempt 1 -> '5', parsed=5
[21/145] Score=5 | Attempts=1 | This round:3.8s | Avg:4.6s/paper | Est. remaining:9.5min
[22/145] Response on attempt 1 -> '5', parsed=5
[22/145] Score=5 | Attempts=1 | This round:3.7s | Avg:4.5s/paper | Est. remaining:9.3min
[23/145] Response on attempt 1 -> '5', parsed=5
[23/145] Score=5 | Attempts=1 | This round:3.9s | Avg:4.5s/paper | Est. remaining:9.2min
[24/145] Response on attempt 1 -> '4', parsed=4
[24/145] Score=4 | Attempts=1 | This round:5.1s | Avg:4.5s/paper | Est. remaining:9.1min
[25/145] Response on attempt 1 -> '4', parsed=4
[25/145] Score=4 | Attempts=1 | This round:3.6s | Avg:4.5s/paper | Est. remaining:9.0min
[26/145] Response on attempt 1 -> '4', parsed=4
[26/145] Score=4 | Attempts=1 | This round:4.4s | Avg:4.5s/paper | Est. remaining:8.9min
[27/145] Response on attempt 1 -> '5', parsed=5
[27/145] Score=5 | Attempts=1 | This round:3.9s | Avg:4.5s/paper | Est. remaining:8.8min
[28/145] Response on attempt 1 -> '5', parsed=5
[28/145] Score=5 | Attempts=1 | This round:4.3s | Avg:4.5s/paper | Est. remaining:8.7min
[29/145] Response on attempt 1 -> '3', parsed=3
[29/145] Score=3 | Attempts=1 | This round:8.4s | Avg:4.6s/paper | Est. remaining:8.9min
[30/145] Response on attempt 1 -> '5', parsed=5
[30/145] Score=5 | Attempts=1 | This round:4.5s | Avg:4.6s/paper | Est. remaining:8.8min
[31/145] Response on attempt 1 -> '4', parsed=4
[31/145] Score=4 | Attempts=1 | This round:4.0s | Avg:4.6s/paper | Est. remaining:8.7min
[32/145] Response on attempt 1 -> '4', parsed=4
[32/145] Score=4 | Attempts=1 | This round:8.0s | Avg:4.7s/paper | Est. remaining:8.8min
[33/145] Response on attempt 1 -> '3', parsed=3
[33/145] Score=3 | Attempts=1 | This round:4.1s | Avg:4.7s/paper | Est. remaining:8.7min
[34/145] Response on attempt 1 -> '5', parsed=5
[34/145] Score=5 | Attempts=1 | This round:4.2s | Avg:4.7s/paper | Est. remaining:8.6min
[35/145] Response on attempt 1 -> '5', parsed=5
[35/145] Score=5 | Attempts=1 | This round:4.9s | Avg:4.7s/paper | Est. remaining:8.5min
[36/145] Response on attempt 1 -> '5', parsed=5
[36/145] Score=5 | Attempts=1 | This round:4.0s | Avg:4.6s/paper | Est. remaining:8.4min
[37/145] Response on attempt 1 -> '4', parsed=4
[37/145] Score=4 | Attempts=1 | This round:4.0s | Avg:4.6s/paper | Est. remaining:8.3min
[38/145] Response on attempt 1 -> '3', parsed=3
[38/145] Score=3 | Attempts=1 | This round:4.6s | Avg:4.6s/paper | Est. remaining:8.2min
[39/145] Response on attempt 1 -> '4', parsed=4
[39/145] Score=4 | Attempts=1 | This round:3.6s | Avg:4.6s/paper | Est. remaining:8.1min
[40/145] Response on attempt 1 -> '4', parsed=4
[40/145] Score=4 | Attempts=1 | This round:4.6s | Avg:4.6s/paper | Est. remaining:8.0min
[41/145] Response on attempt 1 -> '5', parsed=5
[41/145] Score=5 | Attempts=1 | This round:4.0s | Avg:4.6s/paper | Est. remaining:7.9min
[42/145] Response on attempt 1 -> '4', parsed=4
[42/145] Score=4 | Attempts=1 | This round:4.0s | Avg:4.6s/paper | Est. remaining:7.8min
[43/145] Response on attempt 1 -> '5', parsed=5
[43/145] Score=5 | Attempts=1 | This round:3.7s | Avg:4.6s/paper | Est. remaining:7.7min
[44/145] Response on attempt 1 -> '4', parsed=4
[44/145] Score=4 | Attempts=1 | This round:4.1s | Avg:4.5s/paper | Est. remaining:7.6min
[45/145] Response on attempt 1 -> '4', parsed=4
[45/145] Score=4 | Attempts=1 | This round:5.6s | Avg:4.6s/paper | Est. remaining:7.6min
[46/145] Response on attempt 1 -> '4', parsed=4
[46/145] Score=4 | Attempts=1 | This round:3.9s | Avg:4.5s/paper | Est. remaining:7.5min
[47/145] Response on attempt 1 -> '4', parsed=4
[47/145] Score=4 | Attempts=1 | This round:3.8s | Avg:4.5s/paper | Est. remaining:7.4min
[48/145] Response on attempt 1 -> '5', parsed=5
[48/145] Score=5 | Attempts=1 | This round:6.3s | Avg:4.6s/paper | Est. remaining:7.4min
[49/145] Response on attempt 1 -> '3', parsed=3
[49/145] Score=3 | Attempts=1 | This round:5.3s | Avg:4.6s/paper | Est. remaining:7.3min
[50/145] Response on attempt 1 -> '4', parsed=4
[50/145] Score=4 | Attempts=1 | This round:5.5s | Avg:4.6s/paper | Est. remaining:7.3min
[51/145] Response on attempt 1 -> '4', parsed=4
[51/145] Score=4 | Attempts=1 | This round:4.2s | Avg:4.6s/paper | Est. remaining:7.2min
[52/145] Response on attempt 1 -> '5', parsed=5
[52/145] Score=5 | Attempts=1 | This round:4.3s | Avg:4.6s/paper | Est. remaining:7.1min
[53/145] Response on attempt 1 -> '3', parsed=3
[53/145] Score=3 | Attempts=1 | This round:6.1s | Avg:4.6s/paper | Est. remaining:7.1min
[54/145] Response on attempt 1 -> '4', parsed=4
[54/145] Score=4 | Attempts=1 | This round:4.9s | Avg:4.6s/paper | Est. remaining:7.0min
[55/145] Response on attempt 1 -> '5', parsed=5
[55/145] Score=5 | Attempts=1 | This round:4.5s | Avg:4.6s/paper | Est. remaining:6.9min
[56/145] Response on attempt 1 -> '4', parsed=4
[56/145] Score=4 | Attempts=1 | This round:4.3s | Avg:4.6s/paper | Est. remaining:6.8min
[57/145] Response on attempt 1 -> '5', parsed=5
[57/145] Score=5 | Attempts=1 | This round:3.9s | Avg:4.6s/paper | Est. remaining:6.8min
[58/145] Response on attempt 1 -> '4', parsed=4
[58/145] Score=4 | Attempts=1 | This round:4.2s | Avg:4.6s/paper | Est. remaining:6.7min
[59/145] Response on attempt 1 -> '4', parsed=4
[59/145] Score=4 | Attempts=1 | This round:5.1s | Avg:4.6s/paper | Est. remaining:6.6min
[60/145] Response on attempt 1 -> '5', parsed=5
[60/145] Score=5 | Attempts=1 | This round:4.0s | Avg:4.6s/paper | Est. remaining:6.5min
[61/145] Response on attempt 1 -> '4', parsed=4
[61/145] Score=4 | Attempts=1 | This round:5.5s | Avg:4.6s/paper | Est. remaining:6.5min
[62/145] Response on attempt 1 -> '4', parsed=4
[62/145] Score=4 | Attempts=1 | This round:4.6s | Avg:4.6s/paper | Est. remaining:6.4min
[63/145] Response on attempt 1 -> '4', parsed=4
[63/145] Score=4 | Attempts=1 | This round:4.2s | Avg:4.6s/paper | Est. remaining:6.3min
[64/145] Response on attempt 1 -> '5', parsed=5
[64/145] Score=5 | Attempts=1 | This round:4.3s | Avg:4.6s/paper | Est. remaining:6.2min
[65/145] Response on attempt 1 -> '4', parsed=4
[65/145] Score=4 | Attempts=1 | This round:4.2s | Avg:4.6s/paper | Est. remaining:6.1min
[66/145] Response on attempt 1 -> '3', parsed=3
[66/145] Score=3 | Attempts=1 | This round:5.4s | Avg:4.6s/paper | Est. remaining:6.1min
[67/145] Response on attempt 1 -> '4', parsed=4
[67/145] Score=4 | Attempts=1 | This round:4.3s | Avg:4.6s/paper | Est. remaining:6.0min
[68/145] Response on attempt 1 -> '4', parsed=4
[68/145] Score=4 | Attempts=1 | This round:4.1s | Avg:4.6s/paper | Est. remaining:5.9min
[69/145] Response on attempt 1 -> '4', parsed=4
[69/145] Score=4 | Attempts=1 | This round:6.2s | Avg:4.6s/paper | Est. remaining:5.8min
[70/145] Response on attempt 1 -> '4', parsed=4
[70/145] Score=4 | Attempts=1 | This round:3.8s | Avg:4.6s/paper | Est. remaining:5.8min
[71/145] Response on attempt 1 -> '4', parsed=4
[71/145] Score=4 | Attempts=1 | This round:4.1s | Avg:4.6s/paper | Est. remaining:5.7min
[72/145] Response on attempt 1 -> '4', parsed=4
[72/145] Score=4 | Attempts=1 | This round:4.0s | Avg:4.6s/paper | Est. remaining:5.6min
[73/145] Response on attempt 1 -> '3', parsed=3
[73/145] Score=3 | Attempts=1 | This round:4.7s | Avg:4.6s/paper | Est. remaining:5.5min
[74/145] Response on attempt 1 -> '4', parsed=4
[74/145] Score=4 | Attempts=1 | This round:5.8s | Avg:4.6s/paper | Est. remaining:5.5min
[75/145] Response on attempt 1 -> '4', parsed=4
[75/145] Score=4 | Attempts=1 | This round:3.7s | Avg:4.6s/paper | Est. remaining:5.4min
[76/145] Response on attempt 1 -> '4', parsed=4
[76/145] Score=4 | Attempts=1 | This round:9.3s | Avg:4.7s/paper | Est. remaining:5.4min
[77/145] Response on attempt 1 -> '5', parsed=5
[77/145] Score=5 | Attempts=1 | This round:19.4s | Avg:4.8s/paper | Est. remaining:5.5min
[78/145] Response on attempt 1 -> '4', parsed=4
[78/145] Score=4 | Attempts=1 | This round:4.9s | Avg:4.9s/paper | Est. remaining:5.4min
[79/145] Response on attempt 1 -> '4', parsed=4
[79/145] Score=4 | Attempts=1 | This round:5.2s | Avg:4.9s/paper | Est. remaining:5.3min
[80/145] Response on attempt 1 -> '4', parsed=4
[80/145] Score=4 | Attempts=1 | This round:4.7s | Avg:4.9s/paper | Est. remaining:5.3min
[81/145] Response on attempt 1 -> '4', parsed=4
[81/145] Score=4 | Attempts=1 | This round:4.7s | Avg:4.9s/paper | Est. remaining:5.2min
[82/145] Response on attempt 1 -> '4', parsed=4
[82/145] Score=4 | Attempts=1 | This round:4.5s | Avg:4.8s/paper | Est. remaining:5.1min
[83/145] Response on attempt 1 -> '4', parsed=4
[83/145] Score=4 | Attempts=1 | This round:4.6s | Avg:4.8s/paper | Est. remaining:5.0min
[84/145] Response on attempt 1 -> '4', parsed=4
[84/145] Score=4 | Attempts=1 | This round:4.3s | Avg:4.8s/paper | Est. remaining:4.9min
[85/145] Response on attempt 1 -> '5', parsed=5
[85/145] Score=5 | Attempts=1 | This round:4.2s | Avg:4.8s/paper | Est. remaining:4.8min
[86/145] Response on attempt 1 -> '4', parsed=4
[86/145] Score=4 | Attempts=1 | This round:6.0s | Avg:4.8s/paper | Est. remaining:4.8min
[87/145] Response on attempt 1 -> '4', parsed=4
[87/145] Score=4 | Attempts=1 | This round:6.1s | Avg:4.9s/paper | Est. remaining:4.7min
[88/145] Response on attempt 1 -> '4', parsed=4
[88/145] Score=4 | Attempts=1 | This round:6.2s | Avg:4.9s/paper | Est. remaining:4.6min
[89/145] Response on attempt 1 -> '4', parsed=4
[89/145] Score=4 | Attempts=1 | This round:4.9s | Avg:4.9s/paper | Est. remaining:4.5min
[90/145] Response on attempt 1 -> '5', parsed=5
[90/145] Score=5 | Attempts=1 | This round:6.4s | Avg:4.9s/paper | Est. remaining:4.5min
[91/145] Response on attempt 1 -> '4', parsed=4
[91/145] Score=4 | Attempts=1 | This round:4.6s | Avg:4.9s/paper | Est. remaining:4.4min
[92/145] Response on attempt 1 -> '4', parsed=4
[92/145] Score=4 | Attempts=1 | This round:4.6s | Avg:4.9s/paper | Est. remaining:4.3min
[93/145] Response on attempt 1 -> '4', parsed=4
[93/145] Score=4 | Attempts=1 | This round:4.1s | Avg:4.9s/paper | Est. remaining:4.2min
[94/145] Response on attempt 1 -> '4', parsed=4
[94/145] Score=4 | Attempts=1 | This round:4.2s | Avg:4.9s/paper | Est. remaining:4.1min
[95/145] Response on attempt 1 -> '5', parsed=5
[95/145] Score=5 | Attempts=1 | This round:5.1s | Avg:4.9s/paper | Est. remaining:4.1min
[96/145] Response on attempt 1 -> '4', parsed=4
[96/145] Score=4 | Attempts=1 | This round:4.2s | Avg:4.9s/paper | Est. remaining:4.0min
[97/145] Response on attempt 1 -> '4', parsed=4
[97/145] Score=4 | Attempts=1 | This round:3.9s | Avg:4.9s/paper | Est. remaining:3.9min
[98/145] Response on attempt 1 -> '4', parsed=4
[98/145] Score=4 | Attempts=1 | This round:3.8s | Avg:4.8s/paper | Est. remaining:3.8min
[99/145] Response on attempt 1 -> '5', parsed=5
[99/145] Score=5 | Attempts=1 | This round:4.4s | Avg:4.8s/paper | Est. remaining:3.7min
[100/145] Response on attempt 1 -> '5', parsed=5
[100/145] Score=5 | Attempts=1 | This round:4.2s | Avg:4.8s/paper | Est. remaining:3.6min
[101/145] Response on attempt 1 -> '4', parsed=4
[101/145] Score=4 | Attempts=1 | This round:5.9s | Avg:4.8s/paper | Est. remaining:3.6min
[102/145] Response on attempt 1 -> '4', parsed=4
[102/145] Score=4 | Attempts=1 | This round:6.9s | Avg:4.9s/paper | Est. remaining:3.5min
[103/145] Response on attempt 1 -> '4', parsed=4
[103/145] Score=4 | Attempts=1 | This round:4.7s | Avg:4.9s/paper | Est. remaining:3.4min
[104/145] Response on attempt 1 -> '4', parsed=4
[104/145] Score=4 | Attempts=1 | This round:4.6s | Avg:4.9s/paper | Est. remaining:3.3min
[105/145] Response on attempt 1 -> '4', parsed=4
[105/145] Score=4 | Attempts=1 | This round:6.6s | Avg:4.9s/paper | Est. remaining:3.3min
[106/145] Response on attempt 1 -> '4', parsed=4
[106/145] Score=4 | Attempts=1 | This round:6.4s | Avg:4.9s/paper | Est. remaining:3.2min
[107/145] Response on attempt 1 -> '4', parsed=4
[107/145] Score=4 | Attempts=1 | This round:5.7s | Avg:4.9s/paper | Est. remaining:3.1min
[108/145] Response on attempt 1 -> '4', parsed=4
[108/145] Score=4 | Attempts=1 | This round:4.6s | Avg:4.9s/paper | Est. remaining:3.0min
[109/145] Response on attempt 1 -> '4', parsed=4
[109/145] Score=4 | Attempts=1 | This round:5.5s | Avg:4.9s/paper | Est. remaining:2.9min
[110/145] Response on attempt 1 -> '4', parsed=4
[110/145] Score=4 | Attempts=1 | This round:5.1s | Avg:4.9s/paper | Est. remaining:2.9min
[111/145] Response on attempt 1 -> '4', parsed=4
[111/145] Score=4 | Attempts=1 | This round:4.0s | Avg:4.9s/paper | Est. remaining:2.8min
[112/145] Response on attempt 1 -> '4', parsed=4
[112/145] Score=4 | Attempts=1 | This round:4.7s | Avg:4.9s/paper | Est. remaining:2.7min
[113/145] Response on attempt 1 -> '3', parsed=3
[113/145] Score=3 | Attempts=1 | This round:4.2s | Avg:4.9s/paper | Est. remaining:2.6min
[114/145] Response on attempt 1 -> '4', parsed=4
[114/145] Score=4 | Attempts=1 | This round:4.7s | Avg:4.9s/paper | Est. remaining:2.5min
[115/145] Response on attempt 1 -> '3', parsed=3
[115/145] Score=3 | Attempts=1 | This round:4.3s | Avg:4.9s/paper | Est. remaining:2.4min
[116/145] Response on attempt 1 -> '3', parsed=3
[116/145] Score=3 | Attempts=1 | This round:5.3s | Avg:4.9s/paper | Est. remaining:2.4min
[117/145] Response on attempt 1 -> '4', parsed=4
[117/145] Score=4 | Attempts=1 | This round:4.6s | Avg:4.9s/paper | Est. remaining:2.3min
[118/145] Response on attempt 1 -> '3', parsed=3
[118/145] Score=3 | Attempts=1 | This round:3.8s | Avg:4.9s/paper | Est. remaining:2.2min
[119/145] Response on attempt 1 -> '4', parsed=4
[119/145] Score=4 | Attempts=1 | This round:5.7s | Avg:4.9s/paper | Est. remaining:2.1min
[120/145] Response on attempt 1 -> '3', parsed=3
[120/145] Score=3 | Attempts=1 | This round:7.2s | Avg:4.9s/paper | Est. remaining:2.0min
[121/145] Response on attempt 1 -> '4', parsed=4
[121/145] Score=4 | Attempts=1 | This round:5.1s | Avg:4.9s/paper | Est. remaining:2.0min
[122/145] Response on attempt 1 -> '5', parsed=5
[122/145] Score=5 | Attempts=1 | This round:6.9s | Avg:4.9s/paper | Est. remaining:1.9min
[123/145] Response on attempt 1 -> '3', parsed=3
[123/145] Score=3 | Attempts=1 | This round:6.3s | Avg:4.9s/paper | Est. remaining:1.8min
[124/145] Response on attempt 1 -> '5', parsed=5
[124/145] Score=5 | Attempts=1 | This round:6.5s | Avg:4.9s/paper | Est. remaining:1.7min
[125/145] Response on attempt 1 -> '5', parsed=5
[125/145] Score=5 | Attempts=1 | This round:6.1s | Avg:5.0s/paper | Est. remaining:1.7min
[126/145] Response on attempt 1 -> '5', parsed=5
[126/145] Score=5 | Attempts=1 | This round:4.6s | Avg:5.0s/paper | Est. remaining:1.6min
[127/145] Response on attempt 1 -> '5', parsed=5
[127/145] Score=5 | Attempts=1 | This round:4.7s | Avg:4.9s/paper | Est. remaining:1.5min
[128/145] Response on attempt 1 -> '5', parsed=5
[128/145] Score=5 | Attempts=1 | This round:5.8s | Avg:5.0s/paper | Est. remaining:1.4min
[129/145] Response on attempt 1 -> '5', parsed=5
[129/145] Score=5 | Attempts=1 | This round:4.9s | Avg:5.0s/paper | Est. remaining:1.3min
[130/145] Response on attempt 1 -> '5', parsed=5
[130/145] Score=5 | Attempts=1 | This round:5.0s | Avg:5.0s/paper | Est. remaining:1.2min
[131/145] Response on attempt 1 -> '3', parsed=3
[131/145] Score=3 | Attempts=1 | This round:4.4s | Avg:4.9s/paper | Est. remaining:1.2min
[132/145] Response on attempt 1 -> '5', parsed=5
[132/145] Score=5 | Attempts=1 | This round:4.3s | Avg:4.9s/paper | Est. remaining:1.1min
[133/145] Response on attempt 1 -> '2', parsed=2
[133/145] Score=2 | Attempts=1 | This round:6.4s | Avg:5.0s/paper | Est. remaining:1.0min
[134/145] Response on attempt 1 -> '5', parsed=5
[134/145] Score=5 | Attempts=1 | This round:4.8s | Avg:5.0s/paper | Est. remaining:0.9min
[135/145] Response on attempt 1 -> '5', parsed=5
[135/145] Score=5 | Attempts=1 | This round:4.3s | Avg:5.0s/paper | Est. remaining:0.8min
[136/145] Response on attempt 1 -> '4', parsed=4
[136/145] Score=4 | Attempts=1 | This round:6.4s | Avg:5.0s/paper | Est. remaining:0.7min
[137/145] Response on attempt 1 -> '4', parsed=4
[137/145] Score=4 | Attempts=1 | This round:4.2s | Avg:5.0s/paper | Est. remaining:0.7min
[138/145] Response on attempt 1 -> '4', parsed=4
[138/145] Score=4 | Attempts=1 | This round:6.2s | Avg:5.0s/paper | Est. remaining:0.6min
[139/145] Response on attempt 1 -> '5', parsed=5
[139/145] Score=5 | Attempts=1 | This round:5.4s | Avg:5.0s/paper | Est. remaining:0.5min
[140/145] Response on attempt 1 -> '2', parsed=2
[140/145] Score=2 | Attempts=1 | This round:4.4s | Avg:5.0s/paper | Est. remaining:0.4min
[141/145] Response on attempt 1 -> '4', parsed=4
[141/145] Score=4 | Attempts=1 | This round:4.7s | Avg:5.0s/paper | Est. remaining:0.3min
[142/145] Response on attempt 1 -> '3', parsed=3
[142/145] Score=3 | Attempts=1 | This round:4.4s | Avg:5.0s/paper | Est. remaining:0.2min
[143/145] Response on attempt 1 -> '5', parsed=5
[143/145] Score=5 | Attempts=1 | This round:4.3s | Avg:5.0s/paper | Est. remaining:0.2min
[144/145] Response on attempt 1 -> '5', parsed=5
[144/145] Score=5 | Attempts=1 | This round:5.2s | Avg:5.0s/paper | Est. remaining:0.1min
[145/145] Response on attempt 1 -> '4', parsed=4
[145/145] Score=4 | Attempts=1 | This round:4.2s | Avg:4.9s/paper | Est. remaining:0.0min
✅ Exported: <package-root>/results/s3_native/s3_native_confirmatory_20260716/systems/surveygen/mature_deep_reinforcement_learning/raw/paper_after_reranking.csv (only papers with abstracts were calculated and selected)
✅ Outline generated and saved to <package-root>/results/s3_native/s3_native_confirmatory_20260716/systems/surveygen/mature_deep_reinforcement_learning/raw/survey_outline.json

===== Generating Section 1/5: "Foundations of Reinforcement Learning and Deep Learning" - Subsection 1/5: "Markov Decision Processes and Problem Formulation" =====
📖 Overall progress: 1/31 subsections
✅ Save: <package-root>/results/s3_native/s3_native_confirmatory_20260716/systems/surveygen/mature_deep_reinforcement_learning/raw/sections/01_01_Markov_Decision_Processes_and_Problem_Formulation.json
📊 Token : prompt=16355 | completion=451 | total=16806
📈 Token : prompt=16355 | completion=451 | total=16806

===== Generating Section 1/5: "Foundations of Reinforcement Learning and Deep Learning" - Subsection 2/5: "Classical Reinforcement Learning Algorithms" =====
📖 Overall progress: 2/31 subsections
✅ Save: <package-root>/results/s3_native/s3_native_confirmatory_20260716/systems/surveygen/mature_deep_reinforcement_learning/raw/sections/01_02_Classical_Reinforcement_Learning_Algorithms.json
📊 Token : prompt=16347 | completion=348 | total=16695
📈 Token : prompt=32702 | completion=799 | total=33501

===== Generating Section 1/5: "Foundations of Reinforcement Learning and Deep Learning" - Subsection 3/5: "Deep Neural Network Architectures for RL" =====
📖 Overall progress: 3/31 subsections
✅ Save: <package-root>/results/s3_native/s3_native_confirmatory_20260716/systems/surveygen/mature_deep_reinforcement_learning/raw/sections/01_03_Deep_Neural_Network_Architectures_for_RL.json
📊 Token : prompt=16351 | completion=419 | total=16770
📈 Token : prompt=49053 | completion=1218 | total=50271

===== Generating Section 1/5: "Foundations of Reinforcement Learning and Deep Learning" - Subsection 4/5: "Function Approximation in Reinforcement Learning" =====
📖 Overall progress: 4/31 subsections
✅ Save: <package-root>/results/s3_native/s3_native_confirmatory_20260716/systems/surveygen/mature_deep_reinforcement_learning/raw/sections/01_04_Function_Approximation_in_Reinforcement_Learning.json
📊 Token : prompt=16351 | completion=469 | total=16820
📈 Token : prompt=65404 | completion=1687 | total=67091

===== Generating Section 1/5: "Foundations of Reinforcement Learning and Deep Learning" - Subsection 5/5: "Exploration vs. Exploitation Trade-off" =====
📖 Overall progress: 5/31 subsections
✅ Save: <package-root>/results/s3_native/s3_native_confirmatory_20260716/systems/surveygen/mature_deep_reinforcement_learning/raw/sections/01_05_Exploration_vs._Exploitation_Trade-off.json
📊 Token : prompt=16351 | completion=481 | total=16832
📈 Token : prompt=81755 | completion=2168 | total=83923

===== Generating Section 2/5: "Core Deep Reinforcement Learning Algorithms" - Subsection 1/6: "Value-Based Methods: DQN and Its Extensions" =====
📖 Overall progress: 6/31 subsections
✅ Save: <package-root>/results/s3_native/s3_native_confirmatory_20260716/systems/surveygen/mature_deep_reinforcement_learning/raw/sections/02_01_Value-Based_Methods_DQN_and_Its_Extensions.json
📊 Token : prompt=16355 | completion=479 | total=16834
📈 Token : prompt=98110 | completion=2647 | total=100757

===== Generating Section 2/5: "Core Deep Reinforcement Learning Algorithms" - Subsection 2/6: "Policy Gradient Methods" =====
📖 Overall progress: 7/31 subsections
✅ Save: <package-root>/results/s3_native/s3_native_confirmatory_20260716/systems/surveygen/mature_deep_reinforcement_learning/raw/sections/02_02_Policy_Gradient_Methods.json
📊 Token : prompt=16341 | completion=418 | total=16759
📈 Token : prompt=114451 | completion=3065 | total=117516

===== Generating Section 2/5: "Core Deep Reinforcement Learning Algorithms" - Subsection 3/6: "Trust Region and Proximal Policy Optimization" =====
📖 Overall progress: 8/31 subsections
✅ Save: <package-root>/results/s3_native/s3_native_confirmatory_20260716/systems/surveygen/mature_deep_reinforcement_learning/raw/sections/02_03_Trust_Region_and_Proximal_Policy_Optimization.json
📊 Token : prompt=16351 | completion=356 | total=16707
📈 Token : prompt=130802 | completion=3421 | total=134223

===== Generating Section 2/5: "Core Deep Reinforcement Learning Algorithms" - Subsection 4/6: "Actor-Critic Architectures" =====
📖 Overall progress: 9/31 subsections
✅ Save: <package-root>/results/s3_native/s3_native_confirmatory_20260716/systems/surveygen/mature_deep_reinforcement_learning/raw/sections/02_04_Actor-Critic_Architectures.json
📊 Token : prompt=16347 | completion=455 | total=16802
📈 Token : prompt=147149 | completion=3876 | total=151025

===== Generating Section 2/5: "Core Deep Reinforcement Learning Algorithms" - Subsection 5/6: "Off-Policy Continuous Control: DDPG, TD3, and SAC" =====
📖 Overall progress: 10/31 subsections
✅ Save: <package-root>/results/s3_native/s3_native_confirmatory_20260716/systems/surveygen/mature_deep_reinforcement_learning/raw/sections/02_05_Off-Policy_Continuous_Control_DDPG_TD3_and_SAC.json
📊 Token : prompt=16369 | completion=416 | total=16785
📈 Token : prompt=163518 | completion=4292 | total=167810

===== Generating Section 2/5: "Core Deep Reinforcement Learning Algorithms" - Subsection 6/6: "Model-Based Deep Reinforcement Learning" =====
📖 Overall progress: 11/31 subsections
✅ Save: <package-root>/results/s3_native/s3_native_confirmatory_20260716/systems/surveygen/mature_deep_reinforcement_learning/raw/sections/02_06_Model-Based_Deep_Reinforcement_Learning.json
📊 Token : prompt=16349 | completion=367 | total=16716
📈 Token : prompt=179867 | completion=4659 | total=184526

===== Generating Section 3/5: "Key Challenges and Advanced Techniques in Deep Reinforcement Learning" - Subsection 1/7: "Sample Efficiency and Data Augmentation" =====
📖 Overall progress: 12/31 subsections
✅ Save: <package-root>/results/s3_native/s3_native_confirmatory_20260716/systems/surveygen/mature_deep_reinforcement_learning/raw/sections/03_01_Sample_Efficiency_and_Data_Augmentation.json
📊 Token : prompt=16349 | completion=523 | total=16872
📈 Token : prompt=196216 | completion=5182 | total=201398

===== Generating Section 3/5: "Key Challenges and Advanced Techniques in Deep Reinforcement Learning" - Subsection 2/7: "Exploration in Sparse Reward Environments" =====
📖 Overall progress: 13/31 subsections
✅ Save: <package-root>/results/s3_native/s3_native_confirmatory_20260716/systems/surveygen/mature_deep_reinforcement_learning/raw/sections/03_02_Exploration_in_Sparse_Reward_Environments.json
📊 Token : prompt=16351 | completion=460 | total=16811
📈 Token : prompt=212567 | completion=5642 | total=218209

===== Generating Section 3/5: "Key Challenges and Advanced Techniques in Deep Reinforcement Learning" - Subsection 3/7: "Stability and Convergence Issues" =====
📖 Overall progress: 14/31 subsections
✅ Save: <package-root>/results/s3_native/s3_native_confirmatory_20260716/systems/surveygen/mature_deep_reinforcement_learning/raw/sections/03_03_Stability_and_Convergence_Issues.json
📊 Token : prompt=16347 | completion=528 | total=16875
📈 Token : prompt=228914 | completion=6170 | total=235084

===== Generating Section 3/5: "Key Challenges and Advanced Techniques in Deep Reinforcement Learning" - Subsection 4/7: "Loss of Plasticity and Continual Learning" =====
📖 Overall progress: 15/31 subsections
✅ Save: <package-root>/results/s3_native/s3_native_confirmatory_20260716/systems/surveygen/mature_deep_reinforcement_learning/raw/sections/03_04_Loss_of_Plasticity_and_Continual_Learning.json
📊 Token : prompt=16353 | completion=374 | total=16727
📈 Token : prompt=245267 | completion=6544 | total=251811

===== Generating Section 3/5: "Key Challenges and Advanced Techniques in Deep Reinforcement Learning" - Subsection 5/7: "Transfer Learning and Generalization" =====
📖 Overall progress: 16/31 subsections
✅ Save: <package-root>/results/s3_native/s3_native_confirmatory_20260716/systems/surveygen/mature_deep_reinforcement_learning/raw/sections/03_05_Transfer_Learning_and_Generalization.json
📊 Token : prompt=16345 | completion=427 | total=16772
📈 Token : prompt=261612 | completion=6971 | total=268583

===== Generating Section 3/5: "Key Challenges and Advanced Techniques in Deep Reinforcement Learning" - Subsection 6/7: "Multi-Agent Reinforcement Learning" =====
📖 Overall progress: 17/31 subsections
✅ Save: <package-root>/results/s3_native/s3_native_confirmatory_20260716/systems/surveygen/mature_deep_reinforcement_learning/raw/sections/03_06_Multi-Agent_Reinforcement_Learning.json
📊 Token : prompt=16347 | completion=398 | total=16745
📈 Token : prompt=277959 | completion=7369 | total=285328

===== Generating Section 3/5: "Key Challenges and Advanced Techniques in Deep Reinforcement Learning" - Subsection 7/7: "Reproducibility and Experimental Rigor" =====
📖 Overall progress: 18/31 subsections
✅ Save: <package-root>/results/s3_native/s3_native_confirmatory_20260716/systems/surveygen/mature_deep_reinforcement_learning/raw/sections/03_07_Reproducibility_and_Experimental_Rigor.json
📊 Token : prompt=16351 | completion=348 | total=16699
📈 Token : prompt=294310 | completion=7717 | total=302027

===== Generating Section 4/5: "Applications of Deep Reinforcement Learning" - Subsection 1/7: "Game Playing and Simulated Environments" =====
📖 Overall progress: 19/31 subsections
✅ Save: <package-root>/results/s3_native/s3_native_confirmatory_20260716/systems/surveygen/mature_deep_reinforcement_learning/raw/sections/04_01_Game_Playing_and_Simulated_Environments.json
📊 Token : prompt=16349 | completion=622 | total=16971
📈 Token : prompt=310659 | completion=8339 | total=318998

===== Generating Section 4/5: "Applications of Deep Reinforcement Learning" - Subsection 2/7: "Robotics and Autonomous Control" =====
📖 Overall progress: 20/31 subsections
✅ Save: <package-root>/results/s3_native/s3_native_confirmatory_20260716/systems/surveygen/mature_deep_reinforcement_learning/raw/sections/04_02_Robotics_and_Autonomous_Control.json
📊 Token : prompt=16347 | completion=496 | total=16843
📈 Token : prompt=327006 | completion=8835 | total=335841

===== Generating Section 4/5: "Applications of Deep Reinforcement Learning" - Subsection 3/7: "Autonomous Driving and Navigation" =====
📖 Overall progress: 21/31 subsections
✅ Save: <package-root>/results/s3_native/s3_native_confirmatory_20260716/systems/surveygen/mature_deep_reinforcement_learning/raw/sections/04_03_Autonomous_Driving_and_Navigation.json
📊 Token : prompt=16345 | completion=345 | total=16690
📈 Token : prompt=343351 | completion=9180 | total=352531

===== Generating Section 4/5: "Applications of Deep Reinforcement Learning" - Subsection 4/7: "Communications and Networking" =====
📖 Overall progress: 22/31 subsections
✅ Save: <package-root>/results/s3_native/s3_native_confirmatory_20260716/systems/surveygen/mature_deep_reinforcement_learning/raw/sections/04_04_Communications_and_Networking.json
📊 Token : prompt=16341 | completion=533 | total=16874
📈 Token : prompt=359692 | completion=9713 | total=369405

===== Generating Section 4/5: "Applications of Deep Reinforcement Learning" - Subsection 5/7: "Healthcare and Scientific Discovery" =====
📖 Overall progress: 23/31 subsections
✅ Save: <package-root>/results/s3_native/s3_native_confirmatory_20260716/systems/surveygen/mature_deep_reinforcement_learning/raw/sections/04_05_Healthcare_and_Scientific_Discovery.json
📊 Token : prompt=16341 | completion=389 | total=16730
📈 Token : prompt=376033 | completion=10102 | total=386135

===== Generating Section 4/5: "Applications of Deep Reinforcement Learning" - Subsection 6/7: "Natural Language Processing and Dialogue Systems" =====
📖 Overall progress: 24/31 subsections
✅ Save: <package-root>/results/s3_native/s3_native_confirmatory_20260716/systems/surveygen/mature_deep_reinforcement_learning/raw/sections/04_06_Natural_Language_Processing_and_Dialogue_Systems.json
📊 Token : prompt=16347 | completion=365 | total=16712
📈 Token : prompt=392380 | completion=10467 | total=402847

===== Generating Section 4/5: "Applications of Deep Reinforcement Learning" - Subsection 7/7: "Combinatorial Optimization and Algorithm Discovery" =====
📖 Overall progress: 25/31 subsections
✅ Save: <package-root>/results/s3_native/s3_native_confirmatory_20260716/systems/surveygen/mature_deep_reinforcement_learning/raw/sections/04_07_Combinatorial_Optimization_and_Algorithm_Discovery.json
📊 Token : prompt=16349 | completion=297 | total=16646
📈 Token : prompt=408729 | completion=10764 | total=419493

===== Generating Section 5/5: "Emerging Directions and Future Perspectives" - Subsection 1/6: "Safe and Constrained Reinforcement Learning" =====
📖 Overall progress: 26/31 subsections
✅ Save: <package-root>/results/s3_native/s3_native_confirmatory_20260716/systems/surveygen/mature_deep_reinforcement_learning/raw/sections/05_01_Safe_and_Constrained_Reinforcement_Learning.json
📊 Token : prompt=16351 | completion=390 | total=16741
📈 Token : prompt=425080 | completion=11154 | total=436234

===== Generating Section 5/5: "Emerging Directions and Future Perspectives" - Subsection 2/6: "Explainability and Interpretability in Deep RL" =====
📖 Overall progress: 27/31 subsections
✅ Save: <package-root>/results/s3_native/s3_native_confirmatory_20260716/systems/surveygen/mature_deep_reinforcement_learning/raw/sections/05_02_Explainability_and_Interpretability_in_Deep_RL.json
📊 Token : prompt=16357 | completion=281 | total=16638
📈 Token : prompt=441437 | completion=11435 | total=452872

===== Generating Section 5/5: "Emerging Directions and Future Perspectives" - Subsection 3/6: "Federated and Decentralized Deep Reinforcement Learning" =====
📖 Overall progress: 28/31 subsections
✅ Save: <package-root>/results/s3_native/s3_native_confirmatory_20260716/systems/surveygen/mature_deep_reinforcement_learning/raw/sections/05_03_Federated_and_Decentralized_Deep_Reinforcement_Learning.json
📊 Token : prompt=16359 | completion=436 | total=16795
📈 Token : prompt=457796 | completion=11871 | total=469667

===== Generating Section 5/5: "Emerging Directions and Future Perspectives" - Subsection 4/6: "Scalability and Real-World Deployment" =====
📖 Overall progress: 29/31 subsections
✅ Save: <package-root>/results/s3_native/s3_native_confirmatory_20260716/systems/surveygen/mature_deep_reinforcement_learning/raw/sections/05_04_Scalability_and_Real-World_Deployment.json
📊 Token : prompt=16351 | completion=522 | total=16873
📈 Token : prompt=474147 | completion=12393 | total=486540

===== Generating Section 5/5: "Emerging Directions and Future Perspectives" - Subsection 5/6: "Integration with Large Pretrained Models" =====
📖 Overall progress: 30/31 subsections
✅ Save: <package-root>/results/s3_native/s3_native_confirmatory_20260716/systems/surveygen/mature_deep_reinforcement_learning/raw/sections/05_05_Integration_with_Large_Pretrained_Models.json
📊 Token : prompt=16347 | completion=325 | total=16672
📈 Token : prompt=490494 | completion=12718 | total=503212

===== Generating Section 5/5: "Emerging Directions and Future Perspectives" - Subsection 6/6: "Theoretical Foundations and Open Problems" =====
📖 Overall progress: 31/31 subsections
✅ Save: <package-root>/results/s3_native/s3_native_confirmatory_20260716/systems/surveygen/mature_deep_reinforcement_learning/raw/sections/05_06_Theoretical_Foundations_and_Open_Problems.json
📊 Token : prompt=16347 | completion=630 | total=16977
📈 Token : prompt=506841 | completion=13348 | total=520189

🎉 All 31 subsections generated, bundled and saved to <package-root>/results/s3_native/s3_native_confirmatory_20260716/systems/surveygen/mature_deep_reinforcement_learning/raw/survey_content.json
⏱ Total time: 8.1 minutes (483.1 seconds)
[2026-07-16T04:15:13Z] returncode=0 elapsed_seconds=1980.702 timed_out=False
